Archive member included to satisfy reference by file (symbol)

c:/program files/microchip/xc32/v4.35/bin/bin/../../lib/gcc/pic32c/8.3.1/../../../../pic32c/lib/thumb/v7e-m+fp/hard\libpic32c.a(data_init.o)
                              build/default/debug/_ext/1171490990/startup_xc32.o (__pic32c_data_initialization)
c:/program files/microchip/xc32/v4.35/bin/bin/../../lib/gcc/pic32c/8.3.1/../../../../pic32c/lib/thumb/v7e-m+fp/hard\libg-musl.a(__libc_start_main.o)
                              build/default/debug/_ext/1171490990/startup_xc32.o (__libc_init_array)
c:/program files/microchip/xc32/v4.35/bin/bin/../../lib/gcc/pic32c/8.3.1/../../../../pic32c/lib/thumb/v7e-m+fp/hard\libg-musl.a(libc.o)
                              c:/program files/microchip/xc32/v4.35/bin/bin/../../lib/gcc/pic32c/8.3.1/../../../../pic32c/lib/thumb/v7e-m+fp/hard\libg-musl.a(__libc_start_main.o) (__progname_full)
c:/program files/microchip/xc32/v4.35/bin/bin/../../lib/gcc/pic32c/8.3.1/../../../../pic32c/lib/thumb/v7e-m+fp/hard\libg-musl.a(memcpy.o)
                              build/default/debug/_ext/60165182/plib_can0.o (memcpy)
c:/program files/microchip/xc32/v4.35/bin/bin/../../lib/gcc/pic32c/8.3.1/../../../../pic32c/lib/thumb/v7e-m+fp/hard\libg-musl.a(memset.o)
                              build/default/debug/_ext/60165182/plib_can0.o (memset)
c:/program files/microchip/xc32/v4.35/bin/bin/../../lib/gcc/pic32c/8.3.1/../../../../pic32c/lib/thumb/v7e-m+fp/hard\libg-musl.a(__environ.o)
                              c:/program files/microchip/xc32/v4.35/bin/bin/../../lib/gcc/pic32c/8.3.1/../../../../pic32c/lib/thumb/v7e-m+fp/hard\libg-musl.a(__libc_start_main.o) (__environ)
c:/program files/microchip/xc32/v4.35/bin/bin/../../lib/gcc/pic32c/8.3.1/../../../../pic32c/lib/thumb/v7e-m+fp/hard\libpic32c.a(pic32_data_init_clear.o)
                              (__dinit_clear_needed)
c:/program files/microchip/xc32/v4.35/bin/bin/../../lib/gcc/pic32c/8.3.1/../../../../pic32c/lib/thumb/v7e-m+fp/hard\libpic32c.a(pic32_data_init_copy.o)
                              (__dinit_copy_needed)

Microchip PIC32 Memory-Usage Report

ROM Program-Memory Usage
section                    address  length [bytes]      (dec)  Description
-------                 ----------  -------------------------  -----------
.vectors                    0x2000          0x260         608   
.text                       0x2260           0x20          32  App's exec code 
.text.MET_Can_Protocol_     0x2280          0x40c        1036   
.text.Power_1564us_Loop     0x268c          0x394         916   
.text.CAN0_InterruptHan     0x2a20          0x190         400   
.text.BusHwLoop             0x2bb0          0x188         392   
.text.CLOCK_Initialize      0x2d38          0x160         352   
.text.MET_Can_Protocol_     0x2e98          0x124         292   
.dinit                      0x2fbc           0xf0         240   
.text.CAN0_MessageTrans     0x30ac           0xac         172   
.text.ApplicationProtoc     0x3158           0xa4         164   
.text.CAN0_MessageRAMCo     0x31fc           0xa0         160   
.text.PORT_Initialize       0x329c           0x98         152   
.text.Reset_Handler         0x3334           0x94         148   
.text.initPowerOff          0x33c8           0x8c         140   
.text.CAN0_Initialize       0x3454           0x88         136   
.text.main                  0x34dc           0x84         132   
.text.BusHwInit             0x3560           0x70         112   
.text.ADC0_Initialize       0x35d0           0x5c          92   
.text.ADC1_Initialize       0x362c           0x5c          92   
.text.__libc_start_init     0x3688           0x5c          92   
.text.MET_Can_AppRestar     0x36e4           0x58          88   
.text.GeneratorLoop         0x373c           0x50          80   
.text.CAN0_MessageRecei     0x378c           0x4c          76   
.text.PowerModule_reque     0x37d8           0x4c          76   
.text.__pic32c_data_ini     0x3824           0x4c          76   
.text.RTC_Initialize        0x3870           0x44          68   
.text                       0x38b4           0x40          64  App's exec code 
.text.MET_Can_Protocol_     0x38f4           0x40          64   
.text.CAN0_ErrorGet         0x3934           0x40          64   
.text.NVIC_Initialize       0x3974           0x40          64   
.text.PowerModule_abort     0x39b4           0x40          64   
.text.MET_Can_Protocol_     0x39f4           0x38          56   
.text.MET_Can_Protocol_     0x3a2c           0x38          56   
.text.MET_Can_Protocol_     0x3a64           0x38          56   
.text.rtcEventHandler       0x3a9c           0x38          56   
.text.PowerInit             0x3ad4           0x34          52   
.text.ApplicationProtoc     0x3b08           0x32          50   
.text.Protocol_7280_us_     0x3b3a            0x2           2   
.text.MET_Can_Protocol_     0x3b3c           0x30          48   
.text.TC0_CompareInitia     0x3b6c           0x30          48   
[...]
Memory Configuration

Name             Origin             Length             Attributes
rom              0x00002000         0x000fe000         xrl
ram              0x20000010         0x0003fff0         xw !r
tcm              0x03000000         0x00000000         xw
config_00804000  0x00804000         0x00000004
config_00804008  0x00804008         0x00000004
config_00804004  0x00804004         0x00000004
*default*        0x00000000         0xffffffff

Linker script and memory map

LOAD c:/program files/microchip/xc32/v4.35/bin/bin/../../lib/gcc/pic32c/8.3.1/thumb/v7e-m+fp/hard/crti.o
LOAD c:/program files/microchip/xc32/v4.35/bin/bin/../../lib/gcc/pic32c/8.3.1/thumb/v7e-m+fp/hard/crtbegin.o
LOAD build/default/debug/_ext/2126997906/bushw.o
LOAD build/default/debug/_ext/1894469536/MET_can_protocol.o
LOAD build/default/debug/_ext/1042908558/protocol.o
LOAD build/default/debug/_ext/60163342/plib_adc0.o
LOAD build/default/debug/_ext/60163342/plib_adc1.o
LOAD build/default/debug/_ext/60165182/plib_can0.o
LOAD build/default/debug/_ext/1984496892/plib_clock.o
LOAD build/default/debug/_ext/1865131932/plib_cmcc.o
LOAD build/default/debug/_ext/1986646378/plib_evsys.o
LOAD build/default/debug/_ext/1865468468/plib_nvic.o
LOAD build/default/debug/_ext/1593096446/plib_nvmctrl.o
LOAD build/default/debug/_ext/1865521619/plib_port.o
LOAD build/default/debug/_ext/60180175/plib_rtc_timer.o
LOAD build/default/debug/_ext/829342655/plib_tc0.o
LOAD build/default/debug/_ext/163028504/xc32_monitor.o
LOAD build/default/debug/_ext/1171490990/initialization.o
LOAD build/default/debug/_ext/1171490990/interrupts.o
LOAD build/default/debug/_ext/1171490990/exceptions.o
LOAD build/default/debug/_ext/1171490990/startup_xc32.o
LOAD build/default/debug/_ext/1171490990/libc_syscalls.o
LOAD build/default/debug/_ext/31884679/generator.o
LOAD build/default/debug/_ext/1554269333/power.o
LOAD build/default/debug/_ext/1360937237/main.o
                0x00000001                __MPLAB_BUILD = 0x1
                0x00100000                __rom_end = (ORIGIN (rom) + LENGTH (rom))
                0x20040000                __ram_end = (ORIGIN (ram) + LENGTH (ram))

.config_00804000
 *(.config_00804000)

.config_00804008
 *(.config_00804008)

.config_00804004
 *(.config_00804004)

.vectors        0x00002000      0x260
                0x00002000                . = ALIGN (0x4)
                0x00002000                _sfixed = .
 *(.vectors .vectors.* .vectors_default .vectors_default.*)
 .vectors.exception_table
                0x00002000      0x260 build/default/debug/_ext/1171490990/interrupts.o
                0x00002000                exception_table
 *(.isr_vector)
 *(.reset*)
 *(.after_vectors)

.text           0x00002260       0x20
                0x00002260                . = ALIGN (0x4)
 *(.glue_7t)
 .glue_7t       0x00002260        0x0 linker stubs
 *(.glue_7)
 .glue_7        0x00002260        0x0 linker stubs
 *(.gnu.linkonce.r.*)
 *(.ARM.extab* .gnu.linkonce.armextab.*)
                0x00002260                . = ALIGN (0x4)
 *(.init)
 .init          0x00002260        0x4 c:/program files/microchip/xc32/v4.35/bin/bin/../../lib/gcc/pic32c/8.3.1/thumb/v7e-m+fp/hard/crti.o
                0x00002260                _init
 .init          0x00002264        0x8 c:/program files/microchip/xc32/v4.35/bin/bin/../../lib/gcc/pic32c/8.3.1/thumb/v7e-m+fp/hard/crtn.o
                0x0000226c                . = ALIGN (0x4)
                0x0000226c                __preinit_array_start = .
 *(.preinit_array)
                0x0000226c                __preinit_array_end = .
                0x0000226c                . = ALIGN (0x4)
                0x0000226c                __init_array_start = .
 *(SORT_BY_NAME(.init_array.*))
 *(.init_array)
 .init_array    0x0000226c        0x4 c:/program files/microchip/xc32/v4.35/bin/bin/../../lib/gcc/pic32c/8.3.1/thumb/v7e-m+fp/hard/crtbegin.o
                0x00002270                __init_array_end = .
                0x00002270                . = ALIGN (0x4)
 *crtbegin.o(.ctors)
 *(EXCLUDE_FILE(*crtend.o) .ctors)
 *(SORT_BY_NAME(.ctors.*))
 *crtend.o(.ctors)
                0x00002270                . = ALIGN (0x4)
 *(.fini)
 .fini          0x00002270        0x4 c:/program files/microchip/xc32/v4.35/bin/bin/../../lib/gcc/pic32c/8.3.1/thumb/v7e-m+fp/hard/crti.o
                0x00002270                _fini
 .fini          0x00002274        0x8 c:/program files/microchip/xc32/v4.35/bin/bin/../../lib/gcc/pic32c/8.3.1/thumb/v7e-m+fp/hard/crtn.o
                0x0000227c                . = ALIGN (0x4)
                0x0000227c                __fini_array_start = .
 *(.fini_array)
 .fini_array    0x0000227c        0x4 c:/program files/microchip/xc32/v4.35/bin/bin/../../lib/gcc/pic32c/8.3.1/thumb/v7e-m+fp/hard/crtbegin.o
 *(SORT_BY_NAME(.fini_array.*))
                0x00002280                __fini_array_end = .
 *crtbegin.o(.dtors)
 *(EXCLUDE_FILE(*crtend.o) .dtors)
 *(SORT_BY_NAME(.dtors.*))
 *crtend.o(.dtors)
                0x00002280                . = ALIGN (0x4)
                0x00002280                _efixed = .
                [!provide]                PROVIDE (__exidx_start = .)

.ARM.exidx
 *(.ARM.exidx* .gnu.linkonce.armexidx.*)
                [!provide]                PROVIDE (__exidx_end = .)
                0x00002280                . = ALIGN (0x4)
                0x00002280                _etext = .

.bss            0x20000010        0x0
                0x20000010                . = ALIGN (0x4)
                0x20000010                __bss_start__ = .
                0x20000010                _sbss = .
                0x20000010                _szero = .
 *(COMMON)
                0x20000010                . = ALIGN (0x4)
                0x20000010                __bss_end__ = .
                0x20000010                _ebss = .
                0x20000010                _ezero = .
                0x20000010                . = ALIGN (0x4)
                0x20000010                _end = .
                0x2003ffff                _ram_end_ = ((ORIGIN (ram) + LENGTH (ram)) - 0x1)
                0x00000001                __ICD2RAM = 0x1
                0x00000001                __MPLAB_DEBUG = 0x1
                0x00000001                __DEBUG = 0x1
                0x00000200                _min_heap_size = 0x200
START GROUP
LOAD c:/program files/microchip/xc32/v4.35/bin/bin/../../lib/gcc/pic32c/8.3.1/../../../../pic32c/lib/thumb/v7e-m+fp/hard\libpic32c.a
LOAD c:/program files/microchip/xc32/v4.35/bin/bin/../../lib/gcc/pic32c/8.3.1/../../../../pic32c/lib/thumb/v7e-m+fp/hard\libm-fast-emfloat.a
LOAD c:/program files/microchip/xc32/v4.35/bin/bin/../../lib/gcc/pic32c/8.3.1/../../../../pic32c/lib/thumb/v7e-m+fp/hard\libg-musl.a
LOAD c:/program files/microchip/xc32/v4.35/bin/bin/../../lib/gcc/pic32c/8.3.1/../../../../pic32c/lib/thumb/v7e-m+fp/hard\libc-musl.a
LOAD c:/program files/microchip/xc32/v4.35/bin/bin/../../lib/gcc/pic32c/8.3.1/../../../../pic32c/lib/thumb/v7e-m+fp/hard\libm-fast-emfloat.a
LOAD c:/program files/microchip/xc32/v4.35/bin/bin/../../lib/gcc/pic32c/8.3.1/thumb/v7e-m+fp/hard\libgcc.a
END GROUP
LOAD c:/program files/microchip/xc32/v4.35/bin/bin/../../lib/gcc/pic32c/8.3.1/thumb/v7e-m+fp/hard/crtend.o
LOAD c:/program files/microchip/xc32/v4.35/bin/bin/../../lib/gcc/pic32c/8.3.1/thumb/v7e-m+fp/hard/crtn.o
OUTPUT(dist/default/debug/FW301.X.debug.elf elf32-littlearm)
LOAD data_init
LOAD stack

.ARM.attributes
                0x00000000       0x34
 .ARM.attributes
                0x00000000       0x1e c:/program files/microchip/xc32/v4.35/bin/bin/../../lib/gcc/pic32c/8.3.1/thumb/v7e-m+fp/hard/crti.o
 .ARM.attributes
                0x0000001e       0x34 c:/program files/microchip/xc32/v4.35/bin/bin/../../lib/gcc/pic32c/8.3.1/thumb/v7e-m+fp/hard/crtbegin.o
 .ARM.attributes
                0x00000052       0x34 build/default/debug/_ext/2126997906/bushw.o
 .ARM.attributes
                0x00000086       0x34 build/default/debug/_ext/1894469536/MET_can_protocol.o
 .ARM.attributes
                0x000000ba       0x34 build/default/debug/_ext/1042908558/protocol.o
 .ARM.attributes
                0x000000ee       0x34 build/default/debug/_ext/60163342/plib_adc0.o
 .ARM.attributes
                0x00000122       0x34 build/default/debug/_ext/60163342/plib_adc1.o
 .ARM.attributes
                0x00000156       0x34 build/default/debug/_ext/60165182/plib_can0.o
 .ARM.attributes
                0x0000018a       0x34 build/default/debug/_ext/1984496892/plib_clock.o
 .ARM.attributes
                0x000001be       0x34 build/default/debug/_ext/1986646378/plib_evsys.o
 .ARM.attributes
                0x000001f2       0x34 build/default/debug/_ext/1865468468/plib_nvic.o
 .ARM.attributes
                0x00000226       0x34 build/default/debug/_ext/1593096446/plib_nvmctrl.o
 .ARM.attributes
                0x0000025a       0x34 build/default/debug/_ext/1865521619/plib_port.o
 .ARM.attributes
                0x0000028e       0x34 build/default/debug/_ext/60180175/plib_rtc_timer.o
 .ARM.attributes
                0x000002c2       0x34 build/default/debug/_ext/829342655/plib_tc0.o
 .ARM.attributes
                0x000002f6       0x34 build/default/debug/_ext/1171490990/initialization.o
 .ARM.attributes
                0x0000032a       0x34 build/default/debug/_ext/1171490990/interrupts.o
 .ARM.attributes
                0x0000035e       0x34 build/default/debug/_ext/1171490990/exceptions.o
 .ARM.attributes
                0x00000392       0x34 build/default/debug/_ext/1171490990/startup_xc32.o
 .ARM.attributes
                0x000003c6       0x34 build/default/debug/_ext/31884679/generator.o
 .ARM.attributes
                0x000003fa       0x34 build/default/debug/_ext/1554269333/power.o
 .ARM.attributes
                0x0000042e       0x34 build/default/debug/_ext/1360937237/main.o
 .ARM.attributes
                0x00000462       0x34 c:/program files/microchip/xc32/v4.35/bin/bin/../../lib/gcc/pic32c/8.3.1/../../../../pic32c/lib/thumb/v7e-m+fp/hard\libpic32c.a(data_init.o)
 .ARM.attributes
                0x00000496       0x36 c:/program files/microchip/xc32/v4.35/bin/bin/../../lib/gcc/pic32c/8.3.1/../../../../pic32c/lib/thumb/v7e-m+fp/hard\libg-musl.a(__libc_start_main.o)
 .ARM.attributes
                0x000004cc       0x34 c:/program files/microchip/xc32/v4.35/bin/bin/../../lib/gcc/pic32c/8.3.1/../../../../pic32c/lib/thumb/v7e-m+fp/hard\libg-musl.a(libc.o)
 .ARM.attributes
                0x00000500       0x36 c:/program files/microchip/xc32/v4.35/bin/bin/../../lib/gcc/pic32c/8.3.1/../../../../pic32c/lib/thumb/v7e-m+fp/hard\libg-musl.a(memcpy.o)
 .ARM.attributes
                0x00000536       0x36 c:/program files/microchip/xc32/v4.35/bin/bin/../../lib/gcc/pic32c/8.3.1/../../../../pic32c/lib/thumb/v7e-m+fp/hard\libg-musl.a(memset.o)
 .ARM.attributes
                0x0000056c       0x34 c:/program files/microchip/xc32/v4.35/bin/bin/../../lib/gcc/pic32c/8.3.1/../../../../pic32c/lib/thumb/v7e-m+fp/hard\libg-musl.a(__environ.o)
 .ARM.attributes
                0x000005a0       0x1e c:/program files/microchip/xc32/v4.35/bin/bin/../../lib/gcc/pic32c/8.3.1/thumb/v7e-m+fp/hard/crtn.o
 .ARM.attributes
                0x000005be       0x34 c:/program files/microchip/xc32/v4.35/bin/bin/../../lib/gcc/pic32c/8.3.1/../../../../pic32c/lib/thumb/v7e-m+fp/hard\libpic32c.a(pic32_data_init_clear.o)
 .ARM.attributes
                0x000005f2       0x34 c:/program files/microchip/xc32/v4.35/bin/bin/../../lib/gcc/pic32c/8.3.1/../../../../pic32c/lib/thumb/v7e-m+fp/hard\libpic32c.a(pic32_data_init_copy.o)

.comment        0x00000000       0x2b
 .comment       0x00000000       0x2b c:/program files/microchip/xc32/v4.35/bin/bin/../../lib/gcc/pic32c/8.3.1/thumb/v7e-m+fp/hard/crtbegin.o
                                 0x2c (size before relaxing)
 .comment       0x0000002b       0x2c build/default/debug/_ext/2126997906/bushw.o
 .comment       0x0000002b       0x2c build/default/debug/_ext/1894469536/MET_can_protocol.o
 .comment       0x0000002b       0x2c build/default/debug/_ext/1042908558/protocol.o
 .comment       0x0000002b       0x2c build/default/debug/_ext/60163342/plib_adc0.o
 .comment       0x0000002b       0x2c build/default/debug/_ext/60163342/plib_adc1.o
 .comment       0x0000002b       0x2c build/default/debug/_ext/60165182/plib_can0.o
 .comment       0x0000002b       0x2c build/default/debug/_ext/1984496892/plib_clock.o
 .comment       0x0000002b       0x2c build/default/debug/_ext/1986646378/plib_evsys.o
 .comment       0x0000002b       0x2c build/default/debug/_ext/1865468468/plib_nvic.o
 .comment       0x0000002b       0x2c build/default/debug/_ext/1593096446/plib_nvmctrl.o
 .comment       0x0000002b       0x2c build/default/debug/_ext/1865521619/plib_port.o
 .comment       0x0000002b       0x2c build/default/debug/_ext/60180175/plib_rtc_timer.o
 .comment       0x0000002b       0x2c build/default/debug/_ext/829342655/plib_tc0.o
 .comment       0x0000002b       0x2c build/default/debug/_ext/1171490990/initialization.o
 .comment       0x0000002b       0x2c build/default/debug/_ext/1171490990/interrupts.o
 .comment       0x0000002b       0x2c build/default/debug/_ext/1171490990/exceptions.o
 .comment       0x0000002b       0x2c build/default/debug/_ext/1171490990/startup_xc32.o
 .comment       0x0000002b       0x2c build/default/debug/_ext/31884679/generator.o
 .comment       0x0000002b       0x2c build/default/debug/_ext/1554269333/power.o
 .comment       0x0000002b       0x2c build/default/debug/_ext/1360937237/main.o
 .comment       0x0000002b       0x2c c:/program files/microchip/xc32/v4.35/bin/bin/../../lib/gcc/pic32c/8.3.1/../../../../pic32c/lib/thumb/v7e-m+fp/hard\libpic32c.a(data_init.o)
 .comment       0x0000002b       0x2c c:/program files/microchip/xc32/v4.35/bin/bin/../../lib/gcc/pic32c/8.3.1/../../../../pic32c/lib/thumb/v7e-m+fp/hard\libg-musl.a(__libc_start_main.o)
 .comment       0x0000002b       0x2c c:/program files/microchip/xc32/v4.35/bin/bin/../../lib/gcc/pic32c/8.3.1/../../../../pic32c/lib/thumb/v7e-m+fp/hard\libg-musl.a(libc.o)
 .comment       0x0000002b       0x2c c:/program files/microchip/xc32/v4.35/bin/bin/../../lib/gcc/pic32c/8.3.1/../../../../pic32c/lib/thumb/v7e-m+fp/hard\libg-musl.a(memcpy.o)
 .comment       0x0000002b       0x2c c:/program files/microchip/xc32/v4.35/bin/bin/../../lib/gcc/pic32c/8.3.1/../../../../pic32c/lib/thumb/v7e-m+fp/hard\libg-musl.a(memset.o)
 .comment       0x0000002b       0x2c c:/program files/microchip/xc32/v4.35/bin/bin/../../lib/gcc/pic32c/8.3.1/../../../../pic32c/lib/thumb/v7e-m+fp/hard\libg-musl.a(__environ.o)
 .comment       0x0000002b       0x2c c:/program files/microchip/xc32/v4.35/bin/bin/../../lib/gcc/pic32c/8.3.1/../../../../pic32c/lib/thumb/v7e-m+fp/hard\libpic32c.a(pic32_data_init_clear.o)
 .comment       0x0000002b       0x2c c:/program files/microchip/xc32/v4.35/bin/bin/../../lib/gcc/pic32c/8.3.1/../../../../pic32c/lib/thumb/v7e-m+fp/hard\libpic32c.a(pic32_data_init_copy.o)

.debug_info     0x00000000    0x12897
 .debug_info    0x00000000      0xa64 build/default/debug/_ext/2126997906/bushw.o
 .debug_info    0x00000a64     0x2035 build/default/debug/_ext/1894469536/MET_can_protocol.o
 .debug_info    0x00002a99      0x9fb build/default/debug/_ext/1042908558/protocol.o
 .debug_info    0x00003494      0xdd9 build/default/debug/_ext/60163342/plib_adc0.o
 .debug_info    0x0000426d      0xdd9 build/default/debug/_ext/60163342/plib_adc1.o
 .debug_info    0x00005046     0x1c4d build/default/debug/_ext/60165182/plib_can0.o
 .debug_info    0x00006c93      0xbc3 build/default/debug/_ext/1984496892/plib_clock.o
 .debug_info    0x00007856      0x327 build/default/debug/_ext/1986646378/plib_evsys.o
 .debug_info    0x00007b7d     0x1391 build/default/debug/_ext/1865468468/plib_nvic.o
 .debug_info    0x00008f0e      0xc5c build/default/debug/_ext/1593096446/plib_nvmctrl.o
 .debug_info    0x00009b6a      0xdd3 build/default/debug/_ext/1865521619/plib_port.o
 .debug_info    0x0000a93d      0xff1 build/default/debug/_ext/60180175/plib_rtc_timer.o
 .debug_info    0x0000b92e      0xc37 build/default/debug/_ext/829342655/plib_tc0.o
 .debug_info    0x0000c565      0x41c build/default/debug/_ext/1171490990/initialization.o
 .debug_info    0x0000c981     0x167e build/default/debug/_ext/1171490990/interrupts.o
 .debug_info    0x0000dfff      0x3e0 build/default/debug/_ext/1171490990/exceptions.o
 .debug_info    0x0000e3df      0x90c build/default/debug/_ext/1171490990/startup_xc32.o
 .debug_info    0x0000eceb      0x7ba build/default/debug/_ext/31884679/generator.o
 .debug_info    0x0000f4a5      0xfc2 build/default/debug/_ext/1554269333/power.o
 .debug_info    0x00010467      0x884 build/default/debug/_ext/1360937237/main.o
 .debug_info    0x00010ceb      0x2c3 c:/program files/microchip/xc32/v4.35/bin/bin/../../lib/gcc/pic32c/8.3.1/../../../../pic32c/lib/thumb/v7e-m+fp/hard\libpic32c.a(data_init.o)
 .debug_info    0x00010fae      0x620 c:/program files/microchip/xc32/v4.35/bin/bin/../../lib/gcc/pic32c/8.3.1/../../../../pic32c/lib/thumb/v7e-m+fp/hard\libg-musl.a(__libc_start_main.o)
 .debug_info    0x000115ce      0x532 c:/program files/microchip/xc32/v4.35/bin/bin/../../lib/gcc/pic32c/8.3.1/../../../../pic32c/lib/thumb/v7e-m+fp/hard\libg-musl.a(libc.o)
 .debug_info    0x00011b00      0x2f8 c:/program files/microchip/xc32/v4.35/bin/bin/../../lib/gcc/pic32c/8.3.1/../../../../pic32c/lib/thumb/v7e-m+fp/hard\libg-musl.a(memcpy.o)
 .debug_info    0x00011df8      0x2bc c:/program files/microchip/xc32/v4.35/bin/bin/../../lib/gcc/pic32c/8.3.1/../../../../pic32c/lib/thumb/v7e-m+fp/hard\libg-musl.a(memset.o)
 .debug_info    0x000120b4      0x2ac c:/program files/microchip/xc32/v4.35/bin/bin/../../lib/gcc/pic32c/8.3.1/../../../../pic32c/lib/thumb/v7e-m+fp/hard\libg-musl.a(__environ.o)
 .debug_info    0x00012360      0x29c c:/program files/microchip/xc32/v4.35/bin/bin/../../lib/gcc/pic32c/8.3.1/../../../../pic32c/lib/thumb/v7e-m+fp/hard\libpic32c.a(pic32_data_init_clear.o)
 .debug_info    0x000125fc      0x29b c:/program files/microchip/xc32/v4.35/bin/bin/../../lib/gcc/pic32c/8.3.1/../../../../pic32c/lib/thumb/v7e-m+fp/hard\libpic32c.a(pic32_data_init_copy.o)

.debug_abbrev   0x00000000     0x23f9
 .debug_abbrev  0x00000000      0x133 build/default/debug/_ext/2126997906/bushw.o
 .debug_abbrev  0x00000133      0x421 build/default/debug/_ext/1894469536/MET_can_protocol.o
 .debug_abbrev  0x00000554      0x132 build/default/debug/_ext/1042908558/protocol.o
 .debug_abbrev  0x00000686      0x18a build/default/debug/_ext/60163342/plib_adc0.o
 .debug_abbrev  0x00000810      0x18a build/default/debug/_ext/60163342/plib_adc1.o
 .debug_abbrev  0x0000099a      0x36b build/default/debug/_ext/60165182/plib_can0.o
 .debug_abbrev  0x00000d05      0x122 build/default/debug/_ext/1984496892/plib_clock.o
 .debug_abbrev  0x00000e27       0x3b build/default/debug/_ext/1986646378/plib_evsys.o
 .debug_abbrev  0x00000e62      0x204 build/default/debug/_ext/1865468468/plib_nvic.o
 .debug_abbrev  0x00001066      0x203 build/default/debug/_ext/1593096446/plib_nvmctrl.o
 .debug_abbrev  0x00001269      0x1d6 build/default/debug/_ext/1865521619/plib_port.o
 .debug_abbrev  0x0000143f      0x1e8 build/default/debug/_ext/60180175/plib_rtc_timer.o
 .debug_abbrev  0x00001627      0x19b build/default/debug/_ext/829342655/plib_tc0.o
 .debug_abbrev  0x000017c2       0x8b build/default/debug/_ext/1171490990/initialization.o
 .debug_abbrev  0x0000184d       0xb5 build/default/debug/_ext/1171490990/interrupts.o
 .debug_abbrev  0x00001902       0x3e build/default/debug/_ext/1171490990/exceptions.o
 .debug_abbrev  0x00001940      0x1f6 build/default/debug/_ext/1171490990/startup_xc32.o
 .debug_abbrev  0x00001b36      0x15c build/default/debug/_ext/31884679/generator.o
 .debug_abbrev  0x00001c92      0x221 build/default/debug/_ext/1554269333/power.o
 .debug_abbrev  0x00001eb3      0x14d build/default/debug/_ext/1360937237/main.o
 .debug_abbrev  0x00002000       0x44 c:/program files/microchip/xc32/v4.35/bin/bin/../../lib/gcc/pic32c/8.3.1/../../../../pic32c/lib/thumb/v7e-m+fp/hard\libpic32c.a(data_init.o)
 .debug_abbrev  0x00002044      0x117 c:/program files/microchip/xc32/v4.35/bin/bin/../../lib/gcc/pic32c/8.3.1/../../../../pic32c/lib/thumb/v7e-m+fp/hard\libg-musl.a(__libc_start_main.o)
 .debug_abbrev  0x0000215b       0xb8 c:/program files/microchip/xc32/v4.35/bin/bin/../../lib/gcc/pic32c/8.3.1/../../../../pic32c/lib/thumb/v7e-m+fp/hard\libg-musl.a(libc.o)
 .debug_abbrev  0x00002213       0x9c c:/program files/microchip/xc32/v4.35/bin/bin/../../lib/gcc/pic32c/8.3.1/../../../../pic32c/lib/thumb/v7e-m+fp/hard\libg-musl.a(memcpy.o)
 .debug_abbrev  0x000022af       0x97 c:/program files/microchip/xc32/v4.35/bin/bin/../../lib/gcc/pic32c/8.3.1/../../../../pic32c/lib/thumb/v7e-m+fp/hard\libg-musl.a(memset.o)
 .debug_abbrev  0x00002346       0x57 c:/program files/microchip/xc32/v4.35/bin/bin/../../lib/gcc/pic32c/8.3.1/../../../../pic32c/lib/thumb/v7e-m+fp/hard\libg-musl.a(__environ.o)
 .debug_abbrev  0x0000239d       0x2e c:/program files/microchip/xc32/v4.35/bin/bin/../../lib/gcc/pic32c/8.3.1/../../../../pic32c/lib/thumb/v7e-m+fp/hard\libpic32c.a(pic32_data_init_clear.o)
 .debug_abbrev  0x000023cb       0x2e c:/program files/microchip/xc32/v4.35/bin/bin/../../lib/gcc/pic32c/8.3.1/../../../../pic32c/lib/thumb/v7e-m+fp/hard\libpic32c.a(pic32_data_init_copy.o)

.debug_loc      0x00000000     0x25f0
 .debug_loc     0x00000000       0x40 build/default/debug/_ext/2126997906/bushw.o
 .debug_loc     0x00000040      0x9f3 build/default/debug/_ext/1894469536/MET_can_protocol.o
 .debug_loc     0x00000a33      0x218 build/default/debug/_ext/1042908558/protocol.o
 .debug_loc     0x00000c4b      0x129 build/default/debug/_ext/60163342/plib_adc0.o
 .debug_loc     0x00000d74      0x129 build/default/debug/_ext/60163342/plib_adc1.o
 .debug_loc     0x00000e9d      0x9fc build/default/debug/_ext/60165182/plib_can0.o
 .debug_loc     0x00001899       0xf9 build/default/debug/_ext/1865468468/plib_nvic.o
 .debug_loc     0x00001992      0x4bf build/default/debug/_ext/1593096446/plib_nvmctrl.o
 .debug_loc     0x00001e51      0x1e8 build/default/debug/_ext/1865521619/plib_port.o
 .debug_loc     0x00002039       0xb4 build/default/debug/_ext/60180175/plib_rtc_timer.o
 .debug_loc     0x000020ed      0x141 build/default/debug/_ext/829342655/plib_tc0.o
 .debug_loc     0x0000222e       0x45 build/default/debug/_ext/1171490990/initialization.o
 .debug_loc     0x00002273       0x60 build/default/debug/_ext/1171490990/startup_xc32.o
 .debug_loc     0x000022d3       0x20 build/default/debug/_ext/31884679/generator.o
 .debug_loc     0x000022f3       0xdc build/default/debug/_ext/1554269333/power.o
 .debug_loc     0x000023cf       0x20 build/default/debug/_ext/1360937237/main.o
 .debug_loc     0x000023ef       0x14 c:/program files/microchip/xc32/v4.35/bin/bin/../../lib/gcc/pic32c/8.3.1/../../../../pic32c/lib/thumb/v7e-m+fp/hard\libpic32c.a(data_init.o)
 .debug_loc     0x00002403       0x51 c:/program files/microchip/xc32/v4.35/bin/bin/../../lib/gcc/pic32c/8.3.1/../../../../pic32c/lib/thumb/v7e-m+fp/hard\libg-musl.a(__libc_start_main.o)
 .debug_loc     0x00002454      0x10b c:/program files/microchip/xc32/v4.35/bin/bin/../../lib/gcc/pic32c/8.3.1/../../../../pic32c/lib/thumb/v7e-m+fp/hard\libg-musl.a(memcpy.o)
 .debug_loc     0x0000255f       0x7d c:/program files/microchip/xc32/v4.35/bin/bin/../../lib/gcc/pic32c/8.3.1/../../../../pic32c/lib/thumb/v7e-m+fp/hard\libg-musl.a(memset.o)
 .debug_loc     0x000025dc       0x14 c:/program files/microchip/xc32/v4.35/bin/bin/../../lib/gcc/pic32c/8.3.1/../../../../pic32c/lib/thumb/v7e-m+fp/hard\libpic32c.a(pic32_data_init_copy.o)

.debug_aranges  0x00000000      0x7c8
 .debug_aranges
                0x00000000       0x28 build/default/debug/_ext/2126997906/bushw.o
 .debug_aranges
                0x00000028       0xc0 build/default/debug/_ext/1894469536/MET_can_protocol.o
 .debug_aranges
                0x000000e8       0x38 build/default/debug/_ext/1042908558/protocol.o
 .debug_aranges
                0x00000120       0x80 build/default/debug/_ext/60163342/plib_adc0.o
 .debug_aranges
                0x000001a0       0x80 build/default/debug/_ext/60163342/plib_adc1.o
 .debug_aranges
                0x00000220       0xa0 build/default/debug/_ext/60165182/plib_can0.o
 .debug_aranges
                0x000002c0       0x20 build/default/debug/_ext/1984496892/plib_clock.o
 .debug_aranges
                0x000002e0       0x20 build/default/debug/_ext/1986646378/plib_evsys.o
 .debug_aranges
                0x00000300       0x38 build/default/debug/_ext/1865468468/plib_nvic.o
 .debug_aranges
                0x00000338       0xb0 build/default/debug/_ext/1593096446/plib_nvmctrl.o
 .debug_aranges
                0x000003e8       0x70 build/default/debug/_ext/1865521619/plib_port.o
 .debug_aranges
                0x00000458       0xa0 build/default/debug/_ext/60180175/plib_rtc_timer.o
 .debug_aranges
                0x000004f8       0x78 build/default/debug/_ext/829342655/plib_tc0.o
 .debug_aranges
                0x00000570       0x20 build/default/debug/_ext/1171490990/initialization.o
 .debug_aranges
                0x00000590       0x20 build/default/debug/_ext/1171490990/interrupts.o
 .debug_aranges
                0x000005b0       0x48 build/default/debug/_ext/1171490990/exceptions.o
 .debug_aranges
                0x000005f8       0x28 build/default/debug/_ext/1171490990/startup_xc32.o
 .debug_aranges
                0x00000620       0x30 build/default/debug/_ext/31884679/generator.o
 .debug_aranges
                0x00000650       0x50 build/default/debug/_ext/1554269333/power.o
 .debug_aranges
                0x000006a0       0x28 build/default/debug/_ext/1360937237/main.o
 .debug_aranges
                0x000006c8       0x28 c:/program files/microchip/xc32/v4.35/bin/bin/../../lib/gcc/pic32c/8.3.1/../../../../pic32c/lib/thumb/v7e-m+fp/hard\libpic32c.a(data_init.o)
 .debug_aranges
                0x000006f0       0x28 c:/program files/microchip/xc32/v4.35/bin/bin/../../lib/gcc/pic32c/8.3.1/../../../../pic32c/lib/thumb/v7e-m+fp/hard\libg-musl.a(__libc_start_main.o)
 .debug_aranges
                0x00000718       0x18 c:/program files/microchip/xc32/v4.35/bin/bin/../../lib/gcc/pic32c/8.3.1/../../../../pic32c/lib/thumb/v7e-m+fp/hard\libg-musl.a(libc.o)
 .debug_aranges
                0x00000730       0x20 c:/program files/microchip/xc32/v4.35/bin/bin/../../lib/gcc/pic32c/8.3.1/../../../../pic32c/lib/thumb/v7e-m+fp/hard\libg-musl.a(memcpy.o)
 .debug_aranges
                0x00000750       0x20 c:/program files/microchip/xc32/v4.35/bin/bin/../../lib/gcc/pic32c/8.3.1/../../../../pic32c/lib/thumb/v7e-m+fp/hard\libg-musl.a(memset.o)
 .debug_aranges
                0x00000770       0x18 c:/program files/microchip/xc32/v4.35/bin/bin/../../lib/gcc/pic32c/8.3.1/../../../../pic32c/lib/thumb/v7e-m+fp/hard\libg-musl.a(__environ.o)
 .debug_aranges
                0x00000788       0x20 c:/program files/microchip/xc32/v4.35/bin/bin/../../lib/gcc/pic32c/8.3.1/../../../../pic32c/lib/thumb/v7e-m+fp/hard\libpic32c.a(pic32_data_init_clear.o)
 .debug_aranges
                0x000007a8       0x20 c:/program files/microchip/xc32/v4.35/bin/bin/../../lib/gcc/pic32c/8.3.1/../../../../pic32c/lib/thumb/v7e-m+fp/hard\libpic32c.a(pic32_data_init_copy.o)

.debug_ranges   0x00000000      0x6a8
 .debug_ranges  0x00000000       0x18 build/default/debug/_ext/2126997906/bushw.o
 .debug_ranges  0x00000018       0xe0 build/default/debug/_ext/1894469536/MET_can_protocol.o
 .debug_ranges  0x000000f8       0x28 build/default/debug/_ext/1042908558/protocol.o
 .debug_ranges  0x00000120       0x70 build/default/debug/_ext/60163342/plib_adc0.o
 .debug_ranges  0x00000190       0x70 build/default/debug/_ext/60163342/plib_adc1.o
 .debug_ranges  0x00000200       0xb0 build/default/debug/_ext/60165182/plib_can0.o
 .debug_ranges  0x000002b0       0x10 build/default/debug/_ext/1984496892/plib_clock.o
 .debug_ranges  0x000002c0       0x10 build/default/debug/_ext/1986646378/plib_evsys.o
 .debug_ranges  0x000002d0       0x28 build/default/debug/_ext/1865468468/plib_nvic.o
 .debug_ranges  0x000002f8       0xa0 build/default/debug/_ext/1593096446/plib_nvmctrl.o
 .debug_ranges  0x00000398       0x60 build/default/debug/_ext/1865521619/plib_port.o
 .debug_ranges  0x000003f8       0x90 build/default/debug/_ext/60180175/plib_rtc_timer.o
 .debug_ranges  0x00000488       0x68 build/default/debug/_ext/829342655/plib_tc0.o
 .debug_ranges  0x000004f0       0x10 build/default/debug/_ext/1171490990/initialization.o
 .debug_ranges  0x00000500       0x10 build/default/debug/_ext/1171490990/interrupts.o
 .debug_ranges  0x00000510       0x38 build/default/debug/_ext/1171490990/exceptions.o
 .debug_ranges  0x00000548       0x18 build/default/debug/_ext/1171490990/startup_xc32.o
 .debug_ranges  0x00000560       0x20 build/default/debug/_ext/31884679/generator.o
 .debug_ranges  0x00000580       0x78 build/default/debug/_ext/1554269333/power.o
 .debug_ranges  0x000005f8       0x18 build/default/debug/_ext/1360937237/main.o
 .debug_ranges  0x00000610       0x18 c:/program files/microchip/xc32/v4.35/bin/bin/../../lib/gcc/pic32c/8.3.1/../../../../pic32c/lib/thumb/v7e-m+fp/hard\libpic32c.a(data_init.o)
 .debug_ranges  0x00000628       0x40 c:/program files/microchip/xc32/v4.35/bin/bin/../../lib/gcc/pic32c/8.3.1/../../../../pic32c/lib/thumb/v7e-m+fp/hard\libg-musl.a(__libc_start_main.o)
 .debug_ranges  0x00000668       0x10 c:/program files/microchip/xc32/v4.35/bin/bin/../../lib/gcc/pic32c/8.3.1/../../../../pic32c/lib/thumb/v7e-m+fp/hard\libg-musl.a(memcpy.o)
 .debug_ranges  0x00000678       0x10 c:/program files/microchip/xc32/v4.35/bin/bin/../../lib/gcc/pic32c/8.3.1/../../../../pic32c/lib/thumb/v7e-m+fp/hard\libg-musl.a(memset.o)
 .debug_ranges  0x00000688       0x10 c:/program files/microchip/xc32/v4.35/bin/bin/../../lib/gcc/pic32c/8.3.1/../../../../pic32c/lib/thumb/v7e-m+fp/hard\libpic32c.a(pic32_data_init_clear.o)
 .debug_ranges  0x00000698       0x10 c:/program files/microchip/xc32/v4.35/bin/bin/../../lib/gcc/pic32c/8.3.1/../../../../pic32c/lib/thumb/v7e-m+fp/hard\libpic32c.a(pic32_data_init_copy.o)

.debug_line     0x00000000     0x4b7e
 .debug_line    0x00000000      0x22c build/default/debug/_ext/2126997906/bushw.o
 .debug_line    0x0000022c      0xc41 build/default/debug/_ext/1894469536/MET_can_protocol.o
 .debug_line    0x00000e6d      0x17f build/default/debug/_ext/1042908558/protocol.o
 .debug_line    0x00000fec      0x34e build/default/debug/_ext/60163342/plib_adc0.o
 .debug_line    0x0000133a      0x34e build/default/debug/_ext/60163342/plib_adc1.o
 .debug_line    0x00001688      0x808 build/default/debug/_ext/60165182/plib_can0.o
 .debug_line    0x00001e90      0x329 build/default/debug/_ext/1984496892/plib_clock.o
 .debug_line    0x000021b9       0x66 build/default/debug/_ext/1986646378/plib_evsys.o
 .debug_line    0x0000221f      0x2f7 build/default/debug/_ext/1865468468/plib_nvic.o
 .debug_line    0x00002516      0x430 build/default/debug/_ext/1593096446/plib_nvmctrl.o
 .debug_line    0x00002946      0x349 build/default/debug/_ext/1865521619/plib_port.o
 .debug_line    0x00002c8f      0x39f build/default/debug/_ext/60180175/plib_rtc_timer.o
 .debug_line    0x0000302e      0x339 build/default/debug/_ext/829342655/plib_tc0.o
 .debug_line    0x00003367      0x25b build/default/debug/_ext/1171490990/initialization.o
 .debug_line    0x000035c2       0xbb build/default/debug/_ext/1171490990/interrupts.o
 .debug_line    0x0000367d       0xcc build/default/debug/_ext/1171490990/exceptions.o
 .debug_line    0x00003749      0x26d build/default/debug/_ext/1171490990/startup_xc32.o
 .debug_line    0x000039b6      0x19b build/default/debug/_ext/31884679/generator.o
 .debug_line    0x00003b51      0x5bf build/default/debug/_ext/1554269333/power.o
 .debug_line    0x00004110      0x2a0 build/default/debug/_ext/1360937237/main.o
 .debug_line    0x000043b0       0xec c:/program files/microchip/xc32/v4.35/bin/bin/../../lib/gcc/pic32c/8.3.1/../../../../pic32c/lib/thumb/v7e-m+fp/hard\libpic32c.a(data_init.o)
 .debug_line    0x0000449c      0x1cd c:/program files/microchip/xc32/v4.35/bin/bin/../../lib/gcc/pic32c/8.3.1/../../../../pic32c/lib/thumb/v7e-m+fp/hard\libg-musl.a(__libc_start_main.o)
 .debug_line    0x00004669       0xb8 c:/program files/microchip/xc32/v4.35/bin/bin/../../lib/gcc/pic32c/8.3.1/../../../../pic32c/lib/thumb/v7e-m+fp/hard\libg-musl.a(libc.o)
 .debug_line    0x00004721       0xfc c:/program files/microchip/xc32/v4.35/bin/bin/../../lib/gcc/pic32c/8.3.1/../../../../pic32c/lib/thumb/v7e-m+fp/hard\libg-musl.a(memcpy.o)
 .debug_line    0x0000481d       0xe6 c:/program files/microchip/xc32/v4.35/bin/bin/../../lib/gcc/pic32c/8.3.1/../../../../pic32c/lib/thumb/v7e-m+fp/hard\libg-musl.a(memset.o)
 .debug_line    0x00004903      0x101 c:/program files/microchip/xc32/v4.35/bin/bin/../../lib/gcc/pic32c/8.3.1/../../../../pic32c/lib/thumb/v7e-m+fp/hard\libg-musl.a(__environ.o)
 .debug_line    0x00004a04       0xb9 c:/program files/microchip/xc32/v4.35/bin/bin/../../lib/gcc/pic32c/8.3.1/../../../../pic32c/lib/thumb/v7e-m+fp/hard\libpic32c.a(pic32_data_init_clear.o)
 .debug_line    0x00004abd       0xc1 c:/program files/microchip/xc32/v4.35/bin/bin/../../lib/gcc/pic32c/8.3.1/../../../../pic32c/lib/thumb/v7e-m+fp/hard\libpic32c.a(pic32_data_init_copy.o)

.debug_str      0x00000000      0x79b
 .debug_str     0x00000000       0x38 build/default/debug/_ext/2126997906/bushw.o
 .debug_str     0x00000038       0xaf build/default/debug/_ext/1894469536/MET_can_protocol.o
 .debug_str     0x000000e7      0x100 build/default/debug/_ext/1042908558/protocol.o
 .debug_str     0x000001e7       0x19 build/default/debug/_ext/60163342/plib_adc0.o
 .debug_str     0x00000200       0x19 build/default/debug/_ext/60163342/plib_adc1.o
 .debug_str     0x00000219       0x88 build/default/debug/_ext/60165182/plib_can0.o
 .debug_str     0x000002a1       0x1e build/default/debug/_ext/1984496892/plib_clock.o
 .debug_str     0x000002bf        0x0 build/default/debug/_ext/1986646378/plib_evsys.o
 .debug_str     0x000002bf        0xa build/default/debug/_ext/1865468468/plib_nvic.o
 .debug_str     0x000002c9       0x1b build/default/debug/_ext/1593096446/plib_nvmctrl.o
 .debug_str     0x000002e4        0xb build/default/debug/_ext/1865521619/plib_port.o
 .debug_str     0x000002ef      0x115 build/default/debug/_ext/60180175/plib_rtc_timer.o
 .debug_str     0x00000404       0xc6 build/default/debug/_ext/829342655/plib_tc0.o
 .debug_str     0x000004ca       0xaa build/default/debug/_ext/1171490990/initialization.o
 .debug_str     0x00000574        0x0 build/default/debug/_ext/1171490990/interrupts.o
 .debug_str     0x00000574        0x0 build/default/debug/_ext/1171490990/exceptions.o
 .debug_str     0x00000574       0x2f build/default/debug/_ext/1171490990/startup_xc32.o
 .debug_str     0x000005a3       0x1a build/default/debug/_ext/31884679/generator.o
 .debug_str     0x000005bd       0xfb build/default/debug/_ext/1554269333/power.o
 .debug_str     0x000006b8       0xe3 build/default/debug/_ext/1360937237/main.o
 .debug_str     0x0000079b        0x0 c:/program files/microchip/xc32/v4.35/bin/bin/../../lib/gcc/pic32c/8.3.1/../../../../pic32c/lib/thumb/v7e-m+fp/hard\libpic32c.a(data_init.o)
 .debug_str     0x0000079b        0x0 c:/program files/microchip/xc32/v4.35/bin/bin/../../lib/gcc/pic32c/8.3.1/../../../../pic32c/lib/thumb/v7e-m+fp/hard\libg-musl.a(__libc_start_main.o)
 .debug_str     0x0000079b        0x0 c:/program files/microchip/xc32/v4.35/bin/bin/../../lib/gcc/pic32c/8.3.1/../../../../pic32c/lib/thumb/v7e-m+fp/hard\libg-musl.a(libc.o)
 .debug_str     0x0000079b        0x0 c:/program files/microchip/xc32/v4.35/bin/bin/../../lib/gcc/pic32c/8.3.1/../../../../pic32c/lib/thumb/v7e-m+fp/hard\libg-musl.a(memcpy.o)
 .debug_str     0x0000079b        0x0 c:/program files/microchip/xc32/v4.35/bin/bin/../../lib/gcc/pic32c/8.3.1/../../../../pic32c/lib/thumb/v7e-m+fp/hard\libg-musl.a(memset.o)
 .debug_str     0x0000079b        0x0 c:/program files/microchip/xc32/v4.35/bin/bin/../../lib/gcc/pic32c/8.3.1/../../../../pic32c/lib/thumb/v7e-m+fp/hard\libg-musl.a(__environ.o)
 .debug_str     0x0000079b        0x0 c:/program files/microchip/xc32/v4.35/bin/bin/../../lib/gcc/pic32c/8.3.1/../../../../pic32c/lib/thumb/v7e-m+fp/hard\libpic32c.a(pic32_data_init_clear.o)
 .debug_str     0x0000079b        0x0 c:/program files/microchip/xc32/v4.35/bin/bin/../../lib/gcc/pic32c/8.3.1/../../../../pic32c/lib/thumb/v7e-m+fp/hard\libpic32c.a(pic32_data_init_copy.o)

.debug_frame    0x00000000      0xe00
 .debug_frame   0x00000000       0x40 build/default/debug/_ext/2126997906/bushw.o
 .debug_frame   0x00000040      0x1d4 build/default/debug/_ext/1894469536/MET_can_protocol.o
 .debug_frame   0x00000214       0x70 build/default/debug/_ext/1042908558/protocol.o
 .debug_frame   0x00000284       0xe0 build/default/debug/_ext/60163342/plib_adc0.o
 .debug_frame   0x00000364       0xe0 build/default/debug/_ext/60163342/plib_adc1.o
 .debug_frame   0x00000444      0x194 build/default/debug/_ext/60165182/plib_can0.o
 .debug_frame   0x000005d8       0x20 build/default/debug/_ext/1984496892/plib_clock.o
 .debug_frame   0x000005f8       0x20 build/default/debug/_ext/1986646378/plib_evsys.o
 .debug_frame   0x00000618       0x50 build/default/debug/_ext/1865468468/plib_nvic.o
 .debug_frame   0x00000668      0x170 build/default/debug/_ext/1593096446/plib_nvmctrl.o
 .debug_frame   0x000007d8       0xd8 build/default/debug/_ext/1865521619/plib_port.o
 .debug_frame   0x000008b0      0x128 build/default/debug/_ext/60180175/plib_rtc_timer.o
 .debug_frame   0x000009d8       0xd0 build/default/debug/_ext/829342655/plib_tc0.o
 .debug_frame   0x00000aa8       0x28 build/default/debug/_ext/1171490990/initialization.o
 .debug_frame   0x00000ad0       0x20 build/default/debug/_ext/1171490990/interrupts.o
 .debug_frame   0x00000af0       0x70 build/default/debug/_ext/1171490990/exceptions.o
 .debug_frame   0x00000b60       0x38 build/default/debug/_ext/1171490990/startup_xc32.o
 .debug_frame   0x00000b98       0x48 build/default/debug/_ext/31884679/generator.o
 .debug_frame   0x00000be0       0xdc build/default/debug/_ext/1554269333/power.o
 .debug_frame   0x00000cbc       0x38 build/default/debug/_ext/1360937237/main.o
 .debug_frame   0x00000cf4       0x3c c:/program files/microchip/xc32/v4.35/bin/bin/../../lib/gcc/pic32c/8.3.1/../../../../pic32c/lib/thumb/v7e-m+fp/hard\libpic32c.a(data_init.o)
 .debug_frame   0x00000d30       0x3c c:/program files/microchip/xc32/v4.35/bin/bin/../../lib/gcc/pic32c/8.3.1/../../../../pic32c/lib/thumb/v7e-m+fp/hard\libg-musl.a(__libc_start_main.o)
 .debug_frame   0x00000d6c       0x2c c:/program files/microchip/xc32/v4.35/bin/bin/../../lib/gcc/pic32c/8.3.1/../../../../pic32c/lib/thumb/v7e-m+fp/hard\libg-musl.a(memcpy.o)
 .debug_frame   0x00000d98       0x20 c:/program files/microchip/xc32/v4.35/bin/bin/../../lib/gcc/pic32c/8.3.1/../../../../pic32c/lib/thumb/v7e-m+fp/hard\libg-musl.a(memset.o)
 .debug_frame   0x00000db8       0x20 c:/program files/microchip/xc32/v4.35/bin/bin/../../lib/gcc/pic32c/8.3.1/../../../../pic32c/lib/thumb/v7e-m+fp/hard\libpic32c.a(pic32_data_init_clear.o)
 .debug_frame   0x00000dd8       0x28 c:/program files/microchip/xc32/v4.35/bin/bin/../../lib/gcc/pic32c/8.3.1/../../../../pic32c/lib/thumb/v7e-m+fp/hard\libpic32c.a(pic32_data_init_copy.o)

.note.GNU-stack
                0x00000000        0x0
 .note.GNU-stack
                0x00000000        0x0 c:/program files/microchip/xc32/v4.35/bin/bin/../../lib/gcc/pic32c/8.3.1/../../../../pic32c/lib/thumb/v7e-m+fp/hard\libg-musl.a(__libc_start_main.o)
 .note.GNU-stack
                0x00000000        0x0 c:/program files/microchip/xc32/v4.35/bin/bin/../../lib/gcc/pic32c/8.3.1/../../../../pic32c/lib/thumb/v7e-m+fp/hard\libg-musl.a(libc.o)
 .note.GNU-stack
                0x00000000        0x0 c:/program files/microchip/xc32/v4.35/bin/bin/../../lib/gcc/pic32c/8.3.1/../../../../pic32c/lib/thumb/v7e-m+fp/hard\libg-musl.a(memcpy.o)
 .note.GNU-stack
                0x00000000        0x0 c:/program files/microchip/xc32/v4.35/bin/bin/../../lib/gcc/pic32c/8.3.1/../../../../pic32c/lib/thumb/v7e-m+fp/hard\libg-musl.a(memset.o)
 .note.GNU-stack
                0x00000000        0x0 c:/program files/microchip/xc32/v4.35/bin/bin/../../lib/gcc/pic32c/8.3.1/../../../../pic32c/lib/thumb/v7e-m+fp/hard\libg-musl.a(__environ.o)

.stack          0x20000e80      0x100
 .stack         0x20000e80      0x100 stack

.bss.MET_Protocol_Data_Struct%1
                0x20000010      0x980
 .bss.MET_Protocol_Data_Struct
                0x20000010      0x980 build/default/debug/_ext/1894469536/MET_can_protocol.o

.bss.Can0MessageRAM%2
                0x200009a0      0x198
 .bss.Can0MessageRAM
                0x200009a0      0x198 build/default/debug/_ext/1894469536/MET_can_protocol.o
                0x200009a0                Can0MessageRAM

.bss%3          0x20000b38       0x50
 .bss           0x20000b38       0x50 c:/program files/microchip/xc32/v4.35/bin/bin/../../lib/gcc/pic32c/8.3.1/../../../../pic32c/lib/thumb/v7e-m+fp/hard\libg-musl.a(libc.o)
                0x20000b38                __progname_full
                0x20000b38                program_invocation_name
                0x20000b3c                program_invocation_short_name
                0x20000b3c                __progname
                0x20000b40                __sysinfo
                0x20000b44                __hwcap
                0x20000b48                __libc

.bss.can0Obj%4  0x20000b88       0x28
 .bss.can0Obj   0x20000b88       0x28 build/default/debug/_ext/60165182/plib_can0.o

.bss.can0RxMsg%5
                0x20000bb0       0x28
 .bss.can0RxMsg
                0x20000bb0       0x28 build/default/debug/_ext/60165182/plib_can0.o

.bss.MET_Can_Protocol_RxTx_Struct%6
                0x20000bd8       0x20
 .bss.MET_Can_Protocol_RxTx_Struct
                0x20000bd8       0x20 build/default/debug/_ext/1894469536/MET_can_protocol.o

.bss.can0CallbackObj%7
                0x20000bf8       0x20
 .bss.can0CallbackObj
                0x20000bf8       0x20 build/default/debug/_ext/60165182/plib_can0.o

.bss%8          0x20000c18       0x1c
 .bss           0x20000c18       0x1c c:/program files/microchip/xc32/v4.35/bin/bin/../../lib/gcc/pic32c/8.3.1/thumb/v7e-m+fp/hard/crtbegin.o

.bss.rtcObj%9   0x20000990        0xc
 .bss.rtcObj    0x20000990        0xc build/default/debug/_ext/60180175/plib_rtc_timer.o

.bss%10         0x2000099c        0x4
 .bss           0x2000099c        0x4 c:/program files/microchip/xc32/v4.35/bin/bin/../../lib/gcc/pic32c/8.3.1/../../../../pic32c/lib/thumb/v7e-m+fp/hard\libpic32c.a(data_init.o)

.bss%11         0x20000c34        0x4
 .bss           0x20000c34        0x4 c:/program files/microchip/xc32/v4.35/bin/bin/../../lib/gcc/pic32c/8.3.1/../../../../pic32c/lib/thumb/v7e-m+fp/hard\libg-musl.a(__environ.o)
                0x20000c34                __environ
                0x20000c34                environ
                0x20000c34                ___environ
                0x20000c34                _environ

.bss.timer100ms%12
                0x20000c38        0x2
 .bss.timer100ms
                0x20000c38        0x2 build/default/debug/_ext/1554269333/power.o

.bss.timer_keepalive%13
                0x20000c3a        0x2
 .bss.timer_keepalive
                0x20000c3a        0x2 build/default/debug/_ext/1554269333/power.o

.bss.uc_CARM_DWN_back%14
                0x20000c3c        0x1
 .bss.uc_CARM_DWN_back
                0x20000c3c        0x1 build/default/debug/_ext/2126997906/bushw.o

.bss.uc_CARM_UP_back%15
                0x20000c3d        0x1
 .bss.uc_CARM_UP_back
                0x20000c3d        0x1 build/default/debug/_ext/2126997906/bushw.o

.bss.uc_CMP_ON_back%16
                0x20000c3e        0x1
 .bss.uc_CMP_ON_back
                0x20000c3e        0x1 build/default/debug/_ext/2126997906/bushw.o

.bss.uc_ROT_CCW_back%17
                0x20000c3f        0x1
 .bss.uc_ROT_CCW_back
                0x20000c3f        0x1 build/default/debug/_ext/2126997906/bushw.o

.bss.uc_ROT_CW_back%18
                0x20000c40        0x1
 .bss.uc_ROT_CW_back
                0x20000c40        0x1 build/default/debug/_ext/2126997906/bushw.o

.bss.uc_SLIDE_DWN_back%19
                0x20000c41        0x1
 .bss.uc_SLIDE_DWN_back
                0x20000c41        0x1 build/default/debug/_ext/2126997906/bushw.o

.bss.uc_SLIDE_UP_back%20
                0x20000c42        0x1
 .bss.uc_SLIDE_UP_back
                0x20000c42        0x1 build/default/debug/_ext/2126997906/bushw.o

.bss.lastSequence.8929%21
                0x20000c43        0x1
 .bss.lastSequence.8929
                0x20000c43        0x1 build/default/debug/_ext/1894469536/MET_can_protocol.o

.bss.msgFrameAttr0%22
                0x20000c44        0x1
 .bss.msgFrameAttr0
                0x20000c44        0x1 build/default/debug/_ext/1894469536/MET_can_protocol.o
                0x20000c44                msgFrameAttr0

.bss.rxBootloaderErrorTrigger%23
                0x20000c45        0x1
 .bss.rxBootloaderErrorTrigger
                0x20000c45        0x1 build/default/debug/_ext/1894469536/MET_can_protocol.o

.bss.rxBootloaderReceptionTrigger%24
                0x20000c46        0x1
 .bss.rxBootloaderReceptionTrigger
                0x20000c46        0x1 build/default/debug/_ext/1894469536/MET_can_protocol.o

.bss.rxErrorTrigger%25
                0x20000c47        0x1
 .bss.rxErrorTrigger
                0x20000c47        0x1 build/default/debug/_ext/1894469536/MET_can_protocol.o

.bss.rxReceptionTrigger%26
                0x20000c48        0x1
 .bss.rxReceptionTrigger
                0x20000c48        0x1 build/default/debug/_ext/1894469536/MET_can_protocol.o

.bss.messageMarker.8206%27
                0x20000c49        0x1
 .bss.messageMarker.8206
                0x20000c49        0x1 build/default/debug/_ext/60165182/plib_can0.o

.bss.Generator_HV_ON_status%28
                0x20000c4a        0x1
 .bss.Generator_HV_ON_status
                0x20000c4a        0x1 build/default/debug/_ext/31884679/generator.o

.bss.uc_HV_ON_back%29
                0x20000c4b        0x1
 .bss.uc_HV_ON_back
                0x20000c4b        0x1 build/default/debug/_ext/31884679/generator.o

.bss.batt1_level%30
                0x20000c4c        0x1
 .bss.batt1_level
                0x20000c4c        0x1 build/default/debug/_ext/1554269333/power.o

.bss.batt2_level%31
                0x20000c4d        0x1
 .bss.batt2_level
                0x20000c4d        0x1 build/default/debug/_ext/1554269333/power.o

.bss.power_lock%32
                0x20000c4e        0x1
 .bss.power_lock
                0x20000c4e        0x1 build/default/debug/_ext/1554269333/power.o

.bss.power_off_workflow%33
                0x20000c4f        0x1
 .bss.power_off_workflow
                0x20000c4f        0x1 build/default/debug/_ext/1554269333/power.o

.bss.power_status%34
                0x20000c50        0x1
 .bss.power_status
                0x20000c50        0x1 build/default/debug/_ext/1554269333/power.o

.bss.powerdown_condition%35
                0x20000c51        0x1
 .bss.powerdown_condition
                0x20000c51        0x1 build/default/debug/_ext/1554269333/power.o

.bss.poweron_button%36
                0x20000c52        0x1
 .bss.poweron_button
                0x20000c52        0x1 build/default/debug/_ext/1554269333/power.o

.bss.request_soft_power_off%37
                0x20000c53        0x1
 .bss.request_soft_power_off
                0x20000c53        0x1 build/default/debug/_ext/1554269333/power.o

.bss.timer_disable_button%38
                0x20000c54        0x1
 .bss.timer_disable_button
                0x20000c54        0x1 build/default/debug/_ext/1554269333/power.o

.bss.timer_hs_power_button%39
                0x20000c55        0x1
 .bss.timer_hs_power_button
                0x20000c55        0x1 build/default/debug/_ext/1554269333/power.o

.bss.timer_powerdown%40
                0x20000c56        0x1
 .bss.timer_powerdown
                0x20000c56        0x1 build/default/debug/_ext/1554269333/power.o

.bss.timer_poweron_button%41
                0x20000c57        0x1
 .bss.timer_poweron_button
                0x20000c57        0x1 build/default/debug/_ext/1554269333/power.o

.bss.timer_presence_led.8854%42
                0x20000c58        0x1
 .bss.timer_presence_led.8854
                0x20000c58        0x1 build/default/debug/_ext/1554269333/power.o

.bss.timer_presence_led.8858%43
                0x20000c59        0x1
 .bss.timer_presence_led.8858
                0x20000c59        0x1 build/default/debug/_ext/1554269333/power.o

.bss.timer_presence_led.8862%44
                0x20000c5a        0x1
 .bss.timer_presence_led.8862
                0x20000c5a        0x1 build/default/debug/_ext/1554269333/power.o

.bss.timer_request_soft_power_off%45
                0x20000c5b        0x1
 .bss.timer_request_soft_power_off
                0x20000c5b        0x1 build/default/debug/_ext/1554269333/power.o

.bss.trigger_time%46
                0x20000c5c        0x1
 .bss.trigger_time
                0x20000c5c        0x1 build/default/debug/_ext/1360937237/main.o

.data.SmartEEPROM32%47
                0x20000c60        0x4
 .data.SmartEEPROM32
                0x20000c60        0x4 build/default/debug/_ext/1894469536/MET_can_protocol.o
                0x20000c60                SmartEEPROM32

.eh_frame%z1    0x00000000        0x0
 .eh_frame      0x00000000        0x0 c:/program files/microchip/xc32/v4.35/bin/bin/../../lib/gcc/pic32c/8.3.1/thumb/v7e-m+fp/hard/crtbegin.o

.config_00804000.__config_00804000%48
                0x00804000        0x4
 .config_00804000.__config_00804000
                0x00804000        0x4 build/default/debug/_ext/1171490990/initialization.o
                0x00804000                __config_00804000

.config_00804004.__config_00804004%49
                0x00804004        0x4
 .config_00804004.__config_00804004
                0x00804004        0x4 build/default/debug/_ext/1171490990/initialization.o
                0x00804004                __config_00804004

.config_00804008.__config_00804008%50
                0x00804008        0x4
 .config_00804008.__config_00804008
                0x00804008        0x4 build/default/debug/_ext/1171490990/initialization.o
                0x00804008                __config_00804008

.text.MET_Can_Protocol_Loop%51
                0x00002280      0x40c
 .text.MET_Can_Protocol_Loop
                0x00002280      0x40c build/default/debug/_ext/1894469536/MET_can_protocol.o
                0x00002280                MET_Can_Protocol_Loop

.text.Power_1564us_Loop%52
                0x0000268c      0x394
 .text.Power_1564us_Loop
                0x0000268c      0x394 build/default/debug/_ext/1554269333/power.o
                0x0000268c                Power_1564us_Loop

.text.CAN0_InterruptHandler%53
                0x00002a20      0x190
 .text.CAN0_InterruptHandler
                0x00002a20      0x190 build/default/debug/_ext/60165182/plib_can0.o
                0x00002a20                CAN0_InterruptHandler

.text.BusHwLoop%54
                0x00002bb0      0x188
 .text.BusHwLoop
                0x00002bb0      0x188 build/default/debug/_ext/2126997906/bushw.o
                0x00002bb0                BusHwLoop

.text.CLOCK_Initialize%55
                0x00002d38      0x160
 .text.CLOCK_Initialize
                0x00002d38      0x160 build/default/debug/_ext/1984496892/plib_clock.o
                0x00002d38                CLOCK_Initialize

.text.MET_Can_Protocol_Init%56
                0x00002e98      0x124
 .text.MET_Can_Protocol_Init
                0x00002e98      0x124 build/default/debug/_ext/1894469536/MET_can_protocol.o
                0x00002e98                MET_Can_Protocol_Init

.dinit%57       0x00002fbc       0xf0
 .dinit         0x00002fbc       0xf0 data_init

.text.CAN0_MessageTransmit%58
                0x000030ac       0xac
 .text.CAN0_MessageTransmit
                0x000030ac       0xac build/default/debug/_ext/60165182/plib_can0.o
                0x000030ac                CAN0_MessageTransmit

.text.ApplicationProtocolInit%59
                0x00003158       0xa4
 .text.ApplicationProtocolInit
                0x00003158       0xa4 build/default/debug/_ext/1042908558/protocol.o
                0x00003158                ApplicationProtocolInit

.text.CAN0_MessageRAMConfigSet%60
                0x000031fc       0xa0
 .text.CAN0_MessageRAMConfigSet
                0x000031fc       0xa0 build/default/debug/_ext/60165182/plib_can0.o
                0x000031fc                CAN0_MessageRAMConfigSet

.text.PORT_Initialize%61
                0x0000329c       0x98
 .text.PORT_Initialize
                0x0000329c       0x98 build/default/debug/_ext/1865521619/plib_port.o
                0x0000329c                PORT_Initialize

.text.Reset_Handler%62
                0x00003334       0x94
 .text.Reset_Handler
                0x00003334       0x94 build/default/debug/_ext/1171490990/startup_xc32.o
                0x00003334                Reset_Handler

.text.initPowerOff%63
                0x000033c8       0x8c
 .text.initPowerOff
                0x000033c8       0x8c build/default/debug/_ext/1554269333/power.o

.text.CAN0_Initialize%64
                0x00003454       0x88
 .text.CAN0_Initialize
                0x00003454       0x88 build/default/debug/_ext/60165182/plib_can0.o
                0x00003454                CAN0_Initialize

.text.main%65   0x000034dc       0x84
 .text.main     0x000034dc       0x84 build/default/debug/_ext/1360937237/main.o
                0x000034dc                main

.text.BusHwInit%66
                0x00003560       0x70
 .text.BusHwInit
                0x00003560       0x70 build/default/debug/_ext/2126997906/bushw.o
                0x00003560                BusHwInit

.text.ADC0_Initialize%67
                0x000035d0       0x5c
 .text.ADC0_Initialize
                0x000035d0       0x5c build/default/debug/_ext/60163342/plib_adc0.o
                0x000035d0                ADC0_Initialize

.text.ADC1_Initialize%68
                0x0000362c       0x5c
 .text.ADC1_Initialize
                0x0000362c       0x5c build/default/debug/_ext/60163342/plib_adc1.o
                0x0000362c                ADC1_Initialize

.text.__libc_start_init%69
                0x00003688       0x5c
 .text.__libc_start_init
                0x00003688       0x5c c:/program files/microchip/xc32/v4.35/bin/bin/../../lib/gcc/pic32c/8.3.1/../../../../pic32c/lib/thumb/v7e-m+fp/hard\libg-musl.a(__libc_start_main.o)
                0x00003688                __libc_init_array

.text.MET_Can_AppRestartCallback%70
                0x000036e4       0x58
 .text.MET_Can_AppRestartCallback
                0x000036e4       0x58 build/default/debug/_ext/1894469536/MET_can_protocol.o

.text.GeneratorLoop%71
                0x0000373c       0x50
 .text.GeneratorLoop
                0x0000373c       0x50 build/default/debug/_ext/31884679/generator.o
                0x0000373c                GeneratorLoop

.text.CAN0_MessageReceive%72
                0x0000378c       0x4c
 .text.CAN0_MessageReceive
                0x0000378c       0x4c build/default/debug/_ext/60165182/plib_can0.o
                0x0000378c                CAN0_MessageReceive

.text.PowerModule_requestSoftPowerOff%73
                0x000037d8       0x4c
 .text.PowerModule_requestSoftPowerOff
                0x000037d8       0x4c build/default/debug/_ext/1554269333/power.o
                0x000037d8                PowerModule_requestSoftPowerOff

.text.__pic32c_data_initialization%74
                0x00003824       0x4c
 .text.__pic32c_data_initialization
                0x00003824       0x4c c:/program files/microchip/xc32/v4.35/bin/bin/../../lib/gcc/pic32c/8.3.1/../../../../pic32c/lib/thumb/v7e-m+fp/hard\libpic32c.a(data_init.o)
                0x00003824                __pic32c_data_initialization

.text.RTC_Initialize%75
                0x00003870       0x44
 .text.RTC_Initialize
                0x00003870       0x44 build/default/debug/_ext/60180175/plib_rtc_timer.o
                0x00003870                RTC_Initialize

.text%76        0x000038b4       0x40
 .text          0x000038b4       0x40 c:/program files/microchip/xc32/v4.35/bin/bin/../../lib/gcc/pic32c/8.3.1/thumb/v7e-m+fp/hard/crtbegin.o

.text.MET_Can_Protocol_SetDefaultParameter%77
                0x000038f4       0x40
 .text.MET_Can_Protocol_SetDefaultParameter
                0x000038f4       0x40 build/default/debug/_ext/1894469536/MET_can_protocol.o
                0x000038f4                MET_Can_Protocol_SetDefaultParameter

.text.CAN0_ErrorGet%78
                0x00003934       0x40
 .text.CAN0_ErrorGet
                0x00003934       0x40 build/default/debug/_ext/60165182/plib_can0.o
                0x00003934                CAN0_ErrorGet

.text.NVIC_Initialize%79
                0x00003974       0x40
 .text.NVIC_Initialize
                0x00003974       0x40 build/default/debug/_ext/1865468468/plib_nvic.o
                0x00003974                NVIC_Initialize

.text.PowerModule_abortSoftPowerOff%80
                0x000039b4       0x40
 .text.PowerModule_abortSoftPowerOff
                0x000039b4       0x40 build/default/debug/_ext/1554269333/power.o
                0x000039b4                PowerModule_abortSoftPowerOff

.text.MET_Can_Protocol_Reception_Trigger%81
                0x000039f4       0x38
 .text.MET_Can_Protocol_Reception_Trigger
                0x000039f4       0x38 build/default/debug/_ext/1894469536/MET_can_protocol.o

.text.MET_Can_Protocol_Reception_Callback%82
                0x00003a2c       0x38
 .text.MET_Can_Protocol_Reception_Callback
                0x00003a2c       0x38 build/default/debug/_ext/1894469536/MET_can_protocol.o

.text.MET_Can_Protocol_SetStatusBit%83
                0x00003a64       0x38
 .text.MET_Can_Protocol_SetStatusBit
                0x00003a64       0x38 build/default/debug/_ext/1894469536/MET_can_protocol.o
                0x00003a64                MET_Can_Protocol_SetStatusBit

.text.rtcEventHandler%84
                0x00003a9c       0x38
 .text.rtcEventHandler
                0x00003a9c       0x38 build/default/debug/_ext/1360937237/main.o

.text.PowerInit%85
                0x00003ad4       0x34
 .text.PowerInit
                0x00003ad4       0x34 build/default/debug/_ext/1554269333/power.o
                0x00003ad4                PowerInit

.text.ApplicationProtocolCommandHandler%86
                0x00003b08       0x32
 .text.ApplicationProtocolCommandHandler
                0x00003b08       0x32 build/default/debug/_ext/1042908558/protocol.o

.text.MET_Can_Protocol_TestData%87
                0x00003b3c       0x30
 .text.MET_Can_Protocol_TestData
                0x00003b3c       0x30 build/default/debug/_ext/1894469536/MET_can_protocol.o
                0x00003b3c                MET_Can_Protocol_TestData

.text.TC0_CompareInitialize%88
                0x00003b6c       0x30
 .text.TC0_CompareInitialize
                0x00003b6c       0x30 build/default/debug/_ext/829342655/plib_tc0.o
                0x00003b6c                TC0_CompareInitialize

.text.SYS_Initialize%89
                0x00003b9c       0x2c
 .text.SYS_Initialize
                0x00003b9c       0x2c build/default/debug/_ext/1171490990/initialization.o
                0x00003b9c                SYS_Initialize

.text.MET_Can_Protocol_GetParameter%90
                0x00003bc8       0x28
 .text.MET_Can_Protocol_GetParameter
                0x00003bc8       0x28 build/default/debug/_ext/1894469536/MET_can_protocol.o
                0x00003bc8                MET_Can_Protocol_GetParameter

.text.RTC_InterruptHandler%91
                0x00003bf0       0x28
 .text.RTC_InterruptHandler
                0x00003bf0       0x28 build/default/debug/_ext/60180175/plib_rtc_timer.o
                0x00003bf0                RTC_InterruptHandler

.text.presenceLED_200ms_blink%92
                0x00003c18       0x28
 .text.presenceLED_200ms_blink
                0x00003c18       0x28 build/default/debug/_ext/1554269333/power.o

.text.presenceLED_400ms_blink%93
                0x00003c40       0x28
 .text.presenceLED_400ms_blink
                0x00003c40       0x28 build/default/debug/_ext/1554269333/power.o

.text.MET_Can_Protocol_SetStatusReg%94
                0x00003c68       0x20
 .text.MET_Can_Protocol_SetStatusReg
                0x00003c68       0x20 build/default/debug/_ext/1894469536/MET_can_protocol.o
                0x00003c68                MET_Can_Protocol_SetStatusReg

.text.__dinit_copy%95
                0x00003c88       0x1e
 .text.__dinit_copy
                0x00003c88       0x1e c:/program files/microchip/xc32/v4.35/bin/bin/../../lib/gcc/pic32c/8.3.1/../../../../pic32c/lib/thumb/v7e-m+fp/hard\libpic32c.a(pic32_data_init_copy.o)
                0x00003c88                __dinit_copy_needed
                0x00003c88                __dinit_copy

.text.CAN0_RxCallbackRegister%96
                0x00003ca8       0x1c
 .text.CAN0_RxCallbackRegister
                0x00003ca8       0x1c build/default/debug/_ext/60165182/plib_can0.o
                0x00003ca8                CAN0_RxCallbackRegister

.text.memcpy%97
                0x00003cc4       0x1c
 .text.memcpy   0x00003cc4       0x1c c:/program files/microchip/xc32/v4.35/bin/bin/../../lib/gcc/pic32c/8.3.1/../../../../pic32c/lib/thumb/v7e-m+fp/hard\libg-musl.a(memcpy.o)
                0x00003cc4                memcpy

.text.ADC0_Enable%98
                0x00003ce0       0x18
 .text.ADC0_Enable
                0x00003ce0       0x18 build/default/debug/_ext/60163342/plib_adc0.o
                0x00003ce0                ADC0_Enable

.text.ADC0_ConversionStart%99
                0x00003cf8       0x18
 .text.ADC0_ConversionStart
                0x00003cf8       0x18 build/default/debug/_ext/60163342/plib_adc0.o
                0x00003cf8                ADC0_ConversionStart

.text.ADC1_Enable%100
                0x00003d10       0x18
 .text.ADC1_Enable
                0x00003d10       0x18 build/default/debug/_ext/60163342/plib_adc1.o
                0x00003d10                ADC1_Enable

.text.ADC1_ConversionStart%101
                0x00003d28       0x18
 .text.ADC1_ConversionStart
                0x00003d28       0x18 build/default/debug/_ext/60163342/plib_adc1.o
                0x00003d28                ADC1_ConversionStart

.text.RTC_Timer32Start%102
                0x00003d40       0x18
 .text.RTC_Timer32Start
                0x00003d40       0x18 build/default/debug/_ext/60180175/plib_rtc_timer.o
                0x00003d40                RTC_Timer32Start

.text.TC0_CompareStart%103
                0x00003d58       0x18
 .text.TC0_CompareStart
                0x00003d58       0x18 build/default/debug/_ext/829342655/plib_tc0.o
                0x00003d58                TC0_CompareStart

.text.MET_Can_Protocol_returnCommandExecuted%104
                0x00003d70       0x14
 .text.MET_Can_Protocol_returnCommandExecuted
                0x00003d70       0x14 build/default/debug/_ext/1894469536/MET_can_protocol.o
                0x00003d70                MET_Can_Protocol_returnCommandExecuted

.rodata%105     0x00003d84       0x14
 .rodata        0x00003d84       0x14 c:/program files/microchip/xc32/v4.35/bin/bin/../../lib/gcc/pic32c/8.3.1/../../../../pic32c/lib/thumb/v7e-m+fp/hard\libpic32c.a(data_init.o)

.text.memset%106
                0x00003d98       0x14
 .text.memset   0x00003d98       0x14 c:/program files/microchip/xc32/v4.35/bin/bin/../../lib/gcc/pic32c/8.3.1/../../../../pic32c/lib/thumb/v7e-m+fp/hard\libg-musl.a(memset.o)
                0x00003d98                memset

.text.__dinit_clear%107
                0x00003dac       0x12
 .text.__dinit_clear
                0x00003dac       0x12 c:/program files/microchip/xc32/v4.35/bin/bin/../../lib/gcc/pic32c/8.3.1/../../../../pic32c/lib/thumb/v7e-m+fp/hard\libpic32c.a(pic32_data_init_clear.o)
                0x00003dac                __dinit_clear
                0x00003dac                __dinit_clear_needed

.text.MET_Can_Protocol_returnCommandError%108
                0x00003dc0       0x10
 .text.MET_Can_Protocol_returnCommandError
                0x00003dc0       0x10 build/default/debug/_ext/1894469536/MET_can_protocol.o
                0x00003dc0                MET_Can_Protocol_returnCommandError

.text.MET_Can_Protocol_returnCommandAborted%109
                0x00003dd0       0x10
 .text.MET_Can_Protocol_returnCommandAborted
                0x00003dd0       0x10 build/default/debug/_ext/1894469536/MET_can_protocol.o
                0x00003dd0                MET_Can_Protocol_returnCommandAborted

.text.CAN0_TxCallbackRegister%110
                0x00003de0       0x10
 .text.CAN0_TxCallbackRegister
                0x00003de0       0x10 build/default/debug/_ext/60165182/plib_can0.o
                0x00003de0                CAN0_TxCallbackRegister

.rodata%111     0x00003df0       0x10
 .rodata        0x00003df0       0x10 build/default/debug/_ext/60165182/plib_can0.o

.text.NVMCTRL_Initialize%112
                0x00003e00       0x10
 .text.NVMCTRL_Initialize
                0x00003e00       0x10 build/default/debug/_ext/1593096446/plib_nvmctrl.o
                0x00003e00                NVMCTRL_Initialize

.text.NVMCTRL_SmartEEPROM_IsBusy%113
                0x00003e10       0x10
 .text.NVMCTRL_SmartEEPROM_IsBusy
                0x00003e10       0x10 build/default/debug/_ext/1593096446/plib_nvmctrl.o
                0x00003e10                NVMCTRL_SmartEEPROM_IsBusy

.text.GeneratorInit%114
                0x00003e20       0x10
 .text.GeneratorInit
                0x00003e20       0x10 build/default/debug/_ext/31884679/generator.o
                0x00003e20                GeneratorInit

.text.ADC0_ConversionResultGet%115
                0x00003e30        0xc
 .text.ADC0_ConversionResultGet
                0x00003e30        0xc build/default/debug/_ext/60163342/plib_adc0.o
                0x00003e30                ADC0_ConversionResultGet

.text.ADC1_ConversionResultGet%116
                0x00003e3c        0xc
 .text.ADC1_ConversionResultGet
                0x00003e3c        0xc build/default/debug/_ext/60163342/plib_adc1.o
                0x00003e3c                ADC1_ConversionResultGet

.text.RTC_Timer32CallbackRegister%117
                0x00003e48        0xc
 .text.RTC_Timer32CallbackRegister
                0x00003e48        0xc build/default/debug/_ext/60180175/plib_rtc_timer.o
                0x00003e48                RTC_Timer32CallbackRegister

.text.ApplicationProtocolLoop%118
                0x00003e54        0x8
 .text.ApplicationProtocolLoop
                0x00003e54        0x8 build/default/debug/_ext/1042908558/protocol.o
                0x00003e54                ApplicationProtocolLoop

.rodata.can0StdFilter%119
                0x00003e5c        0x8
 .rodata.can0StdFilter
                0x00003e5c        0x8 build/default/debug/_ext/60165182/plib_can0.o

.text.Dummy_Handler%120
                0x00003e64        0x4
 .text.Dummy_Handler
                0x00003e64        0x4 build/default/debug/_ext/1171490990/interrupts.o
                0x00003e64                EIC_EXTINT_9_Handler
                0x00003e64                TCC0_MC5_Handler
                0x00003e64                SVCall_Handler
                0x00003e64                SERCOM0_2_Handler
                0x00003e64                USB_SOF_HSOF_Handler
                0x00003e64                TCC4_OTHER_Handler
                0x00003e64                TCC2_MC2_Handler
                0x00003e64                EVSYS_0_Handler
                0x00003e64                TRNG_Handler
                0x00003e64                TC2_Handler
                0x00003e64                USB_TRCPT0_Handler
                0x00003e64                DAC_OTHER_Handler
                0x00003e64                AC_Handler
                0x00003e64                DAC_EMPTY_0_Handler
                0x00003e64                DMAC_OTHER_Handler
                0x00003e64                EIC_EXTINT_5_Handler
                0x00003e64                SERCOM3_1_Handler
                0x00003e64                SysTick_Handler
                0x00003e64                SERCOM4_OTHER_Handler
                0x00003e64                SERCOM3_2_Handler
                0x00003e64                EIC_EXTINT_6_Handler
                0x00003e64                PendSV_Handler
                0x00003e64                TCC4_MC0_Handler
                0x00003e64                EVSYS_3_Handler
                0x00003e64                QSPI_Handler
                0x00003e64                TCC2_MC0_Handler
                0x00003e64                PDEC_OTHER_Handler
                0x00003e64                TCC3_MC0_Handler
                0x00003e64                PDEC_MC1_Handler
                0x00003e64                TCC2_MC1_Handler
                0x00003e64                OSCCTRL_XOSC1_Handler
                0x00003e64                PDEC_MC0_Handler
                0x00003e64                EIC_EXTINT_4_Handler
                0x00003e64                EIC_EXTINT_7_Handler
                0x00003e64                SERCOM0_OTHER_Handler
                0x00003e64                EVSYS_OTHER_Handler
                0x00003e64                SERCOM0_0_Handler
                0x00003e64                SERCOM4_0_Handler
                0x00003e64                TCC1_MC0_Handler
                0x00003e64                SERCOM1_OTHER_Handler
                0x00003e64                TCC2_OTHER_Handler
                0x00003e64                EIC_EXTINT_11_Handler
                0x00003e64                SUPC_BODDET_Handler
                0x00003e64                EIC_EXTINT_14_Handler
                0x00003e64                OSC32KCTRL_Handler
                0x00003e64                EVSYS_1_Handler
                0x00003e64                TCC4_MC1_Handler
                0x00003e64                DMAC_0_Handler
                0x00003e64                SUPC_OTHER_Handler
                0x00003e64                WDT_Handler
                0x00003e64                EIC_EXTINT_15_Handler
                0x00003e64                EIC_EXTINT_1_Handler
                0x00003e64                TCC3_MC1_Handler
                0x00003e64                SERCOM5_0_Handler
                0x00003e64                TC4_Handler
                0x00003e64                TC1_Handler
                0x00003e64                TCC1_MC1_Handler
                0x00003e64                EIC_EXTINT_0_Handler
                0x00003e64                TCC1_OTHER_Handler
                0x00003e64                PAC_Handler
                0x00003e64                SERCOM4_1_Handler
                0x00003e64                TC3_Handler
                0x00003e64                Dummy_Handler
                0x00003e64                DAC_RESRDY_0_Handler
                0x00003e64                SERCOM5_1_Handler
                0x00003e64                DMAC_2_Handler
                0x00003e64                TCC0_MC4_Handler
                0x00003e64                USB_TRCPT1_Handler
                0x00003e64                SERCOM0_1_Handler
                0x00003e64                TCC0_MC3_Handler
                0x00003e64                EIC_EXTINT_12_Handler
                0x00003e64                OSCCTRL_DPLL0_Handler
                0x00003e64                SERCOM5_OTHER_Handler
                0x00003e64                PM_Handler
                0x00003e64                OSCCTRL_DFLL_Handler
                0x00003e64                DAC_RESRDY_1_Handler
                0x00003e64                DMAC_1_Handler
                0x00003e64                USB_OTHER_Handler
                0x00003e64                CAN1_Handler
                0x00003e64                TCC0_OTHER_Handler
                0x00003e64                EIC_EXTINT_10_Handler
                0x00003e64                TCC1_MC3_Handler
                0x00003e64                OSCCTRL_XOSC0_Handler
                0x00003e64                TCC0_MC0_Handler
                0x00003e64                EIC_EXTINT_2_Handler
                0x00003e64                SDHC0_Handler
                0x00003e64                SERCOM1_1_Handler
                0x00003e64                I2S_Handler
                0x00003e64                PCC_Handler
                0x00003e64                TCC3_OTHER_Handler
                0x00003e64                EIC_EXTINT_13_Handler
                0x00003e64                SERCOM1_0_Handler
                0x00003e64                PUKCC_Handler
                0x00003e64                SERCOM2_1_Handler
                0x00003e64                SERCOM1_2_Handler
                0x00003e64                SERCOM3_0_Handler
                0x00003e64                SERCOM4_2_Handler
                0x00003e64                TCC1_MC2_Handler
                0x00003e64                ADC1_RESRDY_Handler
                0x00003e64                NVMCTRL_1_Handler
                0x00003e64                SERCOM5_2_Handler
                0x00003e64                SERCOM2_2_Handler
                0x00003e64                DAC_EMPTY_1_Handler
                0x00003e64                ADC1_OTHER_Handler
                0x00003e64                OSCCTRL_DPLL1_Handler
                0x00003e64                EIC_EXTINT_3_Handler
                0x00003e64                SERCOM3_OTHER_Handler
                0x00003e64                EIC_EXTINT_8_Handler
                0x00003e64                NVMCTRL_0_Handler
                0x00003e64                ADC0_RESRDY_Handler
                0x00003e64                ADC0_OTHER_Handler
                0x00003e64                MCLK_Handler
                0x00003e64                EVSYS_2_Handler
                0x00003e64                SERCOM2_OTHER_Handler
                0x00003e64                FREQM_Handler
                0x00003e64                TC0_Handler
                0x00003e64                TCC0_MC1_Handler
                0x00003e64                DMAC_3_Handler
                0x00003e64                RAMECC_Handler
                0x00003e64                TC5_Handler
                0x00003e64                SERCOM2_0_Handler
                0x00003e64                AES_Handler
                0x00003e64                ICM_Handler
                0x00003e64                TCC0_MC2_Handler

.text.NonMaskableInt_Handler%121
                0x00003e68        0x4
 .text.NonMaskableInt_Handler
                0x00003e68        0x4 build/default/debug/_ext/1171490990/exceptions.o
                0x00003e68                NonMaskableInt_Handler

.text.HardFault_Handler%122
                0x00003e6c        0x4
 .text.HardFault_Handler
                0x00003e6c        0x4 build/default/debug/_ext/1171490990/exceptions.o
                0x00003e6c                HardFault_Handler

.text.DebugMonitor_Handler%123
                0x00003e70        0x4
 .text.DebugMonitor_Handler
                0x00003e70        0x4 build/default/debug/_ext/1171490990/exceptions.o
                0x00003e70                DebugMonitor_Handler

.text.MemoryManagement_Handler%124
                0x00003e74        0x4
 .text.MemoryManagement_Handler
                0x00003e74        0x4 build/default/debug/_ext/1171490990/exceptions.o
                0x00003e74                MemoryManagement_Handler

.text.BusFault_Handler%125
                0x00003e78        0x4
 .text.BusFault_Handler
                0x00003e78        0x4 build/default/debug/_ext/1171490990/exceptions.o
                0x00003e78                BusFault_Handler

.text.UsageFault_Handler%126
                0x00003e7c        0x4
 .text.UsageFault_Handler
                0x00003e7c        0x4 build/default/debug/_ext/1171490990/exceptions.o
                0x00003e7c                UsageFault_Handler

.text.__dummy_decompress%127
                0x00003e80        0x4
 .text.__dummy_decompress
                0x00003e80        0x4 c:/program files/microchip/xc32/v4.35/bin/bin/../../lib/gcc/pic32c/8.3.1/../../../../pic32c/lib/thumb/v7e-m+fp/hard\libpic32c.a(data_init.o)
                0x00003e80                __dinit_decompress
                0x00003e80                __dinit_copy_val_data
                0x00003e80                __dinit_copy_emb

.text.Protocol_7280_us_callback%128
                0x00003b3a        0x2
 .text.Protocol_7280_us_callback
                0x00003b3a        0x2 build/default/debug/_ext/1042908558/protocol.o
                0x00003b3a                Protocol_7280_us_callback

.text.EVSYS_Initialize%129
                0x00003ca6        0x2
 .text.EVSYS_Initialize
                0x00003ca6        0x2 build/default/debug/_ext/1986646378/plib_evsys.o
                0x00003ca6                EVSYS_Initialize

.text.Dummy_App_Func%130
                0x00003dbe        0x2
 .text.Dummy_App_Func
                0x00003dbe        0x2 build/default/debug/_ext/1171490990/startup_xc32.o
                0x00003dbe                _on_reset
                0x00003dbe                _on_bootstrap
                0x00003dbe                __xc32_on_reset
                0x00003dbe                Dummy_App_Func
                0x00003dbe                __xc32_on_bootstrap

.text.__dummy%131
                0x00003e84        0x2
 .text.__dummy  0x00003e84        0x2 c:/program files/microchip/xc32/v4.35/bin/bin/../../lib/gcc/pic32c/8.3.1/../../../../pic32c/lib/thumb/v7e-m+fp/hard\libg-musl.a(__libc_start_main.o)
                0x00003e84                __init_stdio
                0x00003e84                __init_host
