Archive member included to satisfy reference by file (symbol)

c:/program files/microchip/xc32/v3.01/bin/bin/../../lib/gcc/pic32c/8.3.1/../../../../pic32c/lib/thumb/v7e-m+fp/hard\libpic32c.a(data_init.o)
                              build/default/production/_ext/1171490990/startup_xc32.o (__pic32c_data_initialization)
c:/program files/microchip/xc32/v3.01/bin/bin/../../lib/gcc/pic32c/8.3.1/../../../../pic32c/lib/thumb/v7e-m+fp/hard\libc_nano.a(lib_a-init.o)
                              build/default/production/_ext/1171490990/startup_xc32.o (__libc_init_array)
c:/program files/microchip/xc32/v3.01/bin/bin/../../lib/gcc/pic32c/8.3.1/../../../../pic32c/lib/thumb/v7e-m+fp/hard\libc_nano.a(lib_a-memcpy-stub.o)
                              build/default/production/_ext/60165182/plib_can1.o (memcpy)
c:/program files/microchip/xc32/v3.01/bin/bin/../../lib/gcc/pic32c/8.3.1/../../../../pic32c/lib/thumb/v7e-m+fp/hard\libc_nano.a(lib_a-memset.o)
                              build/default/production/_ext/60165182/plib_can1.o (memset)

Microchip PIC32 Memory-Usage Report

ROM Program-Memory Usage
section                    address  length [bytes]      (dec)  Description
-------                 ----------  -------------------------  -----------
.vectors                    0x2000          0x260         608   
.text                       0x2260           0x20          32  App's exec code 
.text.MET_Can_Protocol_     0x2280          0x3a4         932   
.text.positioningExecut     0x2624          0x39c         924   
.text.Power_1564us_Loop     0x29c0          0x394         916   
.dinit                      0x2d54          0x370         880   
.text.deviceInitializat     0x30c4          0x2fc         764   
.text.deviceZeroSetting     0x33c0          0x2e4         740   
.text.CAN0_InterruptHan     0x36a4          0x26c         620   
.text.ciaFault              0x3910          0x1d0         464   
.rodata.ARM_CONFIG_VECT     0x3ae0          0x1c0         448   
.rodata.LIFT_CONFIG_VEC     0x3ca0          0x1c0         448   
.rodata.BODY_CONFIG_VEC     0x3e60          0x1c0         448   
.text.BusHwLoop             0x4020          0x188         392   
.text.CAN1_InterruptHan     0x41a8          0x178         376   
.text.ciaSwitchedOn         0x4320          0x16c         364   
.text.CLOCK_Initialize      0x448c          0x160         352   
.text.MET_Can_Protocol_     0x45ec          0x104         260   
.text.ciaOperationEnabl     0x46f0           0xdc         220   
.text.ciaGetStatus          0x47cc           0xd4         212   
.text.ApplicationProtoc     0x48a0           0xbc         188   
.text.CAN0_MessageTrans     0x495c           0xac         172   
.text.CAN0_MessageRAMCo     0x4a08           0xac         172   
.text.CAN1_MessageTrans     0x4ab4           0xa8         168   
.text.PORT_Initialize       0x4b5c           0x98         152   
.text.CAN1_MessageRAMCo     0x4bf4           0x94         148   
.text.MET_CanOpen_Proto     0x4c88           0x94         148   
.text.CAN0_MessageRecei     0x4d1c           0x90         144   
.text.Reset_Handler         0x4dac           0x90         144   
.text.main                  0x4e3c           0x90         144   
.text.initPowerOff          0x4ecc           0x8c         140   
.text.CAN1_Initialize       0x4f58           0x88         136   
.text.CAN0_Initialize       0x4fe0           0x88         136   
.text.__pic32c_data_ini     0x5068           0x88         136   
.text.BusHwInit             0x50f0           0x70         112   
.text.MET_CanOpen_Proto     0x5160           0x68         104   
.text.ciaReadyToSwitchO     0x51c8           0x68         104   
.text.ciaSwitchOnDisabl     0x5230           0x68         104   
.text.ApplicationProtoc     0x5298           0x66         102   
.text.EVSYS_Initialize      0x52fe            0x2           2   
.text.ciaQuickStopActiv     0x5300           0x64         100   
.text.ADC0_Initialize       0x5364           0x5c          92   
.text.ADC1_Initialize       0x53c0           0x5c          92   
.text.MET_canOpen_getOd     0x541c           0x58          88   
.text.MET_canOpen_Write     0x5474           0x54          84   
.text.MET_Can_AppRestar     0x54c8           0x50          80   
.text.CAN1_MessageRecei     0x5518           0x50          80   
.text.GeneratorLoop         0x5568           0x50          80   
.text.MET_CanOpen_Proto     0x55b8           0x50          80   
.text.MET_canOpen_GetCi     0x5608           0x50          80   
.text.MET_canOpen_ReadS     0x5658           0x4c          76   
.text.PowerModule_reque     0x56a4           0x4c          76   
.text.NVIC_Initialize       0x56f0           0x48          72   
.text.motorDeviceActiva     0x5738           0x48          72   
.text.__libc_init_array     0x5780           0x48          72   
.text.MET_Can_Protocol_     0x57c8           0x44          68   
.text.RTC_Initialize        0x580c           0x44          68   
[...]
Memory Configuration

Name             Origin             Length             Attributes
rom              0x00002000         0x000fe000         xrl
ram              0x20000010         0x0003fff0         xw !r
tcm              0x03000000         0x00000000         xw
config_00804000  0x00804000         0x00000004
config_00804008  0x00804008         0x00000004
config_00804004  0x00804004         0x00000004
*default*        0x00000000         0xffffffff

Linker script and memory map

LOAD c:/program files/microchip/xc32/v3.01/bin/bin/../../lib/gcc/pic32c/8.3.1/thumb/v7e-m+fp/hard/crti.o
LOAD c:/program files/microchip/xc32/v3.01/bin/bin/../../lib/gcc/pic32c/8.3.1/thumb/v7e-m+fp/hard/crtbegin.o
LOAD build/default/production/_ext/2126997906/bushw.o
LOAD build/default/production/_ext/1894469536/MET_can_protocol.o
LOAD build/default/production/_ext/60163342/plib_adc0.o
LOAD build/default/production/_ext/60163342/plib_adc1.o
LOAD build/default/production/_ext/60165182/plib_can1.o
LOAD build/default/production/_ext/60165182/plib_can0.o
LOAD build/default/production/_ext/1984496892/plib_clock.o
LOAD build/default/production/_ext/1865131932/plib_cmcc.o
LOAD build/default/production/_ext/1986646378/plib_evsys.o
LOAD build/default/production/_ext/1865468468/plib_nvic.o
LOAD build/default/production/_ext/1593096446/plib_nvmctrl.o
LOAD build/default/production/_ext/1865521619/plib_port.o
LOAD build/default/production/_ext/60180175/plib_rtc_timer.o
LOAD build/default/production/_ext/829342655/plib_tc0.o
LOAD build/default/production/_ext/163028504/xc32_monitor.o
LOAD build/default/production/_ext/1171490990/initialization.o
LOAD build/default/production/_ext/1171490990/interrupts.o
LOAD build/default/production/_ext/1171490990/exceptions.o
LOAD build/default/production/_ext/1171490990/startup_xc32.o
LOAD build/default/production/_ext/1171490990/libc_syscalls.o
LOAD build/default/production/_ext/31884679/generator.o
LOAD build/default/production/_ext/1023676168/MET_can_open.o
LOAD build/default/production/_ext/1023676168/ARM.o
LOAD build/default/production/_ext/1023676168/pd4.o
LOAD build/default/production/_ext/1023676168/LIFT.o
LOAD build/default/production/_ext/1023676168/BODY.o
LOAD build/default/production/_ext/1554269333/power.o
LOAD build/default/production/_ext/1042908558/protocol.o
LOAD build/default/production/_ext/1360937237/main.o
                0x00000001                __MPLAB_BUILD = 0x1
                0x00100000                __rom_end = (ORIGIN (rom) + LENGTH (rom))
                0x20040000                __ram_end = (ORIGIN (ram) + LENGTH (ram))

.config_00804000
                0x00804000        0x4
 *(.config_00804000)
 .config_00804000
                0x00804000        0x4 build/default/production/_ext/1171490990/initialization.o
                0x00804000                __config_00804000

.config_00804008
                0x00804008        0x4
 *(.config_00804008)
 .config_00804008
                0x00804008        0x4 build/default/production/_ext/1171490990/initialization.o
                0x00804008                __config_00804008

.config_00804004
                0x00804004        0x4
 *(.config_00804004)
 .config_00804004
                0x00804004        0x4 build/default/production/_ext/1171490990/initialization.o
                0x00804004                __config_00804004

.vectors        0x00002000      0x260
                0x00002000                . = ALIGN (0x4)
                0x00002000                _sfixed = .
 *(.vectors .vectors.* .vectors_default .vectors_default.*)
 .vectors       0x00002000      0x260 build/default/production/_ext/1171490990/interrupts.o
                0x00002000                exception_table
 *(.isr_vector)
 *(.reset*)
 *(.after_vectors)

.text           0x00002260       0x20
                0x00002260                . = ALIGN (0x4)
 *(.glue_7t)
 .glue_7t       0x00002260        0x0 linker stubs
 *(.glue_7)
 .glue_7        0x00002260        0x0 linker stubs
 *(.gnu.linkonce.r.*)
 *(.ARM.extab* .gnu.linkonce.armextab.*)
                0x00002260                . = ALIGN (0x4)
 *(.init)
 .init          0x00002260        0x4 c:/program files/microchip/xc32/v3.01/bin/bin/../../lib/gcc/pic32c/8.3.1/thumb/v7e-m+fp/hard/crti.o
                0x00002260                _init
 .init          0x00002264        0x8 c:/program files/microchip/xc32/v3.01/bin/bin/../../lib/gcc/pic32c/8.3.1/thumb/v7e-m+fp/hard/crtn.o
                0x0000226c                . = ALIGN (0x4)
                0x0000226c                __preinit_array_start = .
 *(.preinit_array)
                0x0000226c                __preinit_array_end = .
                0x0000226c                . = ALIGN (0x4)
                0x0000226c                __init_array_start = .
 *(SORT_BY_NAME(.init_array.*))
 *(.init_array)
 .init_array    0x0000226c        0x4 c:/program files/microchip/xc32/v3.01/bin/bin/../../lib/gcc/pic32c/8.3.1/thumb/v7e-m+fp/hard/crtbegin.o
                0x00002270                __init_array_end = .
                0x00002270                . = ALIGN (0x4)
 *crtbegin.o(.ctors)
 *(EXCLUDE_FILE(*crtend.o) .ctors)
 *(SORT_BY_NAME(.ctors.*))
 *crtend.o(.ctors)
                0x00002270                . = ALIGN (0x4)
 *(.fini)
 .fini          0x00002270        0x4 c:/program files/microchip/xc32/v3.01/bin/bin/../../lib/gcc/pic32c/8.3.1/thumb/v7e-m+fp/hard/crti.o
                0x00002270                _fini
 .fini          0x00002274        0x8 c:/program files/microchip/xc32/v3.01/bin/bin/../../lib/gcc/pic32c/8.3.1/thumb/v7e-m+fp/hard/crtn.o
                0x0000227c                . = ALIGN (0x4)
                0x0000227c                __fini_array_start = .
 *(.fini_array)
 .fini_array    0x0000227c        0x4 c:/program files/microchip/xc32/v3.01/bin/bin/../../lib/gcc/pic32c/8.3.1/thumb/v7e-m+fp/hard/crtbegin.o
 *(SORT_BY_NAME(.fini_array.*))
                0x00002280                __fini_array_end = .
 *crtbegin.o(.dtors)
 *(EXCLUDE_FILE(*crtend.o) .dtors)
 *(SORT_BY_NAME(.dtors.*))
 *crtend.o(.dtors)
                0x00002280                . = ALIGN (0x4)
                0x00002280                _efixed = .
                [!provide]                PROVIDE (__exidx_start = .)

.ARM.exidx
 *(.ARM.exidx* .gnu.linkonce.armexidx.*)
                [!provide]                PROVIDE (__exidx_end = .)
                0x00002280                . = ALIGN (0x4)
                0x00002280                _etext = .

.bss            0x20000010        0x0
                0x20000010                . = ALIGN (0x4)
                0x20000010                __bss_start__ = .
                0x20000010                _sbss = .
                0x20000010                _szero = .
 *(COMMON)
                0x20000010                . = ALIGN (0x4)
                0x20000010                __bss_end__ = .
                0x20000010                _ebss = .
                0x20000010                _ezero = .
                0x20000010                . = ALIGN (0x4)
                0x20000010                _end = .
                0x2003ffff                _ram_end_ = ((ORIGIN (ram) + LENGTH (ram)) - 0x1)
                0x00000200                _min_heap_size = 0x200
START GROUP
LOAD c:/program files/microchip/xc32/v3.01/bin/bin/../../lib/gcc/pic32c/8.3.1/../../../../pic32c/lib/thumb/v7e-m+fp/hard\libpic32c.a
LOAD c:/program files/microchip/xc32/v3.01/bin/bin/../../lib/gcc/pic32c/8.3.1/thumb/v7e-m+fp/hard\libgcc.a
LOAD c:/program files/microchip/xc32/v3.01/bin/bin/../../lib/gcc/pic32c/8.3.1/../../../../pic32c/lib/thumb/v7e-m+fp/hard\libm_nano.a
LOAD c:/program files/microchip/xc32/v3.01/bin/bin/../../lib/gcc/pic32c/8.3.1/../../../../pic32c/lib/thumb/v7e-m+fp/hard\libc_nano.a
END GROUP
LOAD c:/program files/microchip/xc32/v3.01/bin/bin/../../lib/gcc/pic32c/8.3.1/thumb/v7e-m+fp/hard/crtend.o
LOAD c:/program files/microchip/xc32/v3.01/bin/bin/../../lib/gcc/pic32c/8.3.1/thumb/v7e-m+fp/hard/crtn.o
OUTPUT(dist/default/production/FW301.X.production.elf elf32-littlearm)
LOAD stack
LOAD data_init

.ARM.attributes
                0x00000000       0x32
 .ARM.attributes
                0x00000000       0x1e c:/program files/microchip/xc32/v3.01/bin/bin/../../lib/gcc/pic32c/8.3.1/thumb/v7e-m+fp/hard/crti.o
 .ARM.attributes
                0x0000001e       0x34 c:/program files/microchip/xc32/v3.01/bin/bin/../../lib/gcc/pic32c/8.3.1/thumb/v7e-m+fp/hard/crtbegin.o
 .ARM.attributes
                0x00000052       0x34 build/default/production/_ext/2126997906/bushw.o
 .ARM.attributes
                0x00000086       0x34 build/default/production/_ext/1894469536/MET_can_protocol.o
 .ARM.attributes
                0x000000ba       0x34 build/default/production/_ext/60163342/plib_adc0.o
 .ARM.attributes
                0x000000ee       0x34 build/default/production/_ext/60163342/plib_adc1.o
 .ARM.attributes
                0x00000122       0x34 build/default/production/_ext/60165182/plib_can1.o
 .ARM.attributes
                0x00000156       0x34 build/default/production/_ext/60165182/plib_can0.o
 .ARM.attributes
                0x0000018a       0x34 build/default/production/_ext/1984496892/plib_clock.o
 .ARM.attributes
                0x000001be       0x34 build/default/production/_ext/1986646378/plib_evsys.o
 .ARM.attributes
                0x000001f2       0x34 build/default/production/_ext/1865468468/plib_nvic.o
 .ARM.attributes
                0x00000226       0x34 build/default/production/_ext/1593096446/plib_nvmctrl.o
 .ARM.attributes
                0x0000025a       0x34 build/default/production/_ext/1865521619/plib_port.o
 .ARM.attributes
                0x0000028e       0x34 build/default/production/_ext/60180175/plib_rtc_timer.o
 .ARM.attributes
                0x000002c2       0x34 build/default/production/_ext/829342655/plib_tc0.o
 .ARM.attributes
                0x000002f6       0x34 build/default/production/_ext/1171490990/initialization.o
 .ARM.attributes
                0x0000032a       0x34 build/default/production/_ext/1171490990/interrupts.o
 .ARM.attributes
                0x0000035e       0x34 build/default/production/_ext/1171490990/exceptions.o
 .ARM.attributes
                0x00000392       0x34 build/default/production/_ext/1171490990/startup_xc32.o
 .ARM.attributes
                0x000003c6       0x34 build/default/production/_ext/31884679/generator.o
 .ARM.attributes
                0x000003fa       0x34 build/default/production/_ext/1023676168/MET_can_open.o
 .ARM.attributes
                0x0000042e       0x34 build/default/production/_ext/1023676168/ARM.o
 .ARM.attributes
                0x00000462       0x34 build/default/production/_ext/1023676168/LIFT.o
 .ARM.attributes
                0x00000496       0x34 build/default/production/_ext/1023676168/BODY.o
 .ARM.attributes
                0x000004ca       0x34 build/default/production/_ext/1554269333/power.o
 .ARM.attributes
                0x000004fe       0x34 build/default/production/_ext/1042908558/protocol.o
 .ARM.attributes
                0x00000532       0x34 build/default/production/_ext/1360937237/main.o
 .ARM.attributes
                0x00000566       0x34 c:/program files/microchip/xc32/v3.01/bin/bin/../../lib/gcc/pic32c/8.3.1/../../../../pic32c/lib/thumb/v7e-m+fp/hard\libpic32c.a(data_init.o)
 .ARM.attributes
                0x0000059a       0x34 c:/program files/microchip/xc32/v3.01/bin/bin/../../lib/gcc/pic32c/8.3.1/../../../../pic32c/lib/thumb/v7e-m+fp/hard\libc_nano.a(lib_a-init.o)
 .ARM.attributes
                0x000005ce       0x34 c:/program files/microchip/xc32/v3.01/bin/bin/../../lib/gcc/pic32c/8.3.1/../../../../pic32c/lib/thumb/v7e-m+fp/hard\libc_nano.a(lib_a-memcpy-stub.o)
 .ARM.attributes
                0x00000602       0x34 c:/program files/microchip/xc32/v3.01/bin/bin/../../lib/gcc/pic32c/8.3.1/../../../../pic32c/lib/thumb/v7e-m+fp/hard\libc_nano.a(lib_a-memset.o)
 .ARM.attributes
                0x00000636       0x1e c:/program files/microchip/xc32/v3.01/bin/bin/../../lib/gcc/pic32c/8.3.1/thumb/v7e-m+fp/hard/crtn.o

.comment        0x00000000       0x53
 .comment       0x00000000       0x53 c:/program files/microchip/xc32/v3.01/bin/bin/../../lib/gcc/pic32c/8.3.1/thumb/v7e-m+fp/hard/crtbegin.o
                                 0x54 (size before relaxing)
 .comment       0x00000053       0x54 build/default/production/_ext/2126997906/bushw.o
 .comment       0x00000053       0x54 build/default/production/_ext/1894469536/MET_can_protocol.o
 .comment       0x00000053       0x54 build/default/production/_ext/60163342/plib_adc0.o
 .comment       0x00000053       0x54 build/default/production/_ext/60163342/plib_adc1.o
 .comment       0x00000053       0x54 build/default/production/_ext/60165182/plib_can1.o
 .comment       0x00000053       0x54 build/default/production/_ext/60165182/plib_can0.o
 .comment       0x00000053       0x54 build/default/production/_ext/1984496892/plib_clock.o
 .comment       0x00000053       0x54 build/default/production/_ext/1986646378/plib_evsys.o
 .comment       0x00000053       0x54 build/default/production/_ext/1865468468/plib_nvic.o
 .comment       0x00000053       0x54 build/default/production/_ext/1593096446/plib_nvmctrl.o
 .comment       0x00000053       0x54 build/default/production/_ext/1865521619/plib_port.o
 .comment       0x00000053       0x54 build/default/production/_ext/60180175/plib_rtc_timer.o
 .comment       0x00000053       0x54 build/default/production/_ext/829342655/plib_tc0.o
 .comment       0x00000053       0x54 build/default/production/_ext/1171490990/initialization.o
 .comment       0x00000053       0x54 build/default/production/_ext/1171490990/interrupts.o
 .comment       0x00000053       0x54 build/default/production/_ext/1171490990/exceptions.o
 .comment       0x00000053       0x54 build/default/production/_ext/1171490990/startup_xc32.o
 .comment       0x00000053       0x54 build/default/production/_ext/31884679/generator.o
 .comment       0x00000053       0x54 build/default/production/_ext/1023676168/MET_can_open.o
 .comment       0x00000053       0x54 build/default/production/_ext/1023676168/ARM.o
 .comment       0x00000053       0x54 build/default/production/_ext/1023676168/LIFT.o
 .comment       0x00000053       0x54 build/default/production/_ext/1023676168/BODY.o
 .comment       0x00000053       0x54 build/default/production/_ext/1554269333/power.o
 .comment       0x00000053       0x54 build/default/production/_ext/1042908558/protocol.o
 .comment       0x00000053       0x54 build/default/production/_ext/1360937237/main.o
 .comment       0x00000053       0x54 c:/program files/microchip/xc32/v3.01/bin/bin/../../lib/gcc/pic32c/8.3.1/../../../../pic32c/lib/thumb/v7e-m+fp/hard\libpic32c.a(data_init.o)
 .comment       0x00000053       0x54 c:/program files/microchip/xc32/v3.01/bin/bin/../../lib/gcc/pic32c/8.3.1/../../../../pic32c/lib/thumb/v7e-m+fp/hard\libc_nano.a(lib_a-init.o)
 .comment       0x00000053       0x54 c:/program files/microchip/xc32/v3.01/bin/bin/../../lib/gcc/pic32c/8.3.1/../../../../pic32c/lib/thumb/v7e-m+fp/hard\libc_nano.a(lib_a-memcpy-stub.o)
 .comment       0x00000053       0x54 c:/program files/microchip/xc32/v3.01/bin/bin/../../lib/gcc/pic32c/8.3.1/../../../../pic32c/lib/thumb/v7e-m+fp/hard\libc_nano.a(lib_a-memset.o)

.debug_info     0x00000000    0x248a0
 .debug_info    0x00000000     0x147c build/default/production/_ext/2126997906/bushw.o
 .debug_info    0x0000147c     0x2c17 build/default/production/_ext/1894469536/MET_can_protocol.o
 .debug_info    0x00004093      0xe80 build/default/production/_ext/60163342/plib_adc0.o
 .debug_info    0x00004f13      0xe80 build/default/production/_ext/60163342/plib_adc1.o
 .debug_info    0x00005d93     0x28a1 build/default/production/_ext/60165182/plib_can1.o
 .debug_info    0x00008634     0x2918 build/default/production/_ext/60165182/plib_can0.o
 .debug_info    0x0000af4c      0xc58 build/default/production/_ext/1984496892/plib_clock.o
 .debug_info    0x0000bba4      0x386 build/default/production/_ext/1986646378/plib_evsys.o
 .debug_info    0x0000bf2a     0x145f build/default/production/_ext/1865468468/plib_nvic.o
 .debug_info    0x0000d389     0x188c build/default/production/_ext/1593096446/plib_nvmctrl.o
 .debug_info    0x0000ec15      0xe56 build/default/production/_ext/1865521619/plib_port.o
 .debug_info    0x0000fa6b     0x1c49 build/default/production/_ext/60180175/plib_rtc_timer.o
 .debug_info    0x000116b4      0xccc build/default/production/_ext/829342655/plib_tc0.o
 .debug_info    0x00012380     0x102b build/default/production/_ext/1171490990/initialization.o
 .debug_info    0x000133ab     0x2282 build/default/production/_ext/1171490990/interrupts.o
 .debug_info    0x0001562d      0xfda build/default/production/_ext/1171490990/exceptions.o
 .debug_info    0x00016607      0x98f build/default/production/_ext/1171490990/startup_xc32.o
 .debug_info    0x00016f96     0x1235 build/default/production/_ext/31884679/generator.o
 .debug_info    0x000181cb     0x31b0 build/default/production/_ext/1023676168/MET_can_open.o
 .debug_info    0x0001b37b     0x165e build/default/production/_ext/1023676168/ARM.o
 .debug_info    0x0001c9d9     0x166b build/default/production/_ext/1023676168/LIFT.o
 .debug_info    0x0001e044     0x166b build/default/production/_ext/1023676168/BODY.o
 .debug_info    0x0001f6af     0x1a0e build/default/production/_ext/1554269333/power.o
 .debug_info    0x000210bd     0x1bba build/default/production/_ext/1042908558/protocol.o
 .debug_info    0x00022c77     0x195c build/default/production/_ext/1360937237/main.o
 .debug_info    0x000245d3      0x2cd c:/program files/microchip/xc32/v3.01/bin/bin/../../lib/gcc/pic32c/8.3.1/../../../../pic32c/lib/thumb/v7e-m+fp/hard\libpic32c.a(data_init.o)

.debug_abbrev   0x00000000     0x3d25
 .debug_abbrev  0x00000000      0x203 build/default/production/_ext/2126997906/bushw.o
 .debug_abbrev  0x00000203      0x4d6 build/default/production/_ext/1894469536/MET_can_protocol.o
 .debug_abbrev  0x000006d9      0x19d build/default/production/_ext/60163342/plib_adc0.o
 .debug_abbrev  0x00000876      0x19d build/default/production/_ext/60163342/plib_adc1.o
 .debug_abbrev  0x00000a13      0x45e build/default/production/_ext/60165182/plib_can1.o
 .debug_abbrev  0x00000e71      0x466 build/default/production/_ext/60165182/plib_can0.o
 .debug_abbrev  0x000012d7      0x135 build/default/production/_ext/1984496892/plib_clock.o
 .debug_abbrev  0x0000140c       0x64 build/default/production/_ext/1986646378/plib_evsys.o
 .debug_abbrev  0x00001470      0x217 build/default/production/_ext/1865468468/plib_nvic.o
 .debug_abbrev  0x00001687      0x30a build/default/production/_ext/1593096446/plib_nvmctrl.o
 .debug_abbrev  0x00001991      0x1e9 build/default/production/_ext/1865521619/plib_port.o
 .debug_abbrev  0x00001b7a      0x2b4 build/default/production/_ext/60180175/plib_rtc_timer.o
 .debug_abbrev  0x00001e2e      0x1ae build/default/production/_ext/829342655/plib_tc0.o
 .debug_abbrev  0x00001fdc      0x1f2 build/default/production/_ext/1171490990/initialization.o
 .debug_abbrev  0x000021ce      0x1cc build/default/production/_ext/1171490990/interrupts.o
 .debug_abbrev  0x0000239a      0x1ac build/default/production/_ext/1171490990/exceptions.o
 .debug_abbrev  0x00002546      0x209 build/default/production/_ext/1171490990/startup_xc32.o
 .debug_abbrev  0x0000274f      0x22c build/default/production/_ext/31884679/generator.o
 .debug_abbrev  0x0000297b      0x490 build/default/production/_ext/1023676168/MET_can_open.o
 .debug_abbrev  0x00002e0b      0x24d build/default/production/_ext/1023676168/ARM.o
 .debug_abbrev  0x00003058      0x249 build/default/production/_ext/1023676168/LIFT.o
 .debug_abbrev  0x000032a1      0x249 build/default/production/_ext/1023676168/BODY.o
 .debug_abbrev  0x000034ea      0x30d build/default/production/_ext/1554269333/power.o
 .debug_abbrev  0x000037f7      0x28d build/default/production/_ext/1042908558/protocol.o
 .debug_abbrev  0x00003a84      0x273 build/default/production/_ext/1360937237/main.o
 .debug_abbrev  0x00003cf7       0x2e c:/program files/microchip/xc32/v3.01/bin/bin/../../lib/gcc/pic32c/8.3.1/../../../../pic32c/lib/thumb/v7e-m+fp/hard\libpic32c.a(data_init.o)

.debug_loc      0x00000000     0x3a64
 .debug_loc     0x00000000       0x40 build/default/production/_ext/2126997906/bushw.o
 .debug_loc     0x00000040      0x90a build/default/production/_ext/1894469536/MET_can_protocol.o
 .debug_loc     0x0000094a      0x129 build/default/production/_ext/60163342/plib_adc0.o
 .debug_loc     0x00000a73      0x129 build/default/production/_ext/60163342/plib_adc1.o
 .debug_loc     0x00000b9c      0x99a build/default/production/_ext/60165182/plib_can1.o
 .debug_loc     0x00001536      0xb43 build/default/production/_ext/60165182/plib_can0.o
 .debug_loc     0x00002079      0x13d build/default/production/_ext/1865468468/plib_nvic.o
 .debug_loc     0x000021b6      0x4bf build/default/production/_ext/1593096446/plib_nvmctrl.o
 .debug_loc     0x00002675      0x1e8 build/default/production/_ext/1865521619/plib_port.o
 .debug_loc     0x0000285d       0xb4 build/default/production/_ext/60180175/plib_rtc_timer.o
 .debug_loc     0x00002911      0x141 build/default/production/_ext/829342655/plib_tc0.o
 .debug_loc     0x00002a52       0x45 build/default/production/_ext/1171490990/initialization.o
 .debug_loc     0x00002a97       0x60 build/default/production/_ext/1171490990/startup_xc32.o
 .debug_loc     0x00002af7       0x20 build/default/production/_ext/31884679/generator.o
 .debug_loc     0x00002b17      0xa2e build/default/production/_ext/1023676168/MET_can_open.o
 .debug_loc     0x00003545       0x6f build/default/production/_ext/1023676168/ARM.o
 .debug_loc     0x000035b4       0x6f build/default/production/_ext/1023676168/LIFT.o
 .debug_loc     0x00003623       0x6f build/default/production/_ext/1023676168/BODY.o
 .debug_loc     0x00003692       0xdc build/default/production/_ext/1554269333/power.o
 .debug_loc     0x0000376e      0x2c2 build/default/production/_ext/1042908558/protocol.o
 .debug_loc     0x00003a30       0x20 build/default/production/_ext/1360937237/main.o
 .debug_loc     0x00003a50       0x14 c:/program files/microchip/xc32/v3.01/bin/bin/../../lib/gcc/pic32c/8.3.1/../../../../pic32c/lib/thumb/v7e-m+fp/hard\libpic32c.a(data_init.o)

.debug_aranges  0x00000000      0x948
 .debug_aranges
                0x00000000       0x28 build/default/production/_ext/2126997906/bushw.o
 .debug_aranges
                0x00000028       0xc8 build/default/production/_ext/1894469536/MET_can_protocol.o
 .debug_aranges
                0x000000f0       0x80 build/default/production/_ext/60163342/plib_adc0.o
 .debug_aranges
                0x00000170       0x80 build/default/production/_ext/60163342/plib_adc1.o
 .debug_aranges
                0x000001f0       0xa0 build/default/production/_ext/60165182/plib_can1.o
 .debug_aranges
                0x00000290       0xa0 build/default/production/_ext/60165182/plib_can0.o
 .debug_aranges
                0x00000330       0x20 build/default/production/_ext/1984496892/plib_clock.o
 .debug_aranges
                0x00000350       0x20 build/default/production/_ext/1986646378/plib_evsys.o
 .debug_aranges
                0x00000370       0x38 build/default/production/_ext/1865468468/plib_nvic.o
 .debug_aranges
                0x000003a8       0xb0 build/default/production/_ext/1593096446/plib_nvmctrl.o
 .debug_aranges
                0x00000458       0x70 build/default/production/_ext/1865521619/plib_port.o
 .debug_aranges
                0x000004c8       0xa0 build/default/production/_ext/60180175/plib_rtc_timer.o
 .debug_aranges
                0x00000568       0x78 build/default/production/_ext/829342655/plib_tc0.o
 .debug_aranges
                0x000005e0       0x20 build/default/production/_ext/1171490990/initialization.o
 .debug_aranges
                0x00000600       0x20 build/default/production/_ext/1171490990/interrupts.o
 .debug_aranges
                0x00000620       0x48 build/default/production/_ext/1171490990/exceptions.o
 .debug_aranges
                0x00000668       0x28 build/default/production/_ext/1171490990/startup_xc32.o
 .debug_aranges
                0x00000690       0x30 build/default/production/_ext/31884679/generator.o
 .debug_aranges
                0x000006c0      0x110 build/default/production/_ext/1023676168/MET_can_open.o
 .debug_aranges
                0x000007d0       0x38 build/default/production/_ext/1023676168/ARM.o
 .debug_aranges
                0x00000808       0x38 build/default/production/_ext/1023676168/LIFT.o
 .debug_aranges
                0x00000840       0x38 build/default/production/_ext/1023676168/BODY.o
 .debug_aranges
                0x00000878       0x50 build/default/production/_ext/1554269333/power.o
 .debug_aranges
                0x000008c8       0x38 build/default/production/_ext/1042908558/protocol.o
 .debug_aranges
                0x00000900       0x28 build/default/production/_ext/1360937237/main.o
 .debug_aranges
                0x00000928       0x20 c:/program files/microchip/xc32/v3.01/bin/bin/../../lib/gcc/pic32c/8.3.1/../../../../pic32c/lib/thumb/v7e-m+fp/hard\libpic32c.a(data_init.o)

.debug_ranges   0x00000000      0x858
 .debug_ranges  0x00000000       0x18 build/default/production/_ext/2126997906/bushw.o
 .debug_ranges  0x00000018       0xe8 build/default/production/_ext/1894469536/MET_can_protocol.o
 .debug_ranges  0x00000100       0x70 build/default/production/_ext/60163342/plib_adc0.o
 .debug_ranges  0x00000170       0x70 build/default/production/_ext/60163342/plib_adc1.o
 .debug_ranges  0x000001e0       0x90 build/default/production/_ext/60165182/plib_can1.o
 .debug_ranges  0x00000270       0x90 build/default/production/_ext/60165182/plib_can0.o
 .debug_ranges  0x00000300       0x10 build/default/production/_ext/1984496892/plib_clock.o
 .debug_ranges  0x00000310       0x10 build/default/production/_ext/1986646378/plib_evsys.o
 .debug_ranges  0x00000320       0x28 build/default/production/_ext/1865468468/plib_nvic.o
 .debug_ranges  0x00000348       0xa0 build/default/production/_ext/1593096446/plib_nvmctrl.o
 .debug_ranges  0x000003e8       0x60 build/default/production/_ext/1865521619/plib_port.o
 .debug_ranges  0x00000448       0x90 build/default/production/_ext/60180175/plib_rtc_timer.o
 .debug_ranges  0x000004d8       0x68 build/default/production/_ext/829342655/plib_tc0.o
 .debug_ranges  0x00000540       0x10 build/default/production/_ext/1171490990/initialization.o
 .debug_ranges  0x00000550       0x10 build/default/production/_ext/1171490990/interrupts.o
 .debug_ranges  0x00000560       0x38 build/default/production/_ext/1171490990/exceptions.o
 .debug_ranges  0x00000598       0x18 build/default/production/_ext/1171490990/startup_xc32.o
 .debug_ranges  0x000005b0       0x20 build/default/production/_ext/31884679/generator.o
 .debug_ranges  0x000005d0      0x148 build/default/production/_ext/1023676168/MET_can_open.o
 .debug_ranges  0x00000718       0x28 build/default/production/_ext/1023676168/ARM.o
 .debug_ranges  0x00000740       0x28 build/default/production/_ext/1023676168/LIFT.o
 .debug_ranges  0x00000768       0x28 build/default/production/_ext/1023676168/BODY.o
 .debug_ranges  0x00000790       0x78 build/default/production/_ext/1554269333/power.o
 .debug_ranges  0x00000808       0x28 build/default/production/_ext/1042908558/protocol.o
 .debug_ranges  0x00000830       0x18 build/default/production/_ext/1360937237/main.o
 .debug_ranges  0x00000848       0x10 c:/program files/microchip/xc32/v3.01/bin/bin/../../lib/gcc/pic32c/8.3.1/../../../../pic32c/lib/thumb/v7e-m+fp/hard\libpic32c.a(data_init.o)

.debug_line     0x00000000     0x7bca
 .debug_line    0x00000000      0x2e4 build/default/production/_ext/2126997906/bushw.o
 .debug_line    0x000002e4      0xca8 build/default/production/_ext/1894469536/MET_can_protocol.o
 .debug_line    0x00000f8c      0x3cc build/default/production/_ext/60163342/plib_adc0.o
 .debug_line    0x00001358      0x3cc build/default/production/_ext/60163342/plib_adc1.o
 .debug_line    0x00001724      0x8d9 build/default/production/_ext/60165182/plib_can1.o
 .debug_line    0x00001ffd      0xa30 build/default/production/_ext/60165182/plib_can0.o
 .debug_line    0x00002a2d      0x3a7 build/default/production/_ext/1984496892/plib_clock.o
 .debug_line    0x00002dd4      0x131 build/default/production/_ext/1986646378/plib_evsys.o
 .debug_line    0x00002f05      0x37d build/default/production/_ext/1865468468/plib_nvic.o
 .debug_line    0x00003282      0x51e build/default/production/_ext/1593096446/plib_nvmctrl.o
 .debug_line    0x000037a0      0x3c7 build/default/production/_ext/1865521619/plib_port.o
 .debug_line    0x00003b67      0x4ce build/default/production/_ext/60180175/plib_rtc_timer.o
 .debug_line    0x00004035      0x3b7 build/default/production/_ext/829342655/plib_tc0.o
 .debug_line    0x000043ec      0x3a6 build/default/production/_ext/1171490990/initialization.o
 .debug_line    0x00004792      0x1a8 build/default/production/_ext/1171490990/interrupts.o
 .debug_line    0x0000493a      0x201 build/default/production/_ext/1171490990/exceptions.o
 .debug_line    0x00004b3b      0x2b5 build/default/production/_ext/1171490990/startup_xc32.o
 .debug_line    0x00004df0      0x253 build/default/production/_ext/31884679/generator.o
 .debug_line    0x00005043     0x16f0 build/default/production/_ext/1023676168/MET_can_open.o
 .debug_line    0x00006733      0x22c build/default/production/_ext/1023676168/ARM.o
 .debug_line    0x0000695f      0x22d build/default/production/_ext/1023676168/LIFT.o
 .debug_line    0x00006b8c      0x22d build/default/production/_ext/1023676168/BODY.o
 .debug_line    0x00006db9      0x695 build/default/production/_ext/1554269333/power.o
 .debug_line    0x0000744e      0x2b3 build/default/production/_ext/1042908558/protocol.o
 .debug_line    0x00007701      0x3b9 build/default/production/_ext/1360937237/main.o
 .debug_line    0x00007aba      0x110 c:/program files/microchip/xc32/v3.01/bin/bin/../../lib/gcc/pic32c/8.3.1/../../../../pic32c/lib/thumb/v7e-m+fp/hard\libpic32c.a(data_init.o)

.debug_str      0x00000000      0xb10
 .debug_str     0x00000000       0x46 build/default/production/_ext/2126997906/bushw.o
 .debug_str     0x00000046       0xc4 build/default/production/_ext/1894469536/MET_can_protocol.o
 .debug_str     0x0000010a       0x19 build/default/production/_ext/60163342/plib_adc0.o
 .debug_str     0x00000123       0x19 build/default/production/_ext/60163342/plib_adc1.o
 .debug_str     0x0000013c       0x96 build/default/production/_ext/60165182/plib_can1.o
 .debug_str     0x000001d2       0x96 build/default/production/_ext/60165182/plib_can0.o
 .debug_str     0x00000268       0x1e build/default/production/_ext/1984496892/plib_clock.o
 .debug_str     0x00000286        0x0 build/default/production/_ext/1986646378/plib_evsys.o
 .debug_str     0x00000286        0xa build/default/production/_ext/1865468468/plib_nvic.o
 .debug_str     0x00000290       0x29 build/default/production/_ext/1593096446/plib_nvmctrl.o
 .debug_str     0x000002b9        0xb build/default/production/_ext/1865521619/plib_port.o
 .debug_str     0x000002c4      0x123 build/default/production/_ext/60180175/plib_rtc_timer.o
 .debug_str     0x000003e7       0xc6 build/default/production/_ext/829342655/plib_tc0.o
 .debug_str     0x000004ad       0xc8 build/default/production/_ext/1171490990/initialization.o
 .debug_str     0x00000575        0xe build/default/production/_ext/1171490990/interrupts.o
 .debug_str     0x00000583        0xe build/default/production/_ext/1171490990/exceptions.o
 .debug_str     0x00000591       0x2f build/default/production/_ext/1171490990/startup_xc32.o
 .debug_str     0x000005c0       0x28 build/default/production/_ext/31884679/generator.o
 .debug_str     0x000005e8      0x135 build/default/production/_ext/1023676168/MET_can_open.o
 .debug_str     0x0000071d       0x17 build/default/production/_ext/1023676168/ARM.o
 .debug_str     0x00000734       0x17 build/default/production/_ext/1023676168/LIFT.o
 .debug_str     0x0000074b       0x17 build/default/production/_ext/1023676168/BODY.o
 .debug_str     0x00000762      0x109 build/default/production/_ext/1554269333/power.o
 .debug_str     0x0000086b      0x15b build/default/production/_ext/1042908558/protocol.o
 .debug_str     0x000009c6      0x14a build/default/production/_ext/1360937237/main.o
 .debug_str     0x00000b10        0x0 c:/program files/microchip/xc32/v3.01/bin/bin/../../lib/gcc/pic32c/8.3.1/../../../../pic32c/lib/thumb/v7e-m+fp/hard\libpic32c.a(data_init.o)

.debug_frame    0x00000000     0x1314
 .debug_frame   0x00000000       0x40 build/default/production/_ext/2126997906/bushw.o
 .debug_frame   0x00000040      0x1f0 build/default/production/_ext/1894469536/MET_can_protocol.o
 .debug_frame   0x00000230       0xe0 build/default/production/_ext/60163342/plib_adc0.o
 .debug_frame   0x00000310       0xe0 build/default/production/_ext/60163342/plib_adc1.o
 .debug_frame   0x000003f0      0x190 build/default/production/_ext/60165182/plib_can1.o
 .debug_frame   0x00000580      0x194 build/default/production/_ext/60165182/plib_can0.o
 .debug_frame   0x00000714       0x20 build/default/production/_ext/1984496892/plib_clock.o
 .debug_frame   0x00000734       0x20 build/default/production/_ext/1986646378/plib_evsys.o
 .debug_frame   0x00000754       0x50 build/default/production/_ext/1865468468/plib_nvic.o
 .debug_frame   0x000007a4      0x170 build/default/production/_ext/1593096446/plib_nvmctrl.o
 .debug_frame   0x00000914       0xd8 build/default/production/_ext/1865521619/plib_port.o
 .debug_frame   0x000009ec      0x128 build/default/production/_ext/60180175/plib_rtc_timer.o
 .debug_frame   0x00000b14       0xd0 build/default/production/_ext/829342655/plib_tc0.o
 .debug_frame   0x00000be4       0x28 build/default/production/_ext/1171490990/initialization.o
 .debug_frame   0x00000c0c       0x20 build/default/production/_ext/1171490990/interrupts.o
 .debug_frame   0x00000c2c       0x70 build/default/production/_ext/1171490990/exceptions.o
 .debug_frame   0x00000c9c       0x38 build/default/production/_ext/1171490990/startup_xc32.o
 .debug_frame   0x00000cd4       0x48 build/default/production/_ext/31884679/generator.o
 .debug_frame   0x00000d1c      0x348 build/default/production/_ext/1023676168/MET_can_open.o
 .debug_frame   0x00001064       0x50 build/default/production/_ext/1023676168/ARM.o
 .debug_frame   0x000010b4       0x50 build/default/production/_ext/1023676168/LIFT.o
 .debug_frame   0x00001104       0x50 build/default/production/_ext/1023676168/BODY.o
 .debug_frame   0x00001154       0xdc build/default/production/_ext/1554269333/power.o
 .debug_frame   0x00001230       0x74 build/default/production/_ext/1042908558/protocol.o
 .debug_frame   0x000012a4       0x38 build/default/production/_ext/1360937237/main.o
 .debug_frame   0x000012dc       0x38 c:/program files/microchip/xc32/v3.01/bin/bin/../../lib/gcc/pic32c/8.3.1/../../../../pic32c/lib/thumb/v7e-m+fp/hard\libpic32c.a(data_init.o)

.stack          0x200005e8      0x100
 .stack         0x200005e8      0x100 stack

.bss.MET_CanOpen_Data_Struct%1
                0x20000010       0xcc
 .bss.MET_CanOpen_Data_Struct
                0x20000010       0xcc build/default/production/_ext/1023676168/MET_can_open.o
                0x20000010                MET_CanOpen_Data_Struct

.bss.MET_Protocol_Data_Struct%2
                0x200000dc       0x60
 .bss.MET_Protocol_Data_Struct
                0x200000dc       0x60 build/default/production/_ext/1894469536/MET_can_protocol.o

.bss.Can0MessageRAM%3
                0x20000140       0x40
 .bss.Can0MessageRAM
                0x20000140       0x40 build/default/production/_ext/1894469536/MET_can_protocol.o
                0x20000140                Can0MessageRAM

.data.MET_canOpen_ciaWorkflowVector%4
                0x20000180       0x34
 .data.MET_canOpen_ciaWorkflowVector
                0x20000180       0x34 build/default/production/_ext/1023676168/MET_can_open.o
                0x20000180                MET_canOpen_ciaWorkflowVector

.bss.Can1MessageRAM%5
                0x200001c0       0x2c
 .bss.Can1MessageRAM
                0x200001c0       0x2c build/default/production/_ext/1023676168/MET_can_open.o
                0x200001c0                Can1MessageRAM

.bss.can1Obj%6  0x200001ec       0x28
 .bss.can1Obj   0x200001ec       0x28 build/default/production/_ext/60165182/plib_can1.o

.bss.can1RxMsg%7
                0x20000214       0x28
 .bss.can1RxMsg
                0x20000214       0x28 build/default/production/_ext/60165182/plib_can1.o

.bss.can0Obj%8  0x2000023c       0x28
 .bss.can0Obj   0x2000023c       0x28 build/default/production/_ext/60165182/plib_can0.o

.bss.can0RxMsg%9
                0x20000264       0x28
 .bss.can0RxMsg
                0x20000264       0x28 build/default/production/_ext/60165182/plib_can0.o

.data.ARM_POSITIONING%10
                0x2000028c       0x28
 .data.ARM_POSITIONING
                0x2000028c       0x28 build/default/production/_ext/1023676168/ARM.o
                0x2000028c                ARM_POSITIONING

.data.LIFT_POSITIONING%11
                0x200002b4       0x28
 .data.LIFT_POSITIONING
                0x200002b4       0x28 build/default/production/_ext/1023676168/LIFT.o
                0x200002b4                LIFT_POSITIONING

.data.BODY_POSITIONING%12
                0x200002dc       0x28
 .data.BODY_POSITIONING
                0x200002dc       0x28 build/default/production/_ext/1023676168/BODY.o
                0x200002dc                BODY_POSITIONING

.bss.MET_Can_Bootloader_RxTx_Struct%13
                0x20000304       0x20
 .bss.MET_Can_Bootloader_RxTx_Struct
                0x20000304       0x20 build/default/production/_ext/1894469536/MET_can_protocol.o

.bss.MET_Can_Protocol_RxTx_Struct%14
                0x20000324       0x20
 .bss.MET_Can_Protocol_RxTx_Struct
                0x20000324       0x20 build/default/production/_ext/1894469536/MET_can_protocol.o

.bss.can1CallbackObj%15
                0x20000344       0x20
 .bss.can1CallbackObj
                0x20000344       0x20 build/default/production/_ext/60165182/plib_can1.o

.bss.can0CallbackObj%16
                0x20000364       0x20
 .bss.can0CallbackObj
                0x20000364       0x20 build/default/production/_ext/60165182/plib_can0.o

.bss%17         0x20000384       0x1c
 .bss           0x20000384       0x1c c:/program files/microchip/xc32/v3.01/bin/bin/../../lib/gcc/pic32c/8.3.1/thumb/v7e-m+fp/hard/crtbegin.o

.bss.rtcObj%18  0x200001b4        0xc
 .bss.rtcObj    0x200001b4        0xc build/default/production/_ext/60180175/plib_rtc_timer.o

.data.SmartEEPROM32%19
                0x2000013c        0x4
 .data.SmartEEPROM32
                0x2000013c        0x4 build/default/production/_ext/1894469536/MET_can_protocol.o
                0x2000013c                SmartEEPROM32

.bss%20         0x200003a0        0x4
 .bss           0x200003a0        0x4 c:/program files/microchip/xc32/v3.01/bin/bin/../../lib/gcc/pic32c/8.3.1/../../../../pic32c/lib/thumb/v7e-m+fp/hard\libpic32c.a(data_init.o)

.bss.timer100ms%21
                0x200003a4        0x2
 .bss.timer100ms
                0x200003a4        0x2 build/default/production/_ext/1554269333/power.o

.bss.timer_keepalive%22
                0x200003a6        0x2
 .bss.timer_keepalive
                0x200003a6        0x2 build/default/production/_ext/1554269333/power.o

.bss.uc_CARM_DWN_back%23
                0x200003a8        0x1
 .bss.uc_CARM_DWN_back
                0x200003a8        0x1 build/default/production/_ext/2126997906/bushw.o

.bss.uc_CARM_UP_back%24
                0x200003a9        0x1
 .bss.uc_CARM_UP_back
                0x200003a9        0x1 build/default/production/_ext/2126997906/bushw.o

.bss.uc_CMP_ON_back%25
                0x200003aa        0x1
 .bss.uc_CMP_ON_back
                0x200003aa        0x1 build/default/production/_ext/2126997906/bushw.o

.bss.uc_ROT_CCW_back%26
                0x200003ab        0x1
 .bss.uc_ROT_CCW_back
                0x200003ab        0x1 build/default/production/_ext/2126997906/bushw.o

.bss.uc_ROT_CW_back%27
                0x200003ac        0x1
 .bss.uc_ROT_CW_back
                0x200003ac        0x1 build/default/production/_ext/2126997906/bushw.o

.bss.uc_SLIDE_DWN_back%28
                0x200003ad        0x1
 .bss.uc_SLIDE_DWN_back
                0x200003ad        0x1 build/default/production/_ext/2126997906/bushw.o

.bss.uc_SLIDE_UP_back%29
                0x200003ae        0x1
 .bss.uc_SLIDE_UP_back
                0x200003ae        0x1 build/default/production/_ext/2126997906/bushw.o

.bss.lastSequence.9210%30
                0x200003af        0x1
 .bss.lastSequence.9210
                0x200003af        0x1 build/default/production/_ext/1894469536/MET_can_protocol.o

.bss.msgFrameAttr0%31
                0x200003b0        0x1
 .bss.msgFrameAttr0
                0x200003b0        0x1 build/default/production/_ext/1894469536/MET_can_protocol.o
                0x200003b0                msgFrameAttr0

.bss.rxBootloaderErrorTrigger%32
                0x200003b1        0x1
 .bss.rxBootloaderErrorTrigger
                0x200003b1        0x1 build/default/production/_ext/1894469536/MET_can_protocol.o

.bss.rxBootloaderReceptionTrigger%33
                0x200003b2        0x1
 .bss.rxBootloaderReceptionTrigger
                0x200003b2        0x1 build/default/production/_ext/1894469536/MET_can_protocol.o

.bss.rxErrorTrigger%34
                0x200003b3        0x1
 .bss.rxErrorTrigger
                0x200003b3        0x1 build/default/production/_ext/1894469536/MET_can_protocol.o

.bss.rxReceptionTrigger%35
                0x200003b4        0x1
 .bss.rxReceptionTrigger
                0x200003b4        0x1 build/default/production/_ext/1894469536/MET_can_protocol.o

.bss.messageMarker.8459%36
                0x200003b5        0x2
 .bss.messageMarker.8459
                0x200003b5        0x1 build/default/production/_ext/60165182/plib_can1.o
 .bss.messageMarker.8459
                0x200003b6        0x1 build/default/production/_ext/60165182/plib_can0.o

.bss.Generator_HV_ON_status%38
                0x200003b7        0x1
 .bss.Generator_HV_ON_status
                0x200003b7        0x1 build/default/production/_ext/31884679/generator.o

.bss.uc_HV_ON_back%39
                0x200003b8        0x1
 .bss.uc_HV_ON_back
                0x200003b8        0x1 build/default/production/_ext/31884679/generator.o

.bss.msgFrameAttr1%40
                0x200003b9        0x1
 .bss.msgFrameAttr1
                0x200003b9        0x1 build/default/production/_ext/1023676168/MET_can_open.o
                0x200003b9                msgFrameAttr1

.bss.batt1_level%41
                0x200003ba        0x1
 .bss.batt1_level
                0x200003ba        0x1 build/default/production/_ext/1554269333/power.o

.bss.batt2_level%42
                0x200003bb        0x1
 .bss.batt2_level
                0x200003bb        0x1 build/default/production/_ext/1554269333/power.o

.bss.power_lock%43
                0x200003bc        0x1
 .bss.power_lock
                0x200003bc        0x1 build/default/production/_ext/1554269333/power.o

.bss.power_off_workflow%44
                0x200003bd        0x1
 .bss.power_off_workflow
                0x200003bd        0x1 build/default/production/_ext/1554269333/power.o

.bss.power_status%45
                0x200003be        0x1
 .bss.power_status
                0x200003be        0x1 build/default/production/_ext/1554269333/power.o

.bss.powerdown_condition%46
                0x200003bf        0x1
 .bss.powerdown_condition
                0x200003bf        0x1 build/default/production/_ext/1554269333/power.o

.bss.poweron_button%47
                0x200003c0        0x1
 .bss.poweron_button
                0x200003c0        0x1 build/default/production/_ext/1554269333/power.o

.bss.request_soft_power_off%48
                0x200003c1        0x1
 .bss.request_soft_power_off
                0x200003c1        0x1 build/default/production/_ext/1554269333/power.o

.bss.timer_disable_button%49
                0x200003c2        0x1
 .bss.timer_disable_button
                0x200003c2        0x1 build/default/production/_ext/1554269333/power.o

.bss.timer_hs_power_button%50
                0x200003c3        0x1
 .bss.timer_hs_power_button
                0x200003c3        0x1 build/default/production/_ext/1554269333/power.o

.bss.timer_powerdown%51
                0x200003c4        0x1
 .bss.timer_powerdown
                0x200003c4        0x1 build/default/production/_ext/1554269333/power.o

.bss.timer_poweron_button%52
                0x200003c5        0x1
 .bss.timer_poweron_button
                0x200003c5        0x1 build/default/production/_ext/1554269333/power.o

.bss.timer_presence_led.9132%53
                0x200003c6        0x1
 .bss.timer_presence_led.9132
                0x200003c6        0x1 build/default/production/_ext/1554269333/power.o

.bss.timer_presence_led.9136%54
                0x200003c7        0x1
 .bss.timer_presence_led.9136
                0x200003c7        0x1 build/default/production/_ext/1554269333/power.o

.bss.timer_presence_led.9140%55
                0x200003c8        0x1
 .bss.timer_presence_led.9140
                0x200003c8        0x1 build/default/production/_ext/1554269333/power.o

.bss.timer_request_soft_power_off%56
                0x200003c9        0x1
 .bss.timer_request_soft_power_off
                0x200003c9        0x1 build/default/production/_ext/1554269333/power.o

.bss.trigger_time%57
                0x200003ca        0x1
 .bss.trigger_time
                0x200003ca        0x1 build/default/production/_ext/1360937237/main.o

.eh_frame%z1    0x00000000        0x0
 .eh_frame      0x00000000        0x0 c:/program files/microchip/xc32/v3.01/bin/bin/../../lib/gcc/pic32c/8.3.1/thumb/v7e-m+fp/hard/crtbegin.o

.text.MET_Can_Protocol_Loop%58
                0x00002280      0x3a4
 .text.MET_Can_Protocol_Loop
                0x00002280      0x3a4 build/default/production/_ext/1894469536/MET_can_protocol.o
                0x00002280                MET_Can_Protocol_Loop

.text.positioningExecution%59
                0x00002624      0x39c
 .text.positioningExecution
                0x00002624      0x39c build/default/production/_ext/1023676168/MET_can_open.o

.text.Power_1564us_Loop%60
                0x000029c0      0x394
 .text.Power_1564us_Loop
                0x000029c0      0x394 build/default/production/_ext/1554269333/power.o
                0x000029c0                Power_1564us_Loop

.dinit%61       0x00002d54      0x370
 .dinit         0x00002d54      0x370 data_init

.text.deviceInitialization%62
                0x000030c4      0x2fc
 .text.deviceInitialization
                0x000030c4      0x2fc build/default/production/_ext/1023676168/MET_can_open.o

.text.deviceZeroSetting%63
                0x000033c0      0x2e4
 .text.deviceZeroSetting
                0x000033c0      0x2e4 build/default/production/_ext/1023676168/MET_can_open.o

.text.CAN0_InterruptHandler%64
                0x000036a4      0x26c
 .text.CAN0_InterruptHandler
                0x000036a4      0x26c build/default/production/_ext/60165182/plib_can0.o
                0x000036a4                CAN0_InterruptHandler

.text.ciaFault%65
                0x00003910      0x1d0
 .text.ciaFault
                0x00003910      0x1d0 build/default/production/_ext/1023676168/MET_can_open.o

.rodata.ARM_CONFIG_VECTOR%66
                0x00003ae0      0x1c0
 .rodata.ARM_CONFIG_VECTOR
                0x00003ae0      0x1c0 build/default/production/_ext/1023676168/ARM.o
                0x00003ae0                ARM_CONFIG_VECTOR

.rodata.LIFT_CONFIG_VECTOR%67
                0x00003ca0      0x1c0
 .rodata.LIFT_CONFIG_VECTOR
                0x00003ca0      0x1c0 build/default/production/_ext/1023676168/LIFT.o
                0x00003ca0                LIFT_CONFIG_VECTOR

.rodata.BODY_CONFIG_VECTOR%68
                0x00003e60      0x1c0
 .rodata.BODY_CONFIG_VECTOR
                0x00003e60      0x1c0 build/default/production/_ext/1023676168/BODY.o
                0x00003e60                BODY_CONFIG_VECTOR

.text.BusHwLoop%69
                0x00004020      0x188
 .text.BusHwLoop
                0x00004020      0x188 build/default/production/_ext/2126997906/bushw.o
                0x00004020                BusHwLoop

.text.CAN1_InterruptHandler%70
                0x000041a8      0x178
 .text.CAN1_InterruptHandler
                0x000041a8      0x178 build/default/production/_ext/60165182/plib_can1.o
                0x000041a8                CAN1_InterruptHandler

.text.ciaSwitchedOn%71
                0x00004320      0x16c
 .text.ciaSwitchedOn
                0x00004320      0x16c build/default/production/_ext/1023676168/MET_can_open.o

.text.CLOCK_Initialize%72
                0x0000448c      0x160
 .text.CLOCK_Initialize
                0x0000448c      0x160 build/default/production/_ext/1984496892/plib_clock.o
                0x0000448c                CLOCK_Initialize

.text.MET_Can_Protocol_Init%73
                0x000045ec      0x104
 .text.MET_Can_Protocol_Init
                0x000045ec      0x104 build/default/production/_ext/1894469536/MET_can_protocol.o
                0x000045ec                MET_Can_Protocol_Init

.text.ciaOperationEnabled%74
                0x000046f0       0xdc
 .text.ciaOperationEnabled
                0x000046f0       0xdc build/default/production/_ext/1023676168/MET_can_open.o

.text.ciaGetStatus%75
                0x000047cc       0xd4
 .text.ciaGetStatus
                0x000047cc       0xd4 build/default/production/_ext/1023676168/MET_can_open.o

.text.ApplicationProtocolInit%76
                0x000048a0       0xbc
 .text.ApplicationProtocolInit
                0x000048a0       0xbc build/default/production/_ext/1042908558/protocol.o
                0x000048a0                ApplicationProtocolInit

.text.CAN0_MessageTransmit%77
                0x0000495c       0xac
 .text.CAN0_MessageTransmit
                0x0000495c       0xac build/default/production/_ext/60165182/plib_can0.o
                0x0000495c                CAN0_MessageTransmit

.text.CAN0_MessageRAMConfigSet%78
                0x00004a08       0xac
 .text.CAN0_MessageRAMConfigSet
                0x00004a08       0xac build/default/production/_ext/60165182/plib_can0.o
                0x00004a08                CAN0_MessageRAMConfigSet

.text.CAN1_MessageTransmit%79
                0x00004ab4       0xa8
 .text.CAN1_MessageTransmit
                0x00004ab4       0xa8 build/default/production/_ext/60165182/plib_can1.o
                0x00004ab4                CAN1_MessageTransmit

.text.PORT_Initialize%80
                0x00004b5c       0x98
 .text.PORT_Initialize
                0x00004b5c       0x98 build/default/production/_ext/1865521619/plib_port.o
                0x00004b5c                PORT_Initialize

.text.CAN1_MessageRAMConfigSet%81
                0x00004bf4       0x94
 .text.CAN1_MessageRAMConfigSet
                0x00004bf4       0x94 build/default/production/_ext/60165182/plib_can1.o
                0x00004bf4                CAN1_MessageRAMConfigSet

.text.MET_CanOpen_Protocol_Loop%82
                0x00004c88       0x94
 .text.MET_CanOpen_Protocol_Loop
                0x00004c88       0x94 build/default/production/_ext/1023676168/MET_can_open.o
                0x00004c88                MET_CanOpen_Protocol_Loop

.text.CAN0_MessageReceive%83
                0x00004d1c       0x90
 .text.CAN0_MessageReceive
                0x00004d1c       0x90 build/default/production/_ext/60165182/plib_can0.o
                0x00004d1c                CAN0_MessageReceive

.text.Reset_Handler%84
                0x00004dac       0x90
 .text.Reset_Handler
                0x00004dac       0x90 build/default/production/_ext/1171490990/startup_xc32.o
                0x00004dac                Reset_Handler

.text.main%85   0x00004e3c       0x90
 .text.main     0x00004e3c       0x90 build/default/production/_ext/1360937237/main.o
                0x00004e3c                main

.text.initPowerOff%86
                0x00004ecc       0x8c
 .text.initPowerOff
                0x00004ecc       0x8c build/default/production/_ext/1554269333/power.o

.text.CAN1_Initialize%87
                0x00004f58       0x88
 .text.CAN1_Initialize
                0x00004f58       0x88 build/default/production/_ext/60165182/plib_can1.o
                0x00004f58                CAN1_Initialize

.text.CAN0_Initialize%88
                0x00004fe0       0x88
 .text.CAN0_Initialize
                0x00004fe0       0x88 build/default/production/_ext/60165182/plib_can0.o
                0x00004fe0                CAN0_Initialize

.text.__pic32c_data_initialization%89
                0x00005068       0x88
 .text.__pic32c_data_initialization
                0x00005068       0x88 c:/program files/microchip/xc32/v3.01/bin/bin/../../lib/gcc/pic32c/8.3.1/../../../../pic32c/lib/thumb/v7e-m+fp/hard\libpic32c.a(data_init.o)
                0x00005068                __pic32c_data_initialization

.text.BusHwInit%90
                0x000050f0       0x70
 .text.BusHwInit
                0x000050f0       0x70 build/default/production/_ext/2126997906/bushw.o
                0x000050f0                BusHwInit

.text.MET_CanOpen_Protocol_Register_Update%91
                0x00005160       0x68
 .text.MET_CanOpen_Protocol_Register_Update
                0x00005160       0x68 build/default/production/_ext/1023676168/MET_can_open.o
                0x00005160                MET_CanOpen_Protocol_Register_Update

.text.ciaReadyToSwitchOn%92
                0x000051c8       0x68
 .text.ciaReadyToSwitchOn
                0x000051c8       0x68 build/default/production/_ext/1023676168/MET_can_open.o

.text.ciaSwitchOnDisabled%93
                0x00005230       0x68
 .text.ciaSwitchOnDisabled
                0x00005230       0x68 build/default/production/_ext/1023676168/MET_can_open.o

.text.ApplicationProtocolCommandHandler%94
                0x00005298       0x66
 .text.ApplicationProtocolCommandHandler
                0x00005298       0x66 build/default/production/_ext/1042908558/protocol.o

.text.ciaQuickStopActivation%95
                0x00005300       0x64
 .text.ciaQuickStopActivation
                0x00005300       0x64 build/default/production/_ext/1023676168/MET_can_open.o

.text.ADC0_Initialize%96
                0x00005364       0x5c
 .text.ADC0_Initialize
                0x00005364       0x5c build/default/production/_ext/60163342/plib_adc0.o
                0x00005364                ADC0_Initialize

.text.ADC1_Initialize%97
                0x000053c0       0x5c
 .text.ADC1_Initialize
                0x000053c0       0x5c build/default/production/_ext/60163342/plib_adc1.o
                0x000053c0                ADC1_Initialize

.text.MET_canOpen_getOdVal%98
                0x0000541c       0x58
 .text.MET_canOpen_getOdVal
                0x0000541c       0x58 build/default/production/_ext/1023676168/MET_can_open.o
                0x0000541c                MET_canOpen_getOdVal

.text.MET_canOpen_WriteSDO%99
                0x00005474       0x54
 .text.MET_canOpen_WriteSDO
                0x00005474       0x54 build/default/production/_ext/1023676168/MET_can_open.o
                0x00005474                MET_canOpen_WriteSDO

.text.MET_Can_AppRestartCallback%100
                0x000054c8       0x50
 .text.MET_Can_AppRestartCallback
                0x000054c8       0x50 build/default/production/_ext/1894469536/MET_can_protocol.o

.text.CAN1_MessageReceive%101
                0x00005518       0x50
 .text.CAN1_MessageReceive
                0x00005518       0x50 build/default/production/_ext/60165182/plib_can1.o
                0x00005518                CAN1_MessageReceive

.text.GeneratorLoop%102
                0x00005568       0x50
 .text.GeneratorLoop
                0x00005568       0x50 build/default/production/_ext/31884679/generator.o
                0x00005568                GeneratorLoop

.text.MET_CanOpen_Protocol_Init%103
                0x000055b8       0x50
 .text.MET_CanOpen_Protocol_Init
                0x000055b8       0x50 build/default/production/_ext/1023676168/MET_can_open.o
                0x000055b8                MET_CanOpen_Protocol_Init

.text.MET_canOpen_GetCiaStatus%104
                0x00005608       0x50
 .text.MET_canOpen_GetCiaStatus
                0x00005608       0x50 build/default/production/_ext/1023676168/MET_can_open.o
                0x00005608                MET_canOpen_GetCiaStatus

.text.MET_canOpen_ReadSDO%105
                0x00005658       0x4c
 .text.MET_canOpen_ReadSDO
                0x00005658       0x4c build/default/production/_ext/1023676168/MET_can_open.o
                0x00005658                MET_canOpen_ReadSDO

.text.PowerModule_requestSoftPowerOff%106
                0x000056a4       0x4c
 .text.PowerModule_requestSoftPowerOff
                0x000056a4       0x4c build/default/production/_ext/1554269333/power.o
                0x000056a4                PowerModule_requestSoftPowerOff

.text.NVIC_Initialize%107
                0x000056f0       0x48
 .text.NVIC_Initialize
                0x000056f0       0x48 build/default/production/_ext/1865468468/plib_nvic.o
                0x000056f0                NVIC_Initialize

.text.motorDeviceActivate%108
                0x00005738       0x48
 .text.motorDeviceActivate
                0x00005738       0x48 build/default/production/_ext/1023676168/MET_can_open.o
                0x00005738                motorDeviceActivate

.text.__libc_init_array%109
                0x00005780       0x48
 .text.__libc_init_array
                0x00005780       0x48 c:/program files/microchip/xc32/v3.01/bin/bin/../../lib/gcc/pic32c/8.3.1/../../../../pic32c/lib/thumb/v7e-m+fp/hard\libc_nano.a(lib_a-init.o)
                0x00005780                __libc_init_array

.text.MET_Can_Protocol_SetDefaultParameter%110
                0x000057c8       0x44
 .text.MET_Can_Protocol_SetDefaultParameter
                0x000057c8       0x44 build/default/production/_ext/1894469536/MET_can_protocol.o
                0x000057c8                MET_Can_Protocol_SetDefaultParameter

.text.RTC_Initialize%111
                0x0000580c       0x44
 .text.RTC_Initialize
                0x0000580c       0x44 build/default/production/_ext/60180175/plib_rtc_timer.o
                0x0000580c                RTC_Initialize

.text%112       0x00005850       0x40
 .text          0x00005850       0x40 c:/program files/microchip/xc32/v3.01/bin/bin/../../lib/gcc/pic32c/8.3.1/thumb/v7e-m+fp/hard/crtbegin.o

.text.CAN1_ErrorGet%113
                0x00005890       0x40
 .text.CAN1_ErrorGet
                0x00005890       0x40 build/default/production/_ext/60165182/plib_can1.o
                0x00005890                CAN1_ErrorGet

.text.CAN0_ErrorGet%114
                0x000058d0       0x40
 .text.CAN0_ErrorGet
                0x000058d0       0x40 build/default/production/_ext/60165182/plib_can0.o
                0x000058d0                CAN0_ErrorGet

.text.MET_CanOpen_Protocol_Reception_Trigger%115
                0x00005910       0x40
 .text.MET_CanOpen_Protocol_Reception_Trigger
                0x00005910       0x40 build/default/production/_ext/1023676168/MET_can_open.o

.text.initWorkflow%116
                0x00005950       0x40
 .text.initWorkflow
                0x00005950       0x40 build/default/production/_ext/1023676168/MET_can_open.o
                0x00005950                initWorkflow

.text.PowerModule_abortSoftPowerOff%117
                0x00005990       0x40
 .text.PowerModule_abortSoftPowerOff
                0x00005990       0x40 build/default/production/_ext/1554269333/power.o
                0x00005990                PowerModule_abortSoftPowerOff

.text.MET_Can_Protocol_Reception_Trigger%118
                0x000059d0       0x38
 .text.MET_Can_Protocol_Reception_Trigger
                0x000059d0       0x38 build/default/production/_ext/1894469536/MET_can_protocol.o

.text.MET_Can_Bootloader_Reception_Trigger%119
                0x00005a08       0x38
 .text.MET_Can_Bootloader_Reception_Trigger
                0x00005a08       0x38 build/default/production/_ext/1894469536/MET_can_protocol.o

.text.commandExecutionTerminated%120
                0x00005a40       0x38
 .text.commandExecutionTerminated
                0x00005a40       0x38 build/default/production/_ext/1023676168/MET_can_open.o

.text.rtcEventHandler%121
                0x00005a78       0x38
 .text.rtcEventHandler
                0x00005a78       0x38 build/default/production/_ext/1360937237/main.o

.text.MET_Can_Protocol_SetStatusBit%122
                0x00005ab0       0x34
 .text.MET_Can_Protocol_SetStatusBit
                0x00005ab0       0x34 build/default/production/_ext/1894469536/MET_can_protocol.o
                0x00005ab0                MET_Can_Protocol_SetStatusBit

.text.PowerInit%123
                0x00005ae4       0x34
 .text.PowerInit
                0x00005ae4       0x34 build/default/production/_ext/1554269333/power.o
                0x00005ae4                PowerInit

.text.TC0_CompareInitialize%124
                0x00005b18       0x30
 .text.TC0_CompareInitialize
                0x00005b18       0x30 build/default/production/_ext/829342655/plib_tc0.o
                0x00005b18                TC0_CompareInitialize

.text.SYS_Initialize%125
                0x00005b48       0x30
 .text.SYS_Initialize
                0x00005b48       0x30 build/default/production/_ext/1171490990/initialization.o
                0x00005b48                SYS_Initialize

.text.armInitialization%126
                0x00005b78       0x30
 .text.armInitialization
                0x00005b78       0x30 build/default/production/_ext/1023676168/ARM.o
                0x00005b78                armInitialization

.text.liftInitialization%127
                0x00005ba8       0x30
 .text.liftInitialization
                0x00005ba8       0x30 build/default/production/_ext/1023676168/LIFT.o
                0x00005ba8                liftInitialization

.text.bodyInitialization%128
                0x00005bd8       0x30
 .text.bodyInitialization
                0x00005bd8       0x30 build/default/production/_ext/1023676168/BODY.o
                0x00005bd8                bodyInitialization

.text.MET_Can_Protocol_TestData%129
                0x00005c08       0x2c
 .text.MET_Can_Protocol_TestData
                0x00005c08       0x2c build/default/production/_ext/1894469536/MET_can_protocol.o
                0x00005c08                MET_Can_Protocol_TestData

.text.MET_Can_Protocol_Reception_Callback%130
                0x00005c34       0x28
 .text.MET_Can_Protocol_Reception_Callback
                0x00005c34       0x28 build/default/production/_ext/1894469536/MET_can_protocol.o

.text.MET_Can_Bootloader_Reception_Callback%131
                0x00005c5c       0x28
 .text.MET_Can_Bootloader_Reception_Callback
                0x00005c5c       0x28 build/default/production/_ext/1894469536/MET_can_protocol.o

.text.MET_Can_Protocol_GetParameter%132
                0x00005c84       0x28
 .text.MET_Can_Protocol_GetParameter
                0x00005c84       0x28 build/default/production/_ext/1894469536/MET_can_protocol.o
                0x00005c84                MET_Can_Protocol_GetParameter

.text.RTC_InterruptHandler%133
                0x00005cac       0x28
 .text.RTC_InterruptHandler
                0x00005cac       0x28 build/default/production/_ext/60180175/plib_rtc_timer.o
                0x00005cac                RTC_InterruptHandler

.text.presenceLED_200ms_blink%134
                0x00005cd4       0x28
 .text.presenceLED_200ms_blink
                0x00005cd4       0x28 build/default/production/_ext/1554269333/power.o

.text.presenceLED_400ms_blink%135
                0x00005cfc       0x28
 .text.presenceLED_400ms_blink
                0x00005cfc       0x28 build/default/production/_ext/1554269333/power.o

.text.ciaNotReadyToSwitchOn%136
                0x00005d24       0x24
 .text.ciaNotReadyToSwitchOn
                0x00005d24       0x24 build/default/production/_ext/1023676168/MET_can_open.o

.text.ciaFaultReactionActive%137
                0x00005d48       0x24
 .text.ciaFaultReactionActive
                0x00005d48       0x24 build/default/production/_ext/1023676168/MET_can_open.o

.text.MET_CanOpen_Protocol_Reception_Callback%138
                0x00005d6c       0x24
 .text.MET_CanOpen_Protocol_Reception_Callback
                0x00005d6c       0x24 build/default/production/_ext/1023676168/MET_can_open.o

.text.changeDevice%139
                0x00005d90       0x24
 .text.changeDevice
                0x00005d90       0x24 build/default/production/_ext/1023676168/MET_can_open.o
                0x00005d90                changeDevice

.text.analogToPositionConversion%140
                0x00005db4       0x20
 .text.analogToPositionConversion
                0x00005db4       0x20 build/default/production/_ext/1023676168/ARM.o
                0x00005db4                analogToPositionConversion

.text.liftAnalogToPositionConversion%141
                0x00005dd4       0x20
 .text.liftAnalogToPositionConversion
                0x00005dd4       0x20 build/default/production/_ext/1023676168/LIFT.o

.text.bodyAnalogToPositionConversion%142
                0x00005df4       0x20
 .text.bodyAnalogToPositionConversion
                0x00005df4       0x20 build/default/production/_ext/1023676168/BODY.o

.text.MET_Can_Protocol_SetStatusReg%143
                0x00005e14       0x1c
 .text.MET_Can_Protocol_SetStatusReg
                0x00005e14       0x1c build/default/production/_ext/1894469536/MET_can_protocol.o
                0x00005e14                MET_Can_Protocol_SetStatusReg

.text.CAN1_RxCallbackRegister%144
                0x00005e30       0x1c
 .text.CAN1_RxCallbackRegister
                0x00005e30       0x1c build/default/production/_ext/60165182/plib_can1.o
                0x00005e30                CAN1_RxCallbackRegister

.text.CAN0_RxCallbackRegister%145
                0x00005e4c       0x1c
 .text.CAN0_RxCallbackRegister
                0x00005e4c       0x1c build/default/production/_ext/60165182/plib_can0.o
                0x00005e4c                CAN0_RxCallbackRegister

.text.positionToEncoderConversion%146
                0x00005e68       0x1c
 .text.positionToEncoderConversion
                0x00005e68       0x1c build/default/production/_ext/1023676168/ARM.o
                0x00005e68                positionToEncoderConversion

.text.liftPositionToEncoderConversion%147
                0x00005e84       0x1c
 .text.liftPositionToEncoderConversion
                0x00005e84       0x1c build/default/production/_ext/1023676168/LIFT.o

.text.bodyPositionToEncoderConversion%148
                0x00005ea0       0x1c
 .text.bodyPositionToEncoderConversion
                0x00005ea0       0x1c build/default/production/_ext/1023676168/BODY.o

.text.memcpy%149
                0x00005ebc       0x1c
 .text.memcpy   0x00005ebc       0x1c c:/program files/microchip/xc32/v3.01/bin/bin/../../lib/gcc/pic32c/8.3.1/../../../../pic32c/lib/thumb/v7e-m+fp/hard\libc_nano.a(lib_a-memcpy-stub.o)
                0x00005ebc                memcpy

.text.ADC0_Enable%150
                0x00005ed8       0x18
 .text.ADC0_Enable
                0x00005ed8       0x18 build/default/production/_ext/60163342/plib_adc0.o
                0x00005ed8                ADC0_Enable

.text.ADC0_ConversionStart%151
                0x00005ef0       0x18
 .text.ADC0_ConversionStart
                0x00005ef0       0x18 build/default/production/_ext/60163342/plib_adc0.o
                0x00005ef0                ADC0_ConversionStart

.text.ADC1_Enable%152
                0x00005f08       0x18
 .text.ADC1_Enable
                0x00005f08       0x18 build/default/production/_ext/60163342/plib_adc1.o
                0x00005f08                ADC1_Enable

.text.ADC1_ConversionStart%153
                0x00005f20       0x18
 .text.ADC1_ConversionStart
                0x00005f20       0x18 build/default/production/_ext/60163342/plib_adc1.o
                0x00005f20                ADC1_ConversionStart

.text.RTC_Timer32Start%154
                0x00005f38       0x18
 .text.RTC_Timer32Start
                0x00005f38       0x18 build/default/production/_ext/60180175/plib_rtc_timer.o
                0x00005f38                RTC_Timer32Start

.text.TC0_CompareStart%155
                0x00005f50       0x18
 .text.TC0_CompareStart
                0x00005f50       0x18 build/default/production/_ext/829342655/plib_tc0.o
                0x00005f50                TC0_CompareStart

.text.motorDeviceAbort%156
                0x00005f68       0x18
 .text.motorDeviceAbort
                0x00005f68       0x18 build/default/production/_ext/1023676168/MET_can_open.o
                0x00005f68                motorDeviceAbort

.text.encoderToPositionConversion%157
                0x00005f80       0x18
 .text.encoderToPositionConversion
                0x00005f80       0x18 build/default/production/_ext/1023676168/ARM.o
                0x00005f80                encoderToPositionConversion

.text.liftEncoderToPositionConversion%158
                0x00005f98       0x18
 .text.liftEncoderToPositionConversion
                0x00005f98       0x18 build/default/production/_ext/1023676168/LIFT.o

.text.bodyEncoderToPositionConversion%159
                0x00005fb0       0x18
 .text.bodyEncoderToPositionConversion
                0x00005fb0       0x18 build/default/production/_ext/1023676168/BODY.o

.text.MET_Can_Protocol_returnCommandExecuting%160
                0x00005fc8       0x14
 .text.MET_Can_Protocol_returnCommandExecuting
                0x00005fc8       0x14 build/default/production/_ext/1894469536/MET_can_protocol.o
                0x00005fc8                MET_Can_Protocol_returnCommandExecuting

.text.MET_Can_Protocol_returnCommandExecuted%161
                0x00005fdc       0x14
 .text.MET_Can_Protocol_returnCommandExecuted
                0x00005fdc       0x14 build/default/production/_ext/1894469536/MET_can_protocol.o
                0x00005fdc                MET_Can_Protocol_returnCommandExecuted

.text.MET_Can_Protocol_returnCommandError%162
                0x00005ff0       0x10
 .text.MET_Can_Protocol_returnCommandError
                0x00005ff0       0x10 build/default/production/_ext/1894469536/MET_can_protocol.o
                0x00005ff0                MET_Can_Protocol_returnCommandError

.text.MET_Can_Protocol_returnCommandAborted%163
                0x00006000       0x10
 .text.MET_Can_Protocol_returnCommandAborted
                0x00006000       0x10 build/default/production/_ext/1894469536/MET_can_protocol.o
                0x00006000                MET_Can_Protocol_returnCommandAborted

.rodata%164     0x00006010       0x10
 .rodata        0x00006010       0x10 build/default/production/_ext/60165182/plib_can1.o

.text.CAN0_TxCallbackRegister%165
                0x00006020       0x10
 .text.CAN0_TxCallbackRegister
                0x00006020       0x10 build/default/production/_ext/60165182/plib_can0.o
                0x00006020                CAN0_TxCallbackRegister

.rodata%166     0x00006030       0x10
 .rodata        0x00006030       0x10 build/default/production/_ext/60165182/plib_can0.o

.text.NVMCTRL_Initialize%167
                0x00006040       0x10
 .text.NVMCTRL_Initialize
                0x00006040       0x10 build/default/production/_ext/1593096446/plib_nvmctrl.o
                0x00006040                NVMCTRL_Initialize

.text.NVMCTRL_SmartEEPROM_IsBusy%168
                0x00006050       0x10
 .text.NVMCTRL_SmartEEPROM_IsBusy
                0x00006050       0x10 build/default/production/_ext/1593096446/plib_nvmctrl.o
                0x00006050                NVMCTRL_SmartEEPROM_IsBusy

.text.GeneratorInit%169
                0x00006060       0x10
 .text.GeneratorInit
                0x00006060       0x10 build/default/production/_ext/31884679/generator.o
                0x00006060                GeneratorInit

.text.memset%170
                0x00006070       0x10
 .text.memset   0x00006070       0x10 c:/program files/microchip/xc32/v3.01/bin/bin/../../lib/gcc/pic32c/8.3.1/../../../../pic32c/lib/thumb/v7e-m+fp/hard\libc_nano.a(lib_a-memset.o)
                0x00006070                memset

.text.ADC0_ConversionResultGet%171
                0x00006080        0xc
 .text.ADC0_ConversionResultGet
                0x00006080        0xc build/default/production/_ext/60163342/plib_adc0.o
                0x00006080                ADC0_ConversionResultGet

.text.ADC1_ConversionResultGet%172
                0x0000608c        0xc
 .text.ADC1_ConversionResultGet
                0x0000608c        0xc build/default/production/_ext/60163342/plib_adc1.o
                0x0000608c                ADC1_ConversionResultGet

.text.RTC_Timer32CallbackRegister%173
                0x00006098        0xc
 .text.RTC_Timer32CallbackRegister
                0x00006098        0xc build/default/production/_ext/60180175/plib_rtc_timer.o
                0x00006098                RTC_Timer32CallbackRegister

.rodata.can0StdFilter%174
                0x000060a4        0x8
 .rodata.can0StdFilter
                0x000060a4        0x8 build/default/production/_ext/60165182/plib_can0.o

.text.ciaQuickStopActive%175
                0x000060ac        0x8
 .text.ciaQuickStopActive
                0x000060ac        0x8 build/default/production/_ext/1023676168/MET_can_open.o

.text.ApplicationProtocolLoop%176
                0x000060b4        0x8
 .text.ApplicationProtocolLoop
                0x000060b4        0x8 build/default/production/_ext/1042908558/protocol.o
                0x000060b4                ApplicationProtocolLoop

.text.EVSYS_Initialize%177
                0x000052fe        0x2
 .text.EVSYS_Initialize
                0x000052fe        0x2 build/default/production/_ext/1986646378/plib_evsys.o
                0x000052fe                EVSYS_Initialize

.text.Dummy_Handler%178
                0x000060bc        0x2
 .text.Dummy_Handler
                0x000060bc        0x2 build/default/production/_ext/1171490990/interrupts.o
                0x000060bc                EIC_EXTINT_9_Handler
                0x000060bc                TCC0_MC5_Handler
                0x000060bc                SVCall_Handler
                0x000060bc                SERCOM0_2_Handler
                0x000060bc                USB_SOF_HSOF_Handler
                0x000060bc                TCC4_OTHER_Handler
                0x000060bc                TCC2_MC2_Handler
                0x000060bc                EVSYS_0_Handler
                0x000060bc                TRNG_Handler
                0x000060bc                TC2_Handler
                0x000060bc                USB_TRCPT0_Handler
                0x000060bc                DAC_OTHER_Handler
                0x000060bc                AC_Handler
                0x000060bc                DAC_EMPTY_0_Handler
                0x000060bc                DMAC_OTHER_Handler
                0x000060bc                EIC_EXTINT_5_Handler
                0x000060bc                SERCOM3_1_Handler
                0x000060bc                SysTick_Handler
                0x000060bc                SERCOM4_OTHER_Handler
                0x000060bc                SERCOM3_2_Handler
                0x000060bc                EIC_EXTINT_6_Handler
                0x000060bc                PendSV_Handler
                0x000060bc                TCC4_MC0_Handler
                0x000060bc                EVSYS_3_Handler
                0x000060bc                QSPI_Handler
                0x000060bc                TCC2_MC0_Handler
                0x000060bc                PDEC_OTHER_Handler
                0x000060bc                TCC3_MC0_Handler
                0x000060bc                PDEC_MC1_Handler
                0x000060bc                TCC2_MC1_Handler
                0x000060bc                OSCCTRL_XOSC1_Handler
                0x000060bc                PDEC_MC0_Handler
                0x000060bc                EIC_EXTINT_4_Handler
                0x000060bc                EIC_EXTINT_7_Handler
                0x000060bc                SERCOM0_OTHER_Handler
                0x000060bc                EVSYS_OTHER_Handler
                0x000060bc                SERCOM0_0_Handler
                0x000060bc                SERCOM4_0_Handler
                0x000060bc                TCC1_MC0_Handler
                0x000060bc                SERCOM1_OTHER_Handler
                0x000060bc                TCC2_OTHER_Handler
                0x000060bc                EIC_EXTINT_11_Handler
                0x000060bc                SUPC_BODDET_Handler
                0x000060bc                EIC_EXTINT_14_Handler
                0x000060bc                OSC32KCTRL_Handler
                0x000060bc                EVSYS_1_Handler
                0x000060bc                TCC4_MC1_Handler
                0x000060bc                DMAC_0_Handler
                0x000060bc                SUPC_OTHER_Handler
                0x000060bc                WDT_Handler
                0x000060bc                EIC_EXTINT_15_Handler
                0x000060bc                EIC_EXTINT_1_Handler
                0x000060bc                TCC3_MC1_Handler
                0x000060bc                SERCOM5_0_Handler
                0x000060bc                TC4_Handler
                0x000060bc                TC1_Handler
                0x000060bc                TCC1_MC1_Handler
                0x000060bc                EIC_EXTINT_0_Handler
                0x000060bc                TCC1_OTHER_Handler
                0x000060bc                PAC_Handler
                0x000060bc                SERCOM4_1_Handler
                0x000060bc                TC3_Handler
                0x000060bc                Dummy_Handler
                0x000060bc                DAC_RESRDY_0_Handler
                0x000060bc                SERCOM5_1_Handler
                0x000060bc                DMAC_2_Handler
                0x000060bc                TCC0_MC4_Handler
                0x000060bc                USB_TRCPT1_Handler
                0x000060bc                SERCOM0_1_Handler
                0x000060bc                TCC0_MC3_Handler
                0x000060bc                EIC_EXTINT_12_Handler
                0x000060bc                OSCCTRL_DPLL0_Handler
                0x000060bc                SERCOM5_OTHER_Handler
                0x000060bc                PM_Handler
                0x000060bc                OSCCTRL_DFLL_Handler
                0x000060bc                DAC_RESRDY_1_Handler
                0x000060bc                DMAC_1_Handler
                0x000060bc                USB_OTHER_Handler
                0x000060bc                TCC0_OTHER_Handler
                0x000060bc                EIC_EXTINT_10_Handler
                0x000060bc                TCC1_MC3_Handler
                0x000060bc                OSCCTRL_XOSC0_Handler
                0x000060bc                TCC0_MC0_Handler
                0x000060bc                EIC_EXTINT_2_Handler
                0x000060bc                SDHC0_Handler
                0x000060bc                SERCOM1_1_Handler
                0x000060bc                I2S_Handler
                0x000060bc                PCC_Handler
                0x000060bc                TCC3_OTHER_Handler
                0x000060bc                EIC_EXTINT_13_Handler
                0x000060bc                SERCOM1_0_Handler
                0x000060bc                PUKCC_Handler
                0x000060bc                SERCOM2_1_Handler
                0x000060bc                SERCOM1_2_Handler
                0x000060bc                SERCOM3_0_Handler
                0x000060bc                SERCOM4_2_Handler
                0x000060bc                TCC1_MC2_Handler
                0x000060bc                ADC1_RESRDY_Handler
                0x000060bc                NVMCTRL_1_Handler
                0x000060bc                SERCOM5_2_Handler
                0x000060bc                SERCOM2_2_Handler
                0x000060bc                DAC_EMPTY_1_Handler
                0x000060bc                ADC1_OTHER_Handler
                0x000060bc                OSCCTRL_DPLL1_Handler
                0x000060bc                EIC_EXTINT_3_Handler
                0x000060bc                SERCOM3_OTHER_Handler
                0x000060bc                EIC_EXTINT_8_Handler
                0x000060bc                NVMCTRL_0_Handler
                0x000060bc                ADC0_RESRDY_Handler
                0x000060bc                ADC0_OTHER_Handler
                0x000060bc                MCLK_Handler
                0x000060bc                EVSYS_2_Handler
                0x000060bc                SERCOM2_OTHER_Handler
                0x000060bc                FREQM_Handler
                0x000060bc                TC0_Handler
                0x000060bc                TCC0_MC1_Handler
                0x000060bc                DMAC_3_Handler
                0x000060bc                RAMECC_Handler
                0x000060bc                TC5_Handler
                0x000060bc                SERCOM2_0_Handler
                0x000060bc                AES_Handler
                0x000060bc                ICM_Handler
                0x000060bc                TCC0_MC2_Handler

.text.NonMaskableInt_Handler%179
                0x000060be        0x2
 .text.NonMaskableInt_Handler
                0x000060be        0x2 build/default/production/_ext/1171490990/exceptions.o
                0x000060be                NonMaskableInt_Handler

.text.HardFault_Handler%180
                0x000060c0        0x2
 .text.HardFault_Handler
                0x000060c0        0x2 build/default/production/_ext/1171490990/exceptions.o
                0x000060c0                HardFault_Handler

.text.DebugMonitor_Handler%181
                0x000060c2        0x2
 .text.DebugMonitor_Handler
                0x000060c2        0x2 build/default/production/_ext/1171490990/exceptions.o
                0x000060c2                DebugMonitor_Handler

.text.MemoryManagement_Handler%182
                0x000060c4        0x2
 .text.MemoryManagement_Handler
                0x000060c4        0x2 build/default/production/_ext/1171490990/exceptions.o
                0x000060c4                MemoryManagement_Handler

.text.BusFault_Handler%183
                0x000060c6        0x2
 .text.BusFault_Handler
                0x000060c6        0x2 build/default/production/_ext/1171490990/exceptions.o
                0x000060c6                BusFault_Handler

.text.UsageFault_Handler%184
                0x000060c8        0x2
 .text.UsageFault_Handler
                0x000060c8        0x2 build/default/production/_ext/1171490990/exceptions.o
                0x000060c8                UsageFault_Handler

.text.Dummy_App_Func%185
                0x000060ca        0x2
 .text.Dummy_App_Func
                0x000060ca        0x2 build/default/production/_ext/1171490990/startup_xc32.o
                0x000060ca                _on_reset
                0x000060ca                _on_bootstrap
                0x000060ca                __xc32_on_reset
                0x000060ca                Dummy_App_Func
                0x000060ca                __xc32_on_bootstrap

.text.Protocol_7280_us_callback%186
                0x000060cc        0x2
 .text.Protocol_7280_us_callback
                0x000060cc        0x2 build/default/production/_ext/1042908558/protocol.o
                0x000060cc                Protocol_7280_us_callback
