Archive member included to satisfy reference by file (symbol)

c:/program files/microchip/xc32/v4.35/bin/bin/../../lib/gcc/pic32c/8.3.1/../../../../pic32c/lib/thumb/v7e-m+fp/hard\libpic32c.a(data_init.o)
                              build/default/production/_ext/1171490990/startup_xc32.o (__pic32c_data_initialization)
c:/program files/microchip/xc32/v4.35/bin/bin/../../lib/gcc/pic32c/8.3.1/../../../../pic32c/lib/thumb/v7e-m+fp/hard\libc-musl.a(__libc_start_main.o)
                              build/default/production/_ext/1171490990/startup_xc32.o (__libc_init_array)
c:/program files/microchip/xc32/v4.35/bin/bin/../../lib/gcc/pic32c/8.3.1/../../../../pic32c/lib/thumb/v7e-m+fp/hard\libc-musl.a(libc.o)
                              c:/program files/microchip/xc32/v4.35/bin/bin/../../lib/gcc/pic32c/8.3.1/../../../../pic32c/lib/thumb/v7e-m+fp/hard\libc-musl.a(__libc_start_main.o) (__progname_full)
c:/program files/microchip/xc32/v4.35/bin/bin/../../lib/gcc/pic32c/8.3.1/../../../../pic32c/lib/thumb/v7e-m+fp/hard\libc-musl.a(memcpy.o)
                              build/default/production/_ext/60165182/plib_can0.o (memcpy)
c:/program files/microchip/xc32/v4.35/bin/bin/../../lib/gcc/pic32c/8.3.1/../../../../pic32c/lib/thumb/v7e-m+fp/hard\libc-musl.a(memset.o)
                              build/default/production/_ext/60165182/plib_can0.o (memset)
c:/program files/microchip/xc32/v4.35/bin/bin/../../lib/gcc/pic32c/8.3.1/../../../../pic32c/lib/thumb/v7e-m+fp/hard\libc-musl.a(__environ.o)
                              c:/program files/microchip/xc32/v4.35/bin/bin/../../lib/gcc/pic32c/8.3.1/../../../../pic32c/lib/thumb/v7e-m+fp/hard\libc-musl.a(__libc_start_main.o) (__environ)
c:/program files/microchip/xc32/v4.35/bin/bin/../../lib/gcc/pic32c/8.3.1/../../../../pic32c/lib/thumb/v7e-m+fp/hard\libpic32c.a(pic32_data_init_clear.o)
                              (__dinit_clear_needed)
c:/program files/microchip/xc32/v4.35/bin/bin/../../lib/gcc/pic32c/8.3.1/../../../../pic32c/lib/thumb/v7e-m+fp/hard\libpic32c.a(pic32_data_init_copy.o)
                              (__dinit_copy_needed)

Microchip PIC32 Memory-Usage Report

ROM Program-Memory Usage
section                    address  length [bytes]      (dec)  Description
-------                 ----------  -------------------------  -----------
.vectors                    0x2000          0x260         608   
.text                       0x2260           0x20          32  App's exec code 
.text.MET_Can_Protocol_     0x2280          0x40c        1036   
.text.Power_1564us_Loop     0x268c          0x394         916   
.text.CAN0_InterruptHan     0x2a20          0x190         400   
.text.CLOCK_Initialize      0x2bb0          0x160         352   
.dinit                      0x2d10          0x140         320   
.text.MET_Can_Protocol_     0x2e50          0x124         292   
.text.buzzer_demo_seque     0x2f74          0x108         264   
.text.PORT_Initialize       0x307c           0xec         236   
.text.ApplicationProtoc     0x3168           0xb4         180   
.text.GpioLoop              0x321c           0xb4         180   
.text.manualRotationAct     0x32d0           0xb0         176   
.text.CAN0_MessageTrans     0x3380           0xac         172   
.text.xrayManagement        0x342c           0xac         172   
.text.CAN0_MessageRAMCo     0x34d8           0xa0         160   
.text.burningManagement     0x3578           0x9c         156   
.text.Reset_Handler         0x3614           0x90         144   
.text.initPowerOff          0x36a4           0x8c         140   
.text.CAN0_Initialize       0x3730           0x88         136   
.text.main                  0x37b8           0x84         132   
.text.motorPowerManagem     0x383c           0x6c         108   
.text.compressorManagem     0x38a8           0x6c         108   
.text.Buzzer728msLoop       0x3914           0x6c         108   
.text.ADC0_Initialize       0x3980           0x5c          92   
.text.ADC1_Initialize       0x39dc           0x5c          92   
.text.__libc_start_init     0x3a38           0x5c          92   
.text.MET_Can_AppRestar     0x3a94           0x58          88   
.text.Protocol_7280_us_     0x3aec           0x58          88   
.text.pedalboardActivat     0x3b44           0x54          84   
.text.ApplicationProtoc     0x3b98           0x52          82   
.text.EVSYS_Initialize      0x3bea            0x2           2   
.text.GeneratorLoop         0x3bec           0x50          80   
.text.CAN0_MessageRecei     0x3c3c           0x4c          76   
.text.PowerModule_reque     0x3c88           0x4c          76   
.text.__pic32c_data_ini     0x3cd4           0x4c          76   
.text.RTC_Initialize        0x3d20           0x44          68   
.text.BuzzerDemoInit        0x3d64           0x44          68   
.text                       0x3da8           0x40          64  App's exec code 
.text.MET_Can_Protocol_     0x3de8           0x40          64   
[...]
Memory Configuration

Name             Origin             Length             Attributes
rom              0x00002000         0x000fe000         xrl
ram              0x20000010         0x0003fff0         xw !r
tcm              0x03000000         0x00000000         xw
config_00804000  0x00804000         0x00000004
config_00804008  0x00804008         0x00000004
config_00804004  0x00804004         0x00000004
*default*        0x00000000         0xffffffff

Linker script and memory map

LOAD c:/program files/microchip/xc32/v4.35/bin/bin/../../lib/gcc/pic32c/8.3.1/thumb/v7e-m+fp/hard/crti.o
LOAD c:/program files/microchip/xc32/v4.35/bin/bin/../../lib/gcc/pic32c/8.3.1/thumb/v7e-m+fp/hard/crtbegin.o
LOAD build/default/production/_ext/1894469536/MET_can_protocol.o
LOAD build/default/production/_ext/1042908558/protocol.o
LOAD build/default/production/_ext/60163342/plib_adc0.o
LOAD build/default/production/_ext/60163342/plib_adc1.o
LOAD build/default/production/_ext/60165182/plib_can0.o
LOAD build/default/production/_ext/1984496892/plib_clock.o
LOAD build/default/production/_ext/1865131932/plib_cmcc.o
LOAD build/default/production/_ext/1986646378/plib_evsys.o
LOAD build/default/production/_ext/1865468468/plib_nvic.o
LOAD build/default/production/_ext/1593096446/plib_nvmctrl.o
LOAD build/default/production/_ext/1865521619/plib_port.o
LOAD build/default/production/_ext/60180175/plib_rtc_timer.o
LOAD build/default/production/_ext/829342655/plib_tc0.o
LOAD build/default/production/_ext/163028504/xc32_monitor.o
LOAD build/default/production/_ext/1171490990/initialization.o
LOAD build/default/production/_ext/1171490990/interrupts.o
LOAD build/default/production/_ext/1171490990/exceptions.o
LOAD build/default/production/_ext/1171490990/startup_xc32.o
LOAD build/default/production/_ext/1171490990/libc_syscalls.o
LOAD build/default/production/_ext/31884679/generator.o
LOAD build/default/production/_ext/1020268407/gpio.o
LOAD build/default/production/_ext/1554269333/power.o
LOAD build/default/production/_ext/1360937237/main.o
LOAD build/default/production/_ext/1332866790/buzzer.o
                0x00000001                __MPLAB_BUILD = 0x1
                0x00100000                __rom_end = (ORIGIN (rom) + LENGTH (rom))
                0x20040000                __ram_end = (ORIGIN (ram) + LENGTH (ram))

.config_00804000
 *(.config_00804000)

.config_00804008
 *(.config_00804008)

.config_00804004
 *(.config_00804004)

.vectors        0x00002000      0x260
                0x00002000                . = ALIGN (0x4)
                0x00002000                _sfixed = .
 *(.vectors .vectors.* .vectors_default .vectors_default.*)
 .vectors.exception_table
                0x00002000      0x260 build/default/production/_ext/1171490990/interrupts.o
                0x00002000                exception_table
 *(.isr_vector)
 *(.reset*)
 *(.after_vectors)

.text           0x00002260       0x20
                0x00002260                . = ALIGN (0x4)
 *(.glue_7t)
 .glue_7t       0x00002260        0x0 linker stubs
 *(.glue_7)
 .glue_7        0x00002260        0x0 linker stubs
 *(.gnu.linkonce.r.*)
 *(.ARM.extab* .gnu.linkonce.armextab.*)
                0x00002260                . = ALIGN (0x4)
 *(.init)
 .init          0x00002260        0x4 c:/program files/microchip/xc32/v4.35/bin/bin/../../lib/gcc/pic32c/8.3.1/thumb/v7e-m+fp/hard/crti.o
                0x00002260                _init
 .init          0x00002264        0x8 c:/program files/microchip/xc32/v4.35/bin/bin/../../lib/gcc/pic32c/8.3.1/thumb/v7e-m+fp/hard/crtn.o
                0x0000226c                . = ALIGN (0x4)
                0x0000226c                __preinit_array_start = .
 *(.preinit_array)
                0x0000226c                __preinit_array_end = .
                0x0000226c                . = ALIGN (0x4)
                0x0000226c                __init_array_start = .
 *(SORT_BY_NAME(.init_array.*))
 *(.init_array)
 .init_array    0x0000226c        0x4 c:/program files/microchip/xc32/v4.35/bin/bin/../../lib/gcc/pic32c/8.3.1/thumb/v7e-m+fp/hard/crtbegin.o
                0x00002270                __init_array_end = .
                0x00002270                . = ALIGN (0x4)
 *crtbegin.o(.ctors)
 *(EXCLUDE_FILE(*crtend.o) .ctors)
 *(SORT_BY_NAME(.ctors.*))
 *crtend.o(.ctors)
                0x00002270                . = ALIGN (0x4)
 *(.fini)
 .fini          0x00002270        0x4 c:/program files/microchip/xc32/v4.35/bin/bin/../../lib/gcc/pic32c/8.3.1/thumb/v7e-m+fp/hard/crti.o
                0x00002270                _fini
 .fini          0x00002274        0x8 c:/program files/microchip/xc32/v4.35/bin/bin/../../lib/gcc/pic32c/8.3.1/thumb/v7e-m+fp/hard/crtn.o
                0x0000227c                . = ALIGN (0x4)
                0x0000227c                __fini_array_start = .
 *(.fini_array)
 .fini_array    0x0000227c        0x4 c:/program files/microchip/xc32/v4.35/bin/bin/../../lib/gcc/pic32c/8.3.1/thumb/v7e-m+fp/hard/crtbegin.o
 *(SORT_BY_NAME(.fini_array.*))
                0x00002280                __fini_array_end = .
 *crtbegin.o(.dtors)
 *(EXCLUDE_FILE(*crtend.o) .dtors)
 *(SORT_BY_NAME(.dtors.*))
 *crtend.o(.dtors)
                0x00002280                . = ALIGN (0x4)
                0x00002280                _efixed = .
                [!provide]                PROVIDE (__exidx_start = .)

.ARM.exidx
 *(.ARM.exidx* .gnu.linkonce.armexidx.*)
                [!provide]                PROVIDE (__exidx_end = .)
                0x00002280                . = ALIGN (0x4)
                0x00002280                _etext = .

.bss            0x20000010        0x0
                0x20000010                . = ALIGN (0x4)
                0x20000010                __bss_start__ = .
                0x20000010                _sbss = .
                0x20000010                _szero = .
 *(COMMON)
                0x20000010                . = ALIGN (0x4)
                0x20000010                __bss_end__ = .
                0x20000010                _ebss = .
                0x20000010                _ezero = .
                0x20000010                . = ALIGN (0x4)
                0x20000010                _end = .
                0x2003ffff                _ram_end_ = ((ORIGIN (ram) + LENGTH (ram)) - 0x1)
                0x00000200                _min_heap_size = 0x200
START GROUP
LOAD c:/program files/microchip/xc32/v4.35/bin/bin/../../lib/gcc/pic32c/8.3.1/../../../../pic32c/lib/thumb/v7e-m+fp/hard\libpic32c.a
LOAD c:/program files/microchip/xc32/v4.35/bin/bin/../../lib/gcc/pic32c/8.3.1/../../../../pic32c/lib/thumb/v7e-m+fp/hard\libm-fast-emfloat.a
LOAD c:/program files/microchip/xc32/v4.35/bin/bin/../../lib/gcc/pic32c/8.3.1/../../../../pic32c/lib/thumb/v7e-m+fp/hard\libc-musl.a
LOAD c:/program files/microchip/xc32/v4.35/bin/bin/../../lib/gcc/pic32c/8.3.1/../../../../pic32c/lib/thumb/v7e-m+fp/hard\libm-fast-emfloat.a
LOAD c:/program files/microchip/xc32/v4.35/bin/bin/../../lib/gcc/pic32c/8.3.1/thumb/v7e-m+fp/hard\libgcc.a
END GROUP
LOAD c:/program files/microchip/xc32/v4.35/bin/bin/../../lib/gcc/pic32c/8.3.1/thumb/v7e-m+fp/hard/crtend.o
LOAD c:/program files/microchip/xc32/v4.35/bin/bin/../../lib/gcc/pic32c/8.3.1/thumb/v7e-m+fp/hard/crtn.o
OUTPUT(dist/default/production/FW301.X.production.elf elf32-littlearm)
LOAD data_init
LOAD stack

.ARM.attributes
                0x00000000       0x34
 .ARM.attributes
                0x00000000       0x1e c:/program files/microchip/xc32/v4.35/bin/bin/../../lib/gcc/pic32c/8.3.1/thumb/v7e-m+fp/hard/crti.o
 .ARM.attributes
                0x0000001e       0x34 c:/program files/microchip/xc32/v4.35/bin/bin/../../lib/gcc/pic32c/8.3.1/thumb/v7e-m+fp/hard/crtbegin.o
 .ARM.attributes
                0x00000052       0x34 build/default/production/_ext/1894469536/MET_can_protocol.o
 .ARM.attributes
                0x00000086       0x34 build/default/production/_ext/1042908558/protocol.o
 .ARM.attributes
                0x000000ba       0x34 build/default/production/_ext/60163342/plib_adc0.o
 .ARM.attributes
                0x000000ee       0x34 build/default/production/_ext/60163342/plib_adc1.o
 .ARM.attributes
                0x00000122       0x34 build/default/production/_ext/60165182/plib_can0.o
 .ARM.attributes
                0x00000156       0x34 build/default/production/_ext/1984496892/plib_clock.o
 .ARM.attributes
                0x0000018a       0x34 build/default/production/_ext/1986646378/plib_evsys.o
 .ARM.attributes
                0x000001be       0x34 build/default/production/_ext/1865468468/plib_nvic.o
 .ARM.attributes
                0x000001f2       0x34 build/default/production/_ext/1593096446/plib_nvmctrl.o
 .ARM.attributes
                0x00000226       0x34 build/default/production/_ext/1865521619/plib_port.o
 .ARM.attributes
                0x0000025a       0x34 build/default/production/_ext/60180175/plib_rtc_timer.o
 .ARM.attributes
                0x0000028e       0x34 build/default/production/_ext/829342655/plib_tc0.o
 .ARM.attributes
                0x000002c2       0x34 build/default/production/_ext/1171490990/initialization.o
 .ARM.attributes
                0x000002f6       0x34 build/default/production/_ext/1171490990/interrupts.o
 .ARM.attributes
                0x0000032a       0x34 build/default/production/_ext/1171490990/exceptions.o
 .ARM.attributes
                0x0000035e       0x34 build/default/production/_ext/1171490990/startup_xc32.o
 .ARM.attributes
                0x00000392       0x34 build/default/production/_ext/31884679/generator.o
 .ARM.attributes
                0x000003c6       0x34 build/default/production/_ext/1020268407/gpio.o
 .ARM.attributes
                0x000003fa       0x34 build/default/production/_ext/1554269333/power.o
 .ARM.attributes
                0x0000042e       0x34 build/default/production/_ext/1360937237/main.o
 .ARM.attributes
                0x00000462       0x34 build/default/production/_ext/1332866790/buzzer.o
 .ARM.attributes
                0x00000496       0x34 c:/program files/microchip/xc32/v4.35/bin/bin/../../lib/gcc/pic32c/8.3.1/../../../../pic32c/lib/thumb/v7e-m+fp/hard\libpic32c.a(data_init.o)
 .ARM.attributes
                0x000004ca       0x36 c:/program files/microchip/xc32/v4.35/bin/bin/../../lib/gcc/pic32c/8.3.1/../../../../pic32c/lib/thumb/v7e-m+fp/hard\libc-musl.a(__libc_start_main.o)
 .ARM.attributes
                0x00000500       0x34 c:/program files/microchip/xc32/v4.35/bin/bin/../../lib/gcc/pic32c/8.3.1/../../../../pic32c/lib/thumb/v7e-m+fp/hard\libc-musl.a(libc.o)
 .ARM.attributes
                0x00000534       0x36 c:/program files/microchip/xc32/v4.35/bin/bin/../../lib/gcc/pic32c/8.3.1/../../../../pic32c/lib/thumb/v7e-m+fp/hard\libc-musl.a(memcpy.o)
 .ARM.attributes
                0x0000056a       0x36 c:/program files/microchip/xc32/v4.35/bin/bin/../../lib/gcc/pic32c/8.3.1/../../../../pic32c/lib/thumb/v7e-m+fp/hard\libc-musl.a(memset.o)
 .ARM.attributes
                0x000005a0       0x34 c:/program files/microchip/xc32/v4.35/bin/bin/../../lib/gcc/pic32c/8.3.1/../../../../pic32c/lib/thumb/v7e-m+fp/hard\libc-musl.a(__environ.o)
 .ARM.attributes
                0x000005d4       0x1e c:/program files/microchip/xc32/v4.35/bin/bin/../../lib/gcc/pic32c/8.3.1/thumb/v7e-m+fp/hard/crtn.o
 .ARM.attributes
                0x000005f2       0x34 c:/program files/microchip/xc32/v4.35/bin/bin/../../lib/gcc/pic32c/8.3.1/../../../../pic32c/lib/thumb/v7e-m+fp/hard\libpic32c.a(pic32_data_init_clear.o)
 .ARM.attributes
                0x00000626       0x34 c:/program files/microchip/xc32/v4.35/bin/bin/../../lib/gcc/pic32c/8.3.1/../../../../pic32c/lib/thumb/v7e-m+fp/hard\libpic32c.a(pic32_data_init_copy.o)

.comment        0x00000000       0x2b
 .comment       0x00000000       0x2b c:/program files/microchip/xc32/v4.35/bin/bin/../../lib/gcc/pic32c/8.3.1/thumb/v7e-m+fp/hard/crtbegin.o
                                 0x2c (size before relaxing)
 .comment       0x0000002b       0x2c build/default/production/_ext/1894469536/MET_can_protocol.o
 .comment       0x0000002b       0x2c build/default/production/_ext/1042908558/protocol.o
 .comment       0x0000002b       0x2c build/default/production/_ext/60163342/plib_adc0.o
 .comment       0x0000002b       0x2c build/default/production/_ext/60163342/plib_adc1.o
 .comment       0x0000002b       0x2c build/default/production/_ext/60165182/plib_can0.o
 .comment       0x0000002b       0x2c build/default/production/_ext/1984496892/plib_clock.o
 .comment       0x0000002b       0x2c build/default/production/_ext/1986646378/plib_evsys.o
 .comment       0x0000002b       0x2c build/default/production/_ext/1865468468/plib_nvic.o
 .comment       0x0000002b       0x2c build/default/production/_ext/1593096446/plib_nvmctrl.o
 .comment       0x0000002b       0x2c build/default/production/_ext/1865521619/plib_port.o
 .comment       0x0000002b       0x2c build/default/production/_ext/60180175/plib_rtc_timer.o
 .comment       0x0000002b       0x2c build/default/production/_ext/829342655/plib_tc0.o
 .comment       0x0000002b       0x2c build/default/production/_ext/1171490990/initialization.o
 .comment       0x0000002b       0x2c build/default/production/_ext/1171490990/interrupts.o
 .comment       0x0000002b       0x2c build/default/production/_ext/1171490990/exceptions.o
 .comment       0x0000002b       0x2c build/default/production/_ext/1171490990/startup_xc32.o
 .comment       0x0000002b       0x2c build/default/production/_ext/31884679/generator.o
 .comment       0x0000002b       0x2c build/default/production/_ext/1020268407/gpio.o
 .comment       0x0000002b       0x2c build/default/production/_ext/1554269333/power.o
 .comment       0x0000002b       0x2c build/default/production/_ext/1360937237/main.o
 .comment       0x0000002b       0x2c build/default/production/_ext/1332866790/buzzer.o
 .comment       0x0000002b       0x2c c:/program files/microchip/xc32/v4.35/bin/bin/../../lib/gcc/pic32c/8.3.1/../../../../pic32c/lib/thumb/v7e-m+fp/hard\libpic32c.a(data_init.o)
 .comment       0x0000002b       0x2c c:/program files/microchip/xc32/v4.35/bin/bin/../../lib/gcc/pic32c/8.3.1/../../../../pic32c/lib/thumb/v7e-m+fp/hard\libc-musl.a(__libc_start_main.o)
 .comment       0x0000002b       0x2c c:/program files/microchip/xc32/v4.35/bin/bin/../../lib/gcc/pic32c/8.3.1/../../../../pic32c/lib/thumb/v7e-m+fp/hard\libc-musl.a(libc.o)
 .comment       0x0000002b       0x2c c:/program files/microchip/xc32/v4.35/bin/bin/../../lib/gcc/pic32c/8.3.1/../../../../pic32c/lib/thumb/v7e-m+fp/hard\libc-musl.a(memcpy.o)
 .comment       0x0000002b       0x2c c:/program files/microchip/xc32/v4.35/bin/bin/../../lib/gcc/pic32c/8.3.1/../../../../pic32c/lib/thumb/v7e-m+fp/hard\libc-musl.a(memset.o)
 .comment       0x0000002b       0x2c c:/program files/microchip/xc32/v4.35/bin/bin/../../lib/gcc/pic32c/8.3.1/../../../../pic32c/lib/thumb/v7e-m+fp/hard\libc-musl.a(__environ.o)
 .comment       0x0000002b       0x2c c:/program files/microchip/xc32/v4.35/bin/bin/../../lib/gcc/pic32c/8.3.1/../../../../pic32c/lib/thumb/v7e-m+fp/hard\libpic32c.a(pic32_data_init_clear.o)
 .comment       0x0000002b       0x2c c:/program files/microchip/xc32/v4.35/bin/bin/../../lib/gcc/pic32c/8.3.1/../../../../pic32c/lib/thumb/v7e-m+fp/hard\libpic32c.a(pic32_data_init_copy.o)

.debug_info     0x00000000    0x135f3
 .debug_info    0x00000000     0x202a build/default/production/_ext/1894469536/MET_can_protocol.o
 .debug_info    0x0000202a      0xb32 build/default/production/_ext/1042908558/protocol.o
 .debug_info    0x00002b5c      0xdce build/default/production/_ext/60163342/plib_adc0.o
 .debug_info    0x0000392a      0xdce build/default/production/_ext/60163342/plib_adc1.o
 .debug_info    0x000046f8     0x1c42 build/default/production/_ext/60165182/plib_can0.o
 .debug_info    0x0000633a      0xbb8 build/default/production/_ext/1984496892/plib_clock.o
 .debug_info    0x00006ef2      0x31c build/default/production/_ext/1986646378/plib_evsys.o
 .debug_info    0x0000720e     0x1386 build/default/production/_ext/1865468468/plib_nvic.o
 .debug_info    0x00008594      0xc51 build/default/production/_ext/1593096446/plib_nvmctrl.o
 .debug_info    0x000091e5      0xdcb build/default/production/_ext/1865521619/plib_port.o
 .debug_info    0x00009fb0      0xfe6 build/default/production/_ext/60180175/plib_rtc_timer.o
 .debug_info    0x0000af96      0xc2c build/default/production/_ext/829342655/plib_tc0.o
 .debug_info    0x0000bbc2      0x411 build/default/production/_ext/1171490990/initialization.o
 .debug_info    0x0000bfd3     0x1673 build/default/production/_ext/1171490990/interrupts.o
 .debug_info    0x0000d646      0x3d5 build/default/production/_ext/1171490990/exceptions.o
 .debug_info    0x0000da1b      0x901 build/default/production/_ext/1171490990/startup_xc32.o
 .debug_info    0x0000e31c      0x7af build/default/production/_ext/31884679/generator.o
 .debug_info    0x0000eacb      0xe47 build/default/production/_ext/1020268407/gpio.o
 .debug_info    0x0000f912      0xfd8 build/default/production/_ext/1554269333/power.o
 .debug_info    0x000108ea      0x879 build/default/production/_ext/1360937237/main.o
 .debug_info    0x00011163      0x8e4 build/default/production/_ext/1332866790/buzzer.o
 .debug_info    0x00011a47      0x2c3 c:/program files/microchip/xc32/v4.35/bin/bin/../../lib/gcc/pic32c/8.3.1/../../../../pic32c/lib/thumb/v7e-m+fp/hard\libpic32c.a(data_init.o)
 .debug_info    0x00011d0a      0x620 c:/program files/microchip/xc32/v4.35/bin/bin/../../lib/gcc/pic32c/8.3.1/../../../../pic32c/lib/thumb/v7e-m+fp/hard\libc-musl.a(__libc_start_main.o)
 .debug_info    0x0001232a      0x532 c:/program files/microchip/xc32/v4.35/bin/bin/../../lib/gcc/pic32c/8.3.1/../../../../pic32c/lib/thumb/v7e-m+fp/hard\libc-musl.a(libc.o)
 .debug_info    0x0001285c      0x2f8 c:/program files/microchip/xc32/v4.35/bin/bin/../../lib/gcc/pic32c/8.3.1/../../../../pic32c/lib/thumb/v7e-m+fp/hard\libc-musl.a(memcpy.o)
 .debug_info    0x00012b54      0x2bc c:/program files/microchip/xc32/v4.35/bin/bin/../../lib/gcc/pic32c/8.3.1/../../../../pic32c/lib/thumb/v7e-m+fp/hard\libc-musl.a(memset.o)
 .debug_info    0x00012e10      0x2ac c:/program files/microchip/xc32/v4.35/bin/bin/../../lib/gcc/pic32c/8.3.1/../../../../pic32c/lib/thumb/v7e-m+fp/hard\libc-musl.a(__environ.o)
 .debug_info    0x000130bc      0x29c c:/program files/microchip/xc32/v4.35/bin/bin/../../lib/gcc/pic32c/8.3.1/../../../../pic32c/lib/thumb/v7e-m+fp/hard\libpic32c.a(pic32_data_init_clear.o)
 .debug_info    0x00013358      0x29b c:/program files/microchip/xc32/v4.35/bin/bin/../../lib/gcc/pic32c/8.3.1/../../../../pic32c/lib/thumb/v7e-m+fp/hard\libpic32c.a(pic32_data_init_copy.o)

.debug_abbrev   0x00000000     0x2650
 .debug_abbrev  0x00000000      0x421 build/default/production/_ext/1894469536/MET_can_protocol.o
 .debug_abbrev  0x00000421      0x14c build/default/production/_ext/1042908558/protocol.o
 .debug_abbrev  0x0000056d      0x18a build/default/production/_ext/60163342/plib_adc0.o
 .debug_abbrev  0x000006f7      0x18a build/default/production/_ext/60163342/plib_adc1.o
 .debug_abbrev  0x00000881      0x36b build/default/production/_ext/60165182/plib_can0.o
 .debug_abbrev  0x00000bec      0x122 build/default/production/_ext/1984496892/plib_clock.o
 .debug_abbrev  0x00000d0e       0x3b build/default/production/_ext/1986646378/plib_evsys.o
 .debug_abbrev  0x00000d49      0x204 build/default/production/_ext/1865468468/plib_nvic.o
 .debug_abbrev  0x00000f4d      0x203 build/default/production/_ext/1593096446/plib_nvmctrl.o
 .debug_abbrev  0x00001150      0x1d6 build/default/production/_ext/1865521619/plib_port.o
 .debug_abbrev  0x00001326      0x1e8 build/default/production/_ext/60180175/plib_rtc_timer.o
 .debug_abbrev  0x0000150e      0x19b build/default/production/_ext/829342655/plib_tc0.o
 .debug_abbrev  0x000016a9       0x8b build/default/production/_ext/1171490990/initialization.o
 .debug_abbrev  0x00001734       0xb5 build/default/production/_ext/1171490990/interrupts.o
 .debug_abbrev  0x000017e9       0x3e build/default/production/_ext/1171490990/exceptions.o
 .debug_abbrev  0x00001827      0x1f6 build/default/production/_ext/1171490990/startup_xc32.o
 .debug_abbrev  0x00001a1d      0x15c build/default/production/_ext/31884679/generator.o
 .debug_abbrev  0x00001b79      0x1d0 build/default/production/_ext/1020268407/gpio.o
 .debug_abbrev  0x00001d49      0x23d build/default/production/_ext/1554269333/power.o
 .debug_abbrev  0x00001f86      0x14d build/default/production/_ext/1360937237/main.o
 .debug_abbrev  0x000020d3      0x184 build/default/production/_ext/1332866790/buzzer.o
 .debug_abbrev  0x00002257       0x44 c:/program files/microchip/xc32/v4.35/bin/bin/../../lib/gcc/pic32c/8.3.1/../../../../pic32c/lib/thumb/v7e-m+fp/hard\libpic32c.a(data_init.o)
 .debug_abbrev  0x0000229b      0x117 c:/program files/microchip/xc32/v4.35/bin/bin/../../lib/gcc/pic32c/8.3.1/../../../../pic32c/lib/thumb/v7e-m+fp/hard\libc-musl.a(__libc_start_main.o)
 .debug_abbrev  0x000023b2       0xb8 c:/program files/microchip/xc32/v4.35/bin/bin/../../lib/gcc/pic32c/8.3.1/../../../../pic32c/lib/thumb/v7e-m+fp/hard\libc-musl.a(libc.o)
 .debug_abbrev  0x0000246a       0x9c c:/program files/microchip/xc32/v4.35/bin/bin/../../lib/gcc/pic32c/8.3.1/../../../../pic32c/lib/thumb/v7e-m+fp/hard\libc-musl.a(memcpy.o)
 .debug_abbrev  0x00002506       0x97 c:/program files/microchip/xc32/v4.35/bin/bin/../../lib/gcc/pic32c/8.3.1/../../../../pic32c/lib/thumb/v7e-m+fp/hard\libc-musl.a(memset.o)
 .debug_abbrev  0x0000259d       0x57 c:/program files/microchip/xc32/v4.35/bin/bin/../../lib/gcc/pic32c/8.3.1/../../../../pic32c/lib/thumb/v7e-m+fp/hard\libc-musl.a(__environ.o)
 .debug_abbrev  0x000025f4       0x2e c:/program files/microchip/xc32/v4.35/bin/bin/../../lib/gcc/pic32c/8.3.1/../../../../pic32c/lib/thumb/v7e-m+fp/hard\libpic32c.a(pic32_data_init_clear.o)
 .debug_abbrev  0x00002622       0x2e c:/program files/microchip/xc32/v4.35/bin/bin/../../lib/gcc/pic32c/8.3.1/../../../../pic32c/lib/thumb/v7e-m+fp/hard\libpic32c.a(pic32_data_init_copy.o)

.debug_loc      0x00000000     0x2902
 .debug_loc     0x00000000      0x9f3 build/default/production/_ext/1894469536/MET_can_protocol.o
 .debug_loc     0x000009f3      0x28c build/default/production/_ext/1042908558/protocol.o
 .debug_loc     0x00000c7f      0x129 build/default/production/_ext/60163342/plib_adc0.o
 .debug_loc     0x00000da8      0x129 build/default/production/_ext/60163342/plib_adc1.o
 .debug_loc     0x00000ed1      0x9fc build/default/production/_ext/60165182/plib_can0.o
 .debug_loc     0x000018cd       0xf9 build/default/production/_ext/1865468468/plib_nvic.o
 .debug_loc     0x000019c6      0x4bf build/default/production/_ext/1593096446/plib_nvmctrl.o
 .debug_loc     0x00001e85      0x1e8 build/default/production/_ext/1865521619/plib_port.o
 .debug_loc     0x0000206d       0xb4 build/default/production/_ext/60180175/plib_rtc_timer.o
 .debug_loc     0x00002121      0x141 build/default/production/_ext/829342655/plib_tc0.o
 .debug_loc     0x00002262       0x45 build/default/production/_ext/1171490990/initialization.o
 .debug_loc     0x000022a7       0x60 build/default/production/_ext/1171490990/startup_xc32.o
 .debug_loc     0x00002307       0x20 build/default/production/_ext/31884679/generator.o
 .debug_loc     0x00002327      0x23a build/default/production/_ext/1020268407/gpio.o
 .debug_loc     0x00002561       0xdc build/default/production/_ext/1554269333/power.o
 .debug_loc     0x0000263d       0x20 build/default/production/_ext/1360937237/main.o
 .debug_loc     0x0000265d       0xa4 build/default/production/_ext/1332866790/buzzer.o
 .debug_loc     0x00002701       0x14 c:/program files/microchip/xc32/v4.35/bin/bin/../../lib/gcc/pic32c/8.3.1/../../../../pic32c/lib/thumb/v7e-m+fp/hard\libpic32c.a(data_init.o)
 .debug_loc     0x00002715       0x51 c:/program files/microchip/xc32/v4.35/bin/bin/../../lib/gcc/pic32c/8.3.1/../../../../pic32c/lib/thumb/v7e-m+fp/hard\libc-musl.a(__libc_start_main.o)
 .debug_loc     0x00002766      0x10b c:/program files/microchip/xc32/v4.35/bin/bin/../../lib/gcc/pic32c/8.3.1/../../../../pic32c/lib/thumb/v7e-m+fp/hard\libc-musl.a(memcpy.o)
 .debug_loc     0x00002871       0x7d c:/program files/microchip/xc32/v4.35/bin/bin/../../lib/gcc/pic32c/8.3.1/../../../../pic32c/lib/thumb/v7e-m+fp/hard\libc-musl.a(memset.o)
 .debug_loc     0x000028ee       0x14 c:/program files/microchip/xc32/v4.35/bin/bin/../../lib/gcc/pic32c/8.3.1/../../../../pic32c/lib/thumb/v7e-m+fp/hard\libpic32c.a(pic32_data_init_copy.o)

.debug_aranges  0x00000000      0x848
 .debug_aranges
                0x00000000       0xc0 build/default/production/_ext/1894469536/MET_can_protocol.o
 .debug_aranges
                0x000000c0       0x40 build/default/production/_ext/1042908558/protocol.o
 .debug_aranges
                0x00000100       0x80 build/default/production/_ext/60163342/plib_adc0.o
 .debug_aranges
                0x00000180       0x80 build/default/production/_ext/60163342/plib_adc1.o
 .debug_aranges
                0x00000200       0xa0 build/default/production/_ext/60165182/plib_can0.o
 .debug_aranges
                0x000002a0       0x20 build/default/production/_ext/1984496892/plib_clock.o
 .debug_aranges
                0x000002c0       0x20 build/default/production/_ext/1986646378/plib_evsys.o
 .debug_aranges
                0x000002e0       0x38 build/default/production/_ext/1865468468/plib_nvic.o
 .debug_aranges
                0x00000318       0xb0 build/default/production/_ext/1593096446/plib_nvmctrl.o
 .debug_aranges
                0x000003c8       0x70 build/default/production/_ext/1865521619/plib_port.o
 .debug_aranges
                0x00000438       0xa0 build/default/production/_ext/60180175/plib_rtc_timer.o
 .debug_aranges
                0x000004d8       0x78 build/default/production/_ext/829342655/plib_tc0.o
 .debug_aranges
                0x00000550       0x20 build/default/production/_ext/1171490990/initialization.o
 .debug_aranges
                0x00000570       0x20 build/default/production/_ext/1171490990/interrupts.o
 .debug_aranges
                0x00000590       0x48 build/default/production/_ext/1171490990/exceptions.o
 .debug_aranges
                0x000005d8       0x28 build/default/production/_ext/1171490990/startup_xc32.o
 .debug_aranges
                0x00000600       0x30 build/default/production/_ext/31884679/generator.o
 .debug_aranges
                0x00000630       0x68 build/default/production/_ext/1020268407/gpio.o
 .debug_aranges
                0x00000698       0x58 build/default/production/_ext/1554269333/power.o
 .debug_aranges
                0x000006f0       0x28 build/default/production/_ext/1360937237/main.o
 .debug_aranges
                0x00000718       0x30 build/default/production/_ext/1332866790/buzzer.o
 .debug_aranges
                0x00000748       0x28 c:/program files/microchip/xc32/v4.35/bin/bin/../../lib/gcc/pic32c/8.3.1/../../../../pic32c/lib/thumb/v7e-m+fp/hard\libpic32c.a(data_init.o)
 .debug_aranges
                0x00000770       0x28 c:/program files/microchip/xc32/v4.35/bin/bin/../../lib/gcc/pic32c/8.3.1/../../../../pic32c/lib/thumb/v7e-m+fp/hard\libc-musl.a(__libc_start_main.o)
 .debug_aranges
                0x00000798       0x18 c:/program files/microchip/xc32/v4.35/bin/bin/../../lib/gcc/pic32c/8.3.1/../../../../pic32c/lib/thumb/v7e-m+fp/hard\libc-musl.a(libc.o)
 .debug_aranges
                0x000007b0       0x20 c:/program files/microchip/xc32/v4.35/bin/bin/../../lib/gcc/pic32c/8.3.1/../../../../pic32c/lib/thumb/v7e-m+fp/hard\libc-musl.a(memcpy.o)
 .debug_aranges
                0x000007d0       0x20 c:/program files/microchip/xc32/v4.35/bin/bin/../../lib/gcc/pic32c/8.3.1/../../../../pic32c/lib/thumb/v7e-m+fp/hard\libc-musl.a(memset.o)
 .debug_aranges
                0x000007f0       0x18 c:/program files/microchip/xc32/v4.35/bin/bin/../../lib/gcc/pic32c/8.3.1/../../../../pic32c/lib/thumb/v7e-m+fp/hard\libc-musl.a(__environ.o)
 .debug_aranges
                0x00000808       0x20 c:/program files/microchip/xc32/v4.35/bin/bin/../../lib/gcc/pic32c/8.3.1/../../../../pic32c/lib/thumb/v7e-m+fp/hard\libpic32c.a(pic32_data_init_clear.o)
 .debug_aranges
                0x00000828       0x20 c:/program files/microchip/xc32/v4.35/bin/bin/../../lib/gcc/pic32c/8.3.1/../../../../pic32c/lib/thumb/v7e-m+fp/hard\libpic32c.a(pic32_data_init_copy.o)

.debug_ranges   0x00000000      0x718
 .debug_ranges  0x00000000       0xe0 build/default/production/_ext/1894469536/MET_can_protocol.o
 .debug_ranges  0x000000e0       0x30 build/default/production/_ext/1042908558/protocol.o
 .debug_ranges  0x00000110       0x70 build/default/production/_ext/60163342/plib_adc0.o
 .debug_ranges  0x00000180       0x70 build/default/production/_ext/60163342/plib_adc1.o
 .debug_ranges  0x000001f0       0xb0 build/default/production/_ext/60165182/plib_can0.o
 .debug_ranges  0x000002a0       0x10 build/default/production/_ext/1984496892/plib_clock.o
 .debug_ranges  0x000002b0       0x10 build/default/production/_ext/1986646378/plib_evsys.o
 .debug_ranges  0x000002c0       0x28 build/default/production/_ext/1865468468/plib_nvic.o
 .debug_ranges  0x000002e8       0xa0 build/default/production/_ext/1593096446/plib_nvmctrl.o
 .debug_ranges  0x00000388       0x60 build/default/production/_ext/1865521619/plib_port.o
 .debug_ranges  0x000003e8       0x90 build/default/production/_ext/60180175/plib_rtc_timer.o
 .debug_ranges  0x00000478       0x68 build/default/production/_ext/829342655/plib_tc0.o
 .debug_ranges  0x000004e0       0x10 build/default/production/_ext/1171490990/initialization.o
 .debug_ranges  0x000004f0       0x10 build/default/production/_ext/1171490990/interrupts.o
 .debug_ranges  0x00000500       0x38 build/default/production/_ext/1171490990/exceptions.o
 .debug_ranges  0x00000538       0x18 build/default/production/_ext/1171490990/startup_xc32.o
 .debug_ranges  0x00000550       0x20 build/default/production/_ext/31884679/generator.o
 .debug_ranges  0x00000570       0x58 build/default/production/_ext/1020268407/gpio.o
 .debug_ranges  0x000005c8       0x80 build/default/production/_ext/1554269333/power.o
 .debug_ranges  0x00000648       0x18 build/default/production/_ext/1360937237/main.o
 .debug_ranges  0x00000660       0x20 build/default/production/_ext/1332866790/buzzer.o
 .debug_ranges  0x00000680       0x18 c:/program files/microchip/xc32/v4.35/bin/bin/../../lib/gcc/pic32c/8.3.1/../../../../pic32c/lib/thumb/v7e-m+fp/hard\libpic32c.a(data_init.o)
 .debug_ranges  0x00000698       0x40 c:/program files/microchip/xc32/v4.35/bin/bin/../../lib/gcc/pic32c/8.3.1/../../../../pic32c/lib/thumb/v7e-m+fp/hard\libc-musl.a(__libc_start_main.o)
 .debug_ranges  0x000006d8       0x10 c:/program files/microchip/xc32/v4.35/bin/bin/../../lib/gcc/pic32c/8.3.1/../../../../pic32c/lib/thumb/v7e-m+fp/hard\libc-musl.a(memcpy.o)
 .debug_ranges  0x000006e8       0x10 c:/program files/microchip/xc32/v4.35/bin/bin/../../lib/gcc/pic32c/8.3.1/../../../../pic32c/lib/thumb/v7e-m+fp/hard\libc-musl.a(memset.o)
 .debug_ranges  0x000006f8       0x10 c:/program files/microchip/xc32/v4.35/bin/bin/../../lib/gcc/pic32c/8.3.1/../../../../pic32c/lib/thumb/v7e-m+fp/hard\libpic32c.a(pic32_data_init_clear.o)
 .debug_ranges  0x00000708       0x10 c:/program files/microchip/xc32/v4.35/bin/bin/../../lib/gcc/pic32c/8.3.1/../../../../pic32c/lib/thumb/v7e-m+fp/hard\libpic32c.a(pic32_data_init_copy.o)

.debug_line     0x00000000     0x515e
 .debug_line    0x00000000      0xc41 build/default/production/_ext/1894469536/MET_can_protocol.o
 .debug_line    0x00000c41      0x22b build/default/production/_ext/1042908558/protocol.o
 .debug_line    0x00000e6c      0x34e build/default/production/_ext/60163342/plib_adc0.o
 .debug_line    0x000011ba      0x34e build/default/production/_ext/60163342/plib_adc1.o
 .debug_line    0x00001508      0x808 build/default/production/_ext/60165182/plib_can0.o
 .debug_line    0x00001d10      0x329 build/default/production/_ext/1984496892/plib_clock.o
 .debug_line    0x00002039       0x66 build/default/production/_ext/1986646378/plib_evsys.o
 .debug_line    0x0000209f      0x2f7 build/default/production/_ext/1865468468/plib_nvic.o
 .debug_line    0x00002396      0x430 build/default/production/_ext/1593096446/plib_nvmctrl.o
 .debug_line    0x000027c6      0x3f1 build/default/production/_ext/1865521619/plib_port.o
 .debug_line    0x00002bb7      0x39f build/default/production/_ext/60180175/plib_rtc_timer.o
 .debug_line    0x00002f56      0x339 build/default/production/_ext/829342655/plib_tc0.o
 .debug_line    0x0000328f      0x25b build/default/production/_ext/1171490990/initialization.o
 .debug_line    0x000034ea       0xba build/default/production/_ext/1171490990/interrupts.o
 .debug_line    0x000035a4       0xc6 build/default/production/_ext/1171490990/exceptions.o
 .debug_line    0x0000366a      0x26b build/default/production/_ext/1171490990/startup_xc32.o
 .debug_line    0x000038d5      0x19b build/default/production/_ext/31884679/generator.o
 .debug_line    0x00003a70      0x412 build/default/production/_ext/1020268407/gpio.o
 .debug_line    0x00003e82      0x5d8 build/default/production/_ext/1554269333/power.o
 .debug_line    0x0000445a      0x280 build/default/production/_ext/1360937237/main.o
 .debug_line    0x000046da      0x2b6 build/default/production/_ext/1332866790/buzzer.o
 .debug_line    0x00004990       0xec c:/program files/microchip/xc32/v4.35/bin/bin/../../lib/gcc/pic32c/8.3.1/../../../../pic32c/lib/thumb/v7e-m+fp/hard\libpic32c.a(data_init.o)
 .debug_line    0x00004a7c      0x1cd c:/program files/microchip/xc32/v4.35/bin/bin/../../lib/gcc/pic32c/8.3.1/../../../../pic32c/lib/thumb/v7e-m+fp/hard\libc-musl.a(__libc_start_main.o)
 .debug_line    0x00004c49       0xb8 c:/program files/microchip/xc32/v4.35/bin/bin/../../lib/gcc/pic32c/8.3.1/../../../../pic32c/lib/thumb/v7e-m+fp/hard\libc-musl.a(libc.o)
 .debug_line    0x00004d01       0xfc c:/program files/microchip/xc32/v4.35/bin/bin/../../lib/gcc/pic32c/8.3.1/../../../../pic32c/lib/thumb/v7e-m+fp/hard\libc-musl.a(memcpy.o)
 .debug_line    0x00004dfd       0xe6 c:/program files/microchip/xc32/v4.35/bin/bin/../../lib/gcc/pic32c/8.3.1/../../../../pic32c/lib/thumb/v7e-m+fp/hard\libc-musl.a(memset.o)
 .debug_line    0x00004ee3      0x101 c:/program files/microchip/xc32/v4.35/bin/bin/../../lib/gcc/pic32c/8.3.1/../../../../pic32c/lib/thumb/v7e-m+fp/hard\libc-musl.a(__environ.o)
 .debug_line    0x00004fe4       0xb9 c:/program files/microchip/xc32/v4.35/bin/bin/../../lib/gcc/pic32c/8.3.1/../../../../pic32c/lib/thumb/v7e-m+fp/hard\libpic32c.a(pic32_data_init_clear.o)
 .debug_line    0x0000509d       0xc1 c:/program files/microchip/xc32/v4.35/bin/bin/../../lib/gcc/pic32c/8.3.1/../../../../pic32c/lib/thumb/v7e-m+fp/hard\libpic32c.a(pic32_data_init_copy.o)

.debug_str      0x00000000      0x85d
 .debug_str     0x00000000       0xaf build/default/production/_ext/1894469536/MET_can_protocol.o
 .debug_str     0x000000af      0x151 build/default/production/_ext/1042908558/protocol.o
 .debug_str     0x00000200       0x19 build/default/production/_ext/60163342/plib_adc0.o
 .debug_str     0x00000219       0x19 build/default/production/_ext/60163342/plib_adc1.o
 .debug_str     0x00000232       0x88 build/default/production/_ext/60165182/plib_can0.o
 .debug_str     0x000002ba       0x1e build/default/production/_ext/1984496892/plib_clock.o
 .debug_str     0x000002d8        0x0 build/default/production/_ext/1986646378/plib_evsys.o
 .debug_str     0x000002d8        0xa build/default/production/_ext/1865468468/plib_nvic.o
 .debug_str     0x000002e2       0x1b build/default/production/_ext/1593096446/plib_nvmctrl.o
 .debug_str     0x000002fd        0xb build/default/production/_ext/1865521619/plib_port.o
 .debug_str     0x00000308      0x115 build/default/production/_ext/60180175/plib_rtc_timer.o
 .debug_str     0x0000041d       0xc6 build/default/production/_ext/829342655/plib_tc0.o
 .debug_str     0x000004e3       0xaa build/default/production/_ext/1171490990/initialization.o
 .debug_str     0x0000058d        0x0 build/default/production/_ext/1171490990/interrupts.o
 .debug_str     0x0000058d        0x0 build/default/production/_ext/1171490990/exceptions.o
 .debug_str     0x0000058d       0x2f build/default/production/_ext/1171490990/startup_xc32.o
 .debug_str     0x000005bc       0x1a build/default/production/_ext/31884679/generator.o
 .debug_str     0x000005d6       0x5d build/default/production/_ext/1020268407/gpio.o
 .debug_str     0x00000633       0xfb build/default/production/_ext/1554269333/power.o
 .debug_str     0x0000072e       0xe0 build/default/production/_ext/1360937237/main.o
 .debug_str     0x0000080e       0x4f build/default/production/_ext/1332866790/buzzer.o
 .debug_str     0x0000085d        0x0 c:/program files/microchip/xc32/v4.35/bin/bin/../../lib/gcc/pic32c/8.3.1/../../../../pic32c/lib/thumb/v7e-m+fp/hard\libpic32c.a(data_init.o)
 .debug_str     0x0000085d        0x0 c:/program files/microchip/xc32/v4.35/bin/bin/../../lib/gcc/pic32c/8.3.1/../../../../pic32c/lib/thumb/v7e-m+fp/hard\libc-musl.a(__libc_start_main.o)
 .debug_str     0x0000085d        0x0 c:/program files/microchip/xc32/v4.35/bin/bin/../../lib/gcc/pic32c/8.3.1/../../../../pic32c/lib/thumb/v7e-m+fp/hard\libc-musl.a(libc.o)
 .debug_str     0x0000085d        0x0 c:/program files/microchip/xc32/v4.35/bin/bin/../../lib/gcc/pic32c/8.3.1/../../../../pic32c/lib/thumb/v7e-m+fp/hard\libc-musl.a(memcpy.o)
 .debug_str     0x0000085d        0x0 c:/program files/microchip/xc32/v4.35/bin/bin/../../lib/gcc/pic32c/8.3.1/../../../../pic32c/lib/thumb/v7e-m+fp/hard\libc-musl.a(memset.o)
 .debug_str     0x0000085d        0x0 c:/program files/microchip/xc32/v4.35/bin/bin/../../lib/gcc/pic32c/8.3.1/../../../../pic32c/lib/thumb/v7e-m+fp/hard\libc-musl.a(__environ.o)
 .debug_str     0x0000085d        0x0 c:/program files/microchip/xc32/v4.35/bin/bin/../../lib/gcc/pic32c/8.3.1/../../../../pic32c/lib/thumb/v7e-m+fp/hard\libpic32c.a(pic32_data_init_clear.o)
 .debug_str     0x0000085d        0x0 c:/program files/microchip/xc32/v4.35/bin/bin/../../lib/gcc/pic32c/8.3.1/../../../../pic32c/lib/thumb/v7e-m+fp/hard\libpic32c.a(pic32_data_init_copy.o)

.debug_frame    0x00000000      0xf38
 .debug_frame   0x00000000      0x1d4 build/default/production/_ext/1894469536/MET_can_protocol.o
 .debug_frame   0x000001d4       0x88 build/default/production/_ext/1042908558/protocol.o
 .debug_frame   0x0000025c       0xe0 build/default/production/_ext/60163342/plib_adc0.o
 .debug_frame   0x0000033c       0xe0 build/default/production/_ext/60163342/plib_adc1.o
 .debug_frame   0x0000041c      0x194 build/default/production/_ext/60165182/plib_can0.o
 .debug_frame   0x000005b0       0x20 build/default/production/_ext/1984496892/plib_clock.o
 .debug_frame   0x000005d0       0x20 build/default/production/_ext/1986646378/plib_evsys.o
 .debug_frame   0x000005f0       0x50 build/default/production/_ext/1865468468/plib_nvic.o
 .debug_frame   0x00000640      0x170 build/default/production/_ext/1593096446/plib_nvmctrl.o
 .debug_frame   0x000007b0       0xd8 build/default/production/_ext/1865521619/plib_port.o
 .debug_frame   0x00000888      0x128 build/default/production/_ext/60180175/plib_rtc_timer.o
 .debug_frame   0x000009b0       0xd0 build/default/production/_ext/829342655/plib_tc0.o
 .debug_frame   0x00000a80       0x28 build/default/production/_ext/1171490990/initialization.o
 .debug_frame   0x00000aa8       0x20 build/default/production/_ext/1171490990/interrupts.o
 .debug_frame   0x00000ac8       0x70 build/default/production/_ext/1171490990/exceptions.o
 .debug_frame   0x00000b38       0x38 build/default/production/_ext/1171490990/startup_xc32.o
 .debug_frame   0x00000b70       0x48 build/default/production/_ext/31884679/generator.o
 .debug_frame   0x00000bb8       0xf4 build/default/production/_ext/1020268407/gpio.o
 .debug_frame   0x00000cac       0xec build/default/production/_ext/1554269333/power.o
 .debug_frame   0x00000d98       0x38 build/default/production/_ext/1360937237/main.o
 .debug_frame   0x00000dd0       0x5c build/default/production/_ext/1332866790/buzzer.o
 .debug_frame   0x00000e2c       0x3c c:/program files/microchip/xc32/v4.35/bin/bin/../../lib/gcc/pic32c/8.3.1/../../../../pic32c/lib/thumb/v7e-m+fp/hard\libpic32c.a(data_init.o)
 .debug_frame   0x00000e68       0x3c c:/program files/microchip/xc32/v4.35/bin/bin/../../lib/gcc/pic32c/8.3.1/../../../../pic32c/lib/thumb/v7e-m+fp/hard\libc-musl.a(__libc_start_main.o)
 .debug_frame   0x00000ea4       0x2c c:/program files/microchip/xc32/v4.35/bin/bin/../../lib/gcc/pic32c/8.3.1/../../../../pic32c/lib/thumb/v7e-m+fp/hard\libc-musl.a(memcpy.o)
 .debug_frame   0x00000ed0       0x20 c:/program files/microchip/xc32/v4.35/bin/bin/../../lib/gcc/pic32c/8.3.1/../../../../pic32c/lib/thumb/v7e-m+fp/hard\libc-musl.a(memset.o)
 .debug_frame   0x00000ef0       0x20 c:/program files/microchip/xc32/v4.35/bin/bin/../../lib/gcc/pic32c/8.3.1/../../../../pic32c/lib/thumb/v7e-m+fp/hard\libpic32c.a(pic32_data_init_clear.o)
 .debug_frame   0x00000f10       0x28 c:/program files/microchip/xc32/v4.35/bin/bin/../../lib/gcc/pic32c/8.3.1/../../../../pic32c/lib/thumb/v7e-m+fp/hard\libpic32c.a(pic32_data_init_copy.o)

.note.GNU-stack
                0x00000000        0x0
 .note.GNU-stack
                0x00000000        0x0 c:/program files/microchip/xc32/v4.35/bin/bin/../../lib/gcc/pic32c/8.3.1/../../../../pic32c/lib/thumb/v7e-m+fp/hard\libc-musl.a(__libc_start_main.o)
 .note.GNU-stack
                0x00000000        0x0 c:/program files/microchip/xc32/v4.35/bin/bin/../../lib/gcc/pic32c/8.3.1/../../../../pic32c/lib/thumb/v7e-m+fp/hard\libc-musl.a(libc.o)
 .note.GNU-stack
                0x00000000        0x0 c:/program files/microchip/xc32/v4.35/bin/bin/../../lib/gcc/pic32c/8.3.1/../../../../pic32c/lib/thumb/v7e-m+fp/hard\libc-musl.a(memcpy.o)
 .note.GNU-stack
                0x00000000        0x0 c:/program files/microchip/xc32/v4.35/bin/bin/../../lib/gcc/pic32c/8.3.1/../../../../pic32c/lib/thumb/v7e-m+fp/hard\libc-musl.a(memset.o)
 .note.GNU-stack
                0x00000000        0x0 c:/program files/microchip/xc32/v4.35/bin/bin/../../lib/gcc/pic32c/8.3.1/../../../../pic32c/lib/thumb/v7e-m+fp/hard\libc-musl.a(__environ.o)

.stack          0x20000e90      0x100
 .stack         0x20000e90      0x100 stack

.bss.MET_Protocol_Data_Struct%1
                0x20000010      0x980
 .bss.MET_Protocol_Data_Struct
                0x20000010      0x980 build/default/production/_ext/1894469536/MET_can_protocol.o

.bss.Can0MessageRAM%2
                0x200009a0      0x198
 .bss.Can0MessageRAM
                0x200009a0      0x198 build/default/production/_ext/1894469536/MET_can_protocol.o
                0x200009a0                Can0MessageRAM

.bss%3          0x20000b38       0x50
 .bss           0x20000b38       0x50 c:/program files/microchip/xc32/v4.35/bin/bin/../../lib/gcc/pic32c/8.3.1/../../../../pic32c/lib/thumb/v7e-m+fp/hard\libc-musl.a(libc.o)
                0x20000b38                __progname_full
                0x20000b38                program_invocation_name
                0x20000b3c                program_invocation_short_name
                0x20000b3c                __progname
                0x20000b40                __sysinfo
                0x20000b44                __hwcap
                0x20000b48                __libc

.bss.can0Obj%4  0x20000b88       0x28
 .bss.can0Obj   0x20000b88       0x28 build/default/production/_ext/60165182/plib_can0.o

.bss.can0RxMsg%5
                0x20000bb0       0x28
 .bss.can0RxMsg
                0x20000bb0       0x28 build/default/production/_ext/60165182/plib_can0.o

.bss.MET_Can_Protocol_RxTx_Struct%6
                0x20000bd8       0x20
 .bss.MET_Can_Protocol_RxTx_Struct
                0x20000bd8       0x20 build/default/production/_ext/1894469536/MET_can_protocol.o

.bss.can0CallbackObj%7
                0x20000bf8       0x20
 .bss.can0CallbackObj
                0x20000bf8       0x20 build/default/production/_ext/60165182/plib_can0.o

.bss%8          0x20000c18       0x1c
 .bss           0x20000c18       0x1c c:/program files/microchip/xc32/v4.35/bin/bin/../../lib/gcc/pic32c/8.3.1/thumb/v7e-m+fp/hard/crtbegin.o

.bss.rtcObj%9   0x20000990        0xc
 .bss.rtcObj    0x20000990        0xc build/default/production/_ext/60180175/plib_rtc_timer.o

.bss.timeout_timer%10
                0x2000099c        0x4
 .bss.timeout_timer
                0x2000099c        0x4 build/default/production/_ext/1042908558/protocol.o

.bss.test_step.8846%11
                0x20000c34        0x4
 .bss.test_step.8846
                0x20000c34        0x4 build/default/production/_ext/1020268407/gpio.o

.bss.buz_demo_fps%12
                0x20000c38        0x4
 .bss.buz_demo_fps
                0x20000c38        0x4 build/default/production/_ext/1332866790/buzzer.o

.bss.buz_demo_samples%13
                0x20000c3c        0x4
 .bss.buz_demo_samples
                0x20000c3c        0x4 build/default/production/_ext/1332866790/buzzer.o

.bss.buz_demo_seq%14
                0x20000c40        0x4
 .bss.buz_demo_seq
                0x20000c40        0x4 build/default/production/_ext/1332866790/buzzer.o

.bss%15         0x20000c44        0x4
 .bss           0x20000c44        0x4 c:/program files/microchip/xc32/v4.35/bin/bin/../../lib/gcc/pic32c/8.3.1/../../../../pic32c/lib/thumb/v7e-m+fp/hard\libpic32c.a(data_init.o)

.bss%16         0x20000c48        0x4
 .bss           0x20000c48        0x4 c:/program files/microchip/xc32/v4.35/bin/bin/../../lib/gcc/pic32c/8.3.1/../../../../pic32c/lib/thumb/v7e-m+fp/hard\libc-musl.a(__environ.o)
                0x20000c48                __environ
                0x20000c48                environ
                0x20000c48                ___environ
                0x20000c48                _environ

.bss.timer100ms%17
                0x20000c4c        0x2
 .bss.timer100ms
                0x20000c4c        0x2 build/default/production/_ext/1554269333/power.o

.bss.timer_keepalive%18
                0x20000c4e        0x2
 .bss.timer_keepalive
                0x20000c4e        0x2 build/default/production/_ext/1554269333/power.o

.bss.lastSequence.8929%19
                0x20000c50        0x1
 .bss.lastSequence.8929
                0x20000c50        0x1 build/default/production/_ext/1894469536/MET_can_protocol.o

.bss.msgFrameAttr0%20
                0x20000c51        0x1
 .bss.msgFrameAttr0
                0x20000c51        0x1 build/default/production/_ext/1894469536/MET_can_protocol.o
                0x20000c51                msgFrameAttr0

.bss.rxBootloaderErrorTrigger%21
                0x20000c52        0x1
 .bss.rxBootloaderErrorTrigger
                0x20000c52        0x1 build/default/production/_ext/1894469536/MET_can_protocol.o

.bss.rxBootloaderReceptionTrigger%22
                0x20000c53        0x1
 .bss.rxBootloaderReceptionTrigger
                0x20000c53        0x1 build/default/production/_ext/1894469536/MET_can_protocol.o

.bss.rxErrorTrigger%23
                0x20000c54        0x1
 .bss.rxErrorTrigger
                0x20000c54        0x1 build/default/production/_ext/1894469536/MET_can_protocol.o

.bss.rxReceptionTrigger%24
                0x20000c55        0x1
 .bss.rxReceptionTrigger
                0x20000c55        0x1 build/default/production/_ext/1894469536/MET_can_protocol.o

.bss.tmo_stat.8864%25
                0x20000c56        0x1
 .bss.tmo_stat.8864
                0x20000c56        0x1 build/default/production/_ext/1042908558/protocol.o

.bss.messageMarker.8206%26
                0x20000c57        0x1
 .bss.messageMarker.8206
                0x20000c57        0x1 build/default/production/_ext/60165182/plib_can0.o

.bss.Generator_HV_ON_status%27
                0x20000c58        0x1
 .bss.Generator_HV_ON_status
                0x20000c58        0x1 build/default/production/_ext/31884679/generator.o

.bss.uc_HV_ON_back%28
                0x20000c59        0x1
 .bss.uc_HV_ON_back
                0x20000c59        0x1 build/default/production/_ext/31884679/generator.o

.bss.burning_jumper_status%29
                0x20000c5a        0x1
 .bss.burning_jumper_status
                0x20000c5a        0x1 build/default/production/_ext/1020268407/gpio.o

.bss.burning_jumper_test%30
                0x20000c5b        0x1
 .bss.burning_jumper_test
                0x20000c5b        0x1 build/default/production/_ext/1020268407/gpio.o

.bss.batt1_level%31
                0x20000c5c        0x1
 .bss.batt1_level
                0x20000c5c        0x1 build/default/production/_ext/1554269333/power.o

.bss.batt2_level%32
                0x20000c5d        0x1
 .bss.batt2_level
                0x20000c5d        0x1 build/default/production/_ext/1554269333/power.o

.bss.power_lock%33
                0x20000c5e        0x1
 .bss.power_lock
                0x20000c5e        0x1 build/default/production/_ext/1554269333/power.o

.bss.power_off_workflow%34
                0x20000c5f        0x1
 .bss.power_off_workflow
                0x20000c5f        0x1 build/default/production/_ext/1554269333/power.o

.bss.power_status%35
                0x20000c60        0x1
 .bss.power_status
                0x20000c60        0x1 build/default/production/_ext/1554269333/power.o

.bss.powerdown_condition%36
                0x20000c61        0x1
 .bss.powerdown_condition
                0x20000c61        0x1 build/default/production/_ext/1554269333/power.o

.bss.poweron_button%37
                0x20000c62        0x1
 .bss.poweron_button
                0x20000c62        0x1 build/default/production/_ext/1554269333/power.o

.bss.request_soft_power_off%38
                0x20000c63        0x1
 .bss.request_soft_power_off
                0x20000c63        0x1 build/default/production/_ext/1554269333/power.o

.bss.timer_disable_button%39
                0x20000c64        0x1
 .bss.timer_disable_button
                0x20000c64        0x1 build/default/production/_ext/1554269333/power.o

.bss.timer_hs_power_button%40
                0x20000c65        0x1
 .bss.timer_hs_power_button
                0x20000c65        0x1 build/default/production/_ext/1554269333/power.o

.bss.timer_powerdown%41
                0x20000c66        0x1
 .bss.timer_powerdown
                0x20000c66        0x1 build/default/production/_ext/1554269333/power.o

.bss.timer_poweron_button%42
                0x20000c67        0x1
 .bss.timer_poweron_button
                0x20000c67        0x1 build/default/production/_ext/1554269333/power.o

.bss.timer_presence_led.8859%43
                0x20000c68        0x1
 .bss.timer_presence_led.8859
                0x20000c68        0x1 build/default/production/_ext/1554269333/power.o

.bss.timer_presence_led.8863%44
                0x20000c69        0x1
 .bss.timer_presence_led.8863
                0x20000c69        0x1 build/default/production/_ext/1554269333/power.o

.bss.timer_presence_led.8867%45
                0x20000c6a        0x1
 .bss.timer_presence_led.8867
                0x20000c6a        0x1 build/default/production/_ext/1554269333/power.o

.bss.timer_request_soft_power_off%46
                0x20000c6b        0x1
 .bss.timer_request_soft_power_off
                0x20000c6b        0x1 build/default/production/_ext/1554269333/power.o

.bss.trigger_time%47
                0x20000c6c        0x1
 .bss.trigger_time
                0x20000c6c        0x1 build/default/production/_ext/1360937237/main.o

.bss.buz_demo_current_pulse%48
                0x20000c6d        0x1
 .bss.buz_demo_current_pulse
                0x20000c6d        0x1 build/default/production/_ext/1332866790/buzzer.o

.bss.buz_demo_pulse_count%49
                0x20000c6e        0x1
 .bss.buz_demo_pulse_count
                0x20000c6e        0x1 build/default/production/_ext/1332866790/buzzer.o

.data.SmartEEPROM32%50
                0x20000c70        0x4
 .data.SmartEEPROM32
                0x20000c70        0x4 build/default/production/_ext/1894469536/MET_can_protocol.o
                0x20000c70                SmartEEPROM32

.data.timout_master%51
                0x20000c6f        0x1
 .data.timout_master
                0x20000c6f        0x1 build/default/production/_ext/1042908558/protocol.o

.eh_frame%z1    0x00000000        0x0
 .eh_frame      0x00000000        0x0 c:/program files/microchip/xc32/v4.35/bin/bin/../../lib/gcc/pic32c/8.3.1/thumb/v7e-m+fp/hard/crtbegin.o

.config_00804000.__config_00804000%52
                0x00804000        0x4
 .config_00804000.__config_00804000
                0x00804000        0x4 build/default/production/_ext/1171490990/initialization.o
                0x00804000                __config_00804000

.config_00804004.__config_00804004%53
                0x00804004        0x4
 .config_00804004.__config_00804004
                0x00804004        0x4 build/default/production/_ext/1171490990/initialization.o
                0x00804004                __config_00804004

.config_00804008.__config_00804008%54
                0x00804008        0x4
 .config_00804008.__config_00804008
                0x00804008        0x4 build/default/production/_ext/1171490990/initialization.o
                0x00804008                __config_00804008

.text.MET_Can_Protocol_Loop%55
                0x00002280      0x40c
 .text.MET_Can_Protocol_Loop
                0x00002280      0x40c build/default/production/_ext/1894469536/MET_can_protocol.o
                0x00002280                MET_Can_Protocol_Loop

.text.Power_1564us_Loop%56
                0x0000268c      0x394
 .text.Power_1564us_Loop
                0x0000268c      0x394 build/default/production/_ext/1554269333/power.o
                0x0000268c                Power_1564us_Loop

.text.CAN0_InterruptHandler%57
                0x00002a20      0x190
 .text.CAN0_InterruptHandler
                0x00002a20      0x190 build/default/production/_ext/60165182/plib_can0.o
                0x00002a20                CAN0_InterruptHandler

.text.CLOCK_Initialize%58
                0x00002bb0      0x160
 .text.CLOCK_Initialize
                0x00002bb0      0x160 build/default/production/_ext/1984496892/plib_clock.o
                0x00002bb0                CLOCK_Initialize

.dinit%59       0x00002d10      0x140
 .dinit         0x00002d10      0x140 data_init

.text.MET_Can_Protocol_Init%60
                0x00002e50      0x124
 .text.MET_Can_Protocol_Init
                0x00002e50      0x124 build/default/production/_ext/1894469536/MET_can_protocol.o
                0x00002e50                MET_Can_Protocol_Init

.text.buzzer_demo_sequence%61
                0x00002f74      0x108
 .text.buzzer_demo_sequence
                0x00002f74      0x108 build/default/production/_ext/1332866790/buzzer.o
                0x00002f74                buzzer_demo_sequence

.text.PORT_Initialize%62
                0x0000307c       0xec
 .text.PORT_Initialize
                0x0000307c       0xec build/default/production/_ext/1865521619/plib_port.o
                0x0000307c                PORT_Initialize

.text.ApplicationProtocolInit%63
                0x00003168       0xb4
 .text.ApplicationProtocolInit
                0x00003168       0xb4 build/default/production/_ext/1042908558/protocol.o
                0x00003168                ApplicationProtocolInit

.text.GpioLoop%64
                0x0000321c       0xb4
 .text.GpioLoop
                0x0000321c       0xb4 build/default/production/_ext/1020268407/gpio.o
                0x0000321c                GpioLoop

.text.manualRotationActivation%65
                0x000032d0       0xb0
 .text.manualRotationActivation
                0x000032d0       0xb0 build/default/production/_ext/1020268407/gpio.o
                0x000032d0                manualRotationActivation

.text.CAN0_MessageTransmit%66
                0x00003380       0xac
 .text.CAN0_MessageTransmit
                0x00003380       0xac build/default/production/_ext/60165182/plib_can0.o
                0x00003380                CAN0_MessageTransmit

.text.xrayManagement%67
                0x0000342c       0xac
 .text.xrayManagement
                0x0000342c       0xac build/default/production/_ext/1020268407/gpio.o
                0x0000342c                xrayManagement

.text.CAN0_MessageRAMConfigSet%68
                0x000034d8       0xa0
 .text.CAN0_MessageRAMConfigSet
                0x000034d8       0xa0 build/default/production/_ext/60165182/plib_can0.o
                0x000034d8                CAN0_MessageRAMConfigSet

.text.burningManagement%69
                0x00003578       0x9c
 .text.burningManagement
                0x00003578       0x9c build/default/production/_ext/1020268407/gpio.o
                0x00003578                burningManagement

.text.Reset_Handler%70
                0x00003614       0x90
 .text.Reset_Handler
                0x00003614       0x90 build/default/production/_ext/1171490990/startup_xc32.o
                0x00003614                Reset_Handler

.text.initPowerOff%71
                0x000036a4       0x8c
 .text.initPowerOff
                0x000036a4       0x8c build/default/production/_ext/1554269333/power.o

.text.CAN0_Initialize%72
                0x00003730       0x88
 .text.CAN0_Initialize
                0x00003730       0x88 build/default/production/_ext/60165182/plib_can0.o
                0x00003730                CAN0_Initialize

.text.main%73   0x000037b8       0x84
 .text.main     0x000037b8       0x84 build/default/production/_ext/1360937237/main.o
                0x000037b8                main

.text.motorPowerManagement%74
                0x0000383c       0x6c
 .text.motorPowerManagement
                0x0000383c       0x6c build/default/production/_ext/1020268407/gpio.o
                0x0000383c                motorPowerManagement

.text.compressorManagement%75
                0x000038a8       0x6c
 .text.compressorManagement
                0x000038a8       0x6c build/default/production/_ext/1020268407/gpio.o
                0x000038a8                compressorManagement

.text.Buzzer728msLoop%76
                0x00003914       0x6c
 .text.Buzzer728msLoop
                0x00003914       0x6c build/default/production/_ext/1332866790/buzzer.o
                0x00003914                Buzzer728msLoop

.text.ADC0_Initialize%77
                0x00003980       0x5c
 .text.ADC0_Initialize
                0x00003980       0x5c build/default/production/_ext/60163342/plib_adc0.o
                0x00003980                ADC0_Initialize

.text.ADC1_Initialize%78
                0x000039dc       0x5c
 .text.ADC1_Initialize
                0x000039dc       0x5c build/default/production/_ext/60163342/plib_adc1.o
                0x000039dc                ADC1_Initialize

.text.__libc_start_init%79
                0x00003a38       0x5c
 .text.__libc_start_init
                0x00003a38       0x5c c:/program files/microchip/xc32/v4.35/bin/bin/../../lib/gcc/pic32c/8.3.1/../../../../pic32c/lib/thumb/v7e-m+fp/hard\libc-musl.a(__libc_start_main.o)
                0x00003a38                __libc_init_array

.text.MET_Can_AppRestartCallback%80
                0x00003a94       0x58
 .text.MET_Can_AppRestartCallback
                0x00003a94       0x58 build/default/production/_ext/1894469536/MET_can_protocol.o

.text.Protocol_7280_us_callback%81
                0x00003aec       0x58
 .text.Protocol_7280_us_callback
                0x00003aec       0x58 build/default/production/_ext/1042908558/protocol.o
                0x00003aec                Protocol_7280_us_callback

.text.pedalboardActivation%82
                0x00003b44       0x54
 .text.pedalboardActivation
                0x00003b44       0x54 build/default/production/_ext/1020268407/gpio.o
                0x00003b44                pedalboardActivation

.text.ApplicationProtocolCommandHandler%83
                0x00003b98       0x52
 .text.ApplicationProtocolCommandHandler
                0x00003b98       0x52 build/default/production/_ext/1042908558/protocol.o

.text.GeneratorLoop%84
                0x00003bec       0x50
 .text.GeneratorLoop
                0x00003bec       0x50 build/default/production/_ext/31884679/generator.o
                0x00003bec                GeneratorLoop

.text.CAN0_MessageReceive%85
                0x00003c3c       0x4c
 .text.CAN0_MessageReceive
                0x00003c3c       0x4c build/default/production/_ext/60165182/plib_can0.o
                0x00003c3c                CAN0_MessageReceive

.text.PowerModule_requestSoftPowerOff%86
                0x00003c88       0x4c
 .text.PowerModule_requestSoftPowerOff
                0x00003c88       0x4c build/default/production/_ext/1554269333/power.o
                0x00003c88                PowerModule_requestSoftPowerOff

.text.__pic32c_data_initialization%87
                0x00003cd4       0x4c
 .text.__pic32c_data_initialization
                0x00003cd4       0x4c c:/program files/microchip/xc32/v4.35/bin/bin/../../lib/gcc/pic32c/8.3.1/../../../../pic32c/lib/thumb/v7e-m+fp/hard\libpic32c.a(data_init.o)
                0x00003cd4                __pic32c_data_initialization

.text.RTC_Initialize%88
                0x00003d20       0x44
 .text.RTC_Initialize
                0x00003d20       0x44 build/default/production/_ext/60180175/plib_rtc_timer.o
                0x00003d20                RTC_Initialize

.text.BuzzerDemoInit%89
                0x00003d64       0x44
 .text.BuzzerDemoInit
                0x00003d64       0x44 build/default/production/_ext/1332866790/buzzer.o
                0x00003d64                BuzzerDemoInit

.text%90        0x00003da8       0x40
 .text          0x00003da8       0x40 c:/program files/microchip/xc32/v4.35/bin/bin/../../lib/gcc/pic32c/8.3.1/thumb/v7e-m+fp/hard/crtbegin.o

.text.MET_Can_Protocol_SetDefaultParameter%91
                0x00003de8       0x40
 .text.MET_Can_Protocol_SetDefaultParameter
                0x00003de8       0x40 build/default/production/_ext/1894469536/MET_can_protocol.o
                0x00003de8                MET_Can_Protocol_SetDefaultParameter

.text.CAN0_ErrorGet%92
                0x00003e28       0x40
 .text.CAN0_ErrorGet
                0x00003e28       0x40 build/default/production/_ext/60165182/plib_can0.o
                0x00003e28                CAN0_ErrorGet

.text.NVIC_Initialize%93
                0x00003e68       0x40
 .text.NVIC_Initialize
                0x00003e68       0x40 build/default/production/_ext/1865468468/plib_nvic.o
                0x00003e68                NVIC_Initialize

.text.PowerModule_abortSoftPowerOff%94
                0x00003ea8       0x40
 .text.PowerModule_abortSoftPowerOff
                0x00003ea8       0x40 build/default/production/_ext/1554269333/power.o
                0x00003ea8                PowerModule_abortSoftPowerOff

.text.MET_Can_Protocol_Reception_Trigger%95
                0x00003ee8       0x38
 .text.MET_Can_Protocol_Reception_Trigger
                0x00003ee8       0x38 build/default/production/_ext/1894469536/MET_can_protocol.o

.text.MET_Can_Protocol_Reception_Callback%96
                0x00003f20       0x38
 .text.MET_Can_Protocol_Reception_Callback
                0x00003f20       0x38 build/default/production/_ext/1894469536/MET_can_protocol.o

.text.MET_Can_Protocol_SetStatusBit%97
                0x00003f58       0x38
 .text.MET_Can_Protocol_SetStatusBit
                0x00003f58       0x38 build/default/production/_ext/1894469536/MET_can_protocol.o
                0x00003f58                MET_Can_Protocol_SetStatusBit

.text.rtcEventHandler%98
                0x00003f90       0x38
 .text.rtcEventHandler
                0x00003f90       0x38 build/default/production/_ext/1360937237/main.o

.text.PowerInit%99
                0x00003fc8       0x34
 .text.PowerInit
                0x00003fc8       0x34 build/default/production/_ext/1554269333/power.o
                0x00003fc8                PowerInit

.text.MET_Can_Protocol_TestData%100
                0x00003ffc       0x30
 .text.MET_Can_Protocol_TestData
                0x00003ffc       0x30 build/default/production/_ext/1894469536/MET_can_protocol.o
                0x00003ffc                MET_Can_Protocol_TestData

.text.TC0_CompareInitialize%101
                0x0000402c       0x30
 .text.TC0_CompareInitialize
                0x0000402c       0x30 build/default/production/_ext/829342655/plib_tc0.o
                0x0000402c                TC0_CompareInitialize

.text.SYS_Initialize%102
                0x0000405c       0x2c
 .text.SYS_Initialize
                0x0000405c       0x2c build/default/production/_ext/1171490990/initialization.o
                0x0000405c                SYS_Initialize

.text.MET_Can_Protocol_GetParameter%103
                0x00004088       0x28
 .text.MET_Can_Protocol_GetParameter
                0x00004088       0x28 build/default/production/_ext/1894469536/MET_can_protocol.o
                0x00004088                MET_Can_Protocol_GetParameter

.text.RTC_InterruptHandler%104
                0x000040b0       0x28
 .text.RTC_InterruptHandler
                0x000040b0       0x28 build/default/production/_ext/60180175/plib_rtc_timer.o
                0x000040b0                RTC_InterruptHandler

.text.presenceLED_200ms_blink%105
                0x000040d8       0x28
 .text.presenceLED_200ms_blink
                0x000040d8       0x28 build/default/production/_ext/1554269333/power.o

.text.presenceLED_400ms_blink%106
                0x00004100       0x28
 .text.presenceLED_400ms_blink
                0x00004100       0x28 build/default/production/_ext/1554269333/power.o

.text.MET_Can_Protocol_SetStatusReg%107
                0x00004128       0x20
 .text.MET_Can_Protocol_SetStatusReg
                0x00004128       0x20 build/default/production/_ext/1894469536/MET_can_protocol.o
                0x00004128                MET_Can_Protocol_SetStatusReg

.text.__dinit_copy%108
                0x00004148       0x1e
 .text.__dinit_copy
                0x00004148       0x1e c:/program files/microchip/xc32/v4.35/bin/bin/../../lib/gcc/pic32c/8.3.1/../../../../pic32c/lib/thumb/v7e-m+fp/hard\libpic32c.a(pic32_data_init_copy.o)
                0x00004148                __dinit_copy_needed
                0x00004148                __dinit_copy

.text.CAN0_RxCallbackRegister%109
                0x00004168       0x1c
 .text.CAN0_RxCallbackRegister
                0x00004168       0x1c build/default/production/_ext/60165182/plib_can0.o
                0x00004168                CAN0_RxCallbackRegister

.text.isRunningMode%110
                0x00004184       0x1c
 .text.isRunningMode
                0x00004184       0x1c build/default/production/_ext/1020268407/gpio.o
                0x00004184                isRunningMode

.text.memcpy%111
                0x000041a0       0x1c
 .text.memcpy   0x000041a0       0x1c c:/program files/microchip/xc32/v4.35/bin/bin/../../lib/gcc/pic32c/8.3.1/../../../../pic32c/lib/thumb/v7e-m+fp/hard\libc-musl.a(memcpy.o)
                0x000041a0                memcpy

.text.ADC0_Enable%112
                0x000041bc       0x18
 .text.ADC0_Enable
                0x000041bc       0x18 build/default/production/_ext/60163342/plib_adc0.o
                0x000041bc                ADC0_Enable

.text.ADC0_ConversionStart%113
                0x000041d4       0x18
 .text.ADC0_ConversionStart
                0x000041d4       0x18 build/default/production/_ext/60163342/plib_adc0.o
                0x000041d4                ADC0_ConversionStart

.text.ADC1_Enable%114
                0x000041ec       0x18
 .text.ADC1_Enable
                0x000041ec       0x18 build/default/production/_ext/60163342/plib_adc1.o
                0x000041ec                ADC1_Enable

.text.ADC1_ConversionStart%115
                0x00004204       0x18
 .text.ADC1_ConversionStart
                0x00004204       0x18 build/default/production/_ext/60163342/plib_adc1.o
                0x00004204                ADC1_ConversionStart

.text.RTC_Timer32Start%116
                0x0000421c       0x18
 .text.RTC_Timer32Start
                0x0000421c       0x18 build/default/production/_ext/60180175/plib_rtc_timer.o
                0x0000421c                RTC_Timer32Start

.text.GpioInit%117
                0x00004234       0x18
 .text.GpioInit
                0x00004234       0x18 build/default/production/_ext/1020268407/gpio.o
                0x00004234                GpioInit

.text.MET_Can_Protocol_returnCommandExecuting%118
                0x0000424c       0x14
 .text.MET_Can_Protocol_returnCommandExecuting
                0x0000424c       0x14 build/default/production/_ext/1894469536/MET_can_protocol.o
                0x0000424c                MET_Can_Protocol_returnCommandExecuting

.text.MET_Can_Protocol_returnCommandExecuted%119
                0x00004260       0x14
 .text.MET_Can_Protocol_returnCommandExecuted
                0x00004260       0x14 build/default/production/_ext/1894469536/MET_can_protocol.o
                0x00004260                MET_Can_Protocol_returnCommandExecuted

.rodata%120     0x00004274       0x14
 .rodata        0x00004274       0x14 c:/program files/microchip/xc32/v4.35/bin/bin/../../lib/gcc/pic32c/8.3.1/../../../../pic32c/lib/thumb/v7e-m+fp/hard\libpic32c.a(data_init.o)

.text.memset%121
                0x00004288       0x14
 .text.memset   0x00004288       0x14 c:/program files/microchip/xc32/v4.35/bin/bin/../../lib/gcc/pic32c/8.3.1/../../../../pic32c/lib/thumb/v7e-m+fp/hard\libc-musl.a(memset.o)
                0x00004288                memset

.text.__dinit_clear%122
                0x0000429c       0x12
 .text.__dinit_clear
                0x0000429c       0x12 c:/program files/microchip/xc32/v4.35/bin/bin/../../lib/gcc/pic32c/8.3.1/../../../../pic32c/lib/thumb/v7e-m+fp/hard\libpic32c.a(pic32_data_init_clear.o)
                0x0000429c                __dinit_clear
                0x0000429c                __dinit_clear_needed

.text.MET_Can_Protocol_returnCommandError%123
                0x000042b0       0x10
 .text.MET_Can_Protocol_returnCommandError
                0x000042b0       0x10 build/default/production/_ext/1894469536/MET_can_protocol.o
                0x000042b0                MET_Can_Protocol_returnCommandError

.text.MET_Can_Protocol_returnCommandAborted%124
                0x000042c0       0x10
 .text.MET_Can_Protocol_returnCommandAborted
                0x000042c0       0x10 build/default/production/_ext/1894469536/MET_can_protocol.o
                0x000042c0                MET_Can_Protocol_returnCommandAborted

.text.CAN0_TxCallbackRegister%125
                0x000042d0       0x10
 .text.CAN0_TxCallbackRegister
                0x000042d0       0x10 build/default/production/_ext/60165182/plib_can0.o
                0x000042d0                CAN0_TxCallbackRegister

.rodata%126     0x000042e0       0x10
 .rodata        0x000042e0       0x10 build/default/production/_ext/60165182/plib_can0.o

.text.NVMCTRL_Initialize%127
                0x000042f0       0x10
 .text.NVMCTRL_Initialize
                0x000042f0       0x10 build/default/production/_ext/1593096446/plib_nvmctrl.o
                0x000042f0                NVMCTRL_Initialize

.text.NVMCTRL_SmartEEPROM_IsBusy%128
                0x00004300       0x10
 .text.NVMCTRL_SmartEEPROM_IsBusy
                0x00004300       0x10 build/default/production/_ext/1593096446/plib_nvmctrl.o
                0x00004300                NVMCTRL_SmartEEPROM_IsBusy

.text.GeneratorInit%129
                0x00004310       0x10
 .text.GeneratorInit
                0x00004310       0x10 build/default/production/_ext/31884679/generator.o
                0x00004310                GeneratorInit

.text.timeoutMasterCommunication%130
                0x00004320        0xc
 .text.timeoutMasterCommunication
                0x00004320        0xc build/default/production/_ext/1042908558/protocol.o
                0x00004320                timeoutMasterCommunication

.text.ADC0_ConversionResultGet%131
                0x0000432c        0xc
 .text.ADC0_ConversionResultGet
                0x0000432c        0xc build/default/production/_ext/60163342/plib_adc0.o
                0x0000432c                ADC0_ConversionResultGet

.text.ADC1_ConversionResultGet%132
                0x00004338        0xc
 .text.ADC1_ConversionResultGet
                0x00004338        0xc build/default/production/_ext/60163342/plib_adc1.o
                0x00004338                ADC1_ConversionResultGet

.text.RTC_Timer32CallbackRegister%133
                0x00004344        0xc
 .text.RTC_Timer32CallbackRegister
                0x00004344        0xc build/default/production/_ext/60180175/plib_rtc_timer.o
                0x00004344                RTC_Timer32CallbackRegister

.text.isPowerOn%134
                0x00004350        0xc
 .text.isPowerOn
                0x00004350        0xc build/default/production/_ext/1554269333/power.o
                0x00004350                isPowerOn

.text.ApplicationProtocolLoop%135
                0x0000435c        0x8
 .text.ApplicationProtocolLoop
                0x0000435c        0x8 build/default/production/_ext/1042908558/protocol.o
                0x0000435c                ApplicationProtocolLoop

.rodata.can0StdFilter%136
                0x00004364        0x8
 .rodata.can0StdFilter
                0x00004364        0x8 build/default/production/_ext/60165182/plib_can0.o

.text.__dummy_decompress%137
                0x0000436c        0x4
 .text.__dummy_decompress
                0x0000436c        0x4 c:/program files/microchip/xc32/v4.35/bin/bin/../../lib/gcc/pic32c/8.3.1/../../../../pic32c/lib/thumb/v7e-m+fp/hard\libpic32c.a(data_init.o)
                0x0000436c                __dinit_decompress
                0x0000436c                __dinit_copy_val_data
                0x0000436c                __dinit_copy_emb

.text.EVSYS_Initialize%138
                0x00003bea        0x2
 .text.EVSYS_Initialize
                0x00003bea        0x2 build/default/production/_ext/1986646378/plib_evsys.o
                0x00003bea                EVSYS_Initialize

.text.Dummy_Handler%139
                0x00004166        0x2
 .text.Dummy_Handler
                0x00004166        0x2 build/default/production/_ext/1171490990/interrupts.o
                0x00004166                EIC_EXTINT_9_Handler
                0x00004166                TCC0_MC5_Handler
                0x00004166                SVCall_Handler
                0x00004166                SERCOM0_2_Handler
                0x00004166                USB_SOF_HSOF_Handler
                0x00004166                TCC4_OTHER_Handler
                0x00004166                TCC2_MC2_Handler
                0x00004166                EVSYS_0_Handler
                0x00004166                TRNG_Handler
                0x00004166                TC2_Handler
                0x00004166                USB_TRCPT0_Handler
                0x00004166                DAC_OTHER_Handler
                0x00004166                AC_Handler
                0x00004166                DAC_EMPTY_0_Handler
                0x00004166                DMAC_OTHER_Handler
                0x00004166                EIC_EXTINT_5_Handler
                0x00004166                SERCOM3_1_Handler
                0x00004166                SysTick_Handler
                0x00004166                SERCOM4_OTHER_Handler
                0x00004166                SERCOM3_2_Handler
                0x00004166                EIC_EXTINT_6_Handler
                0x00004166                PendSV_Handler
                0x00004166                TCC4_MC0_Handler
                0x00004166                EVSYS_3_Handler
                0x00004166                QSPI_Handler
                0x00004166                TCC2_MC0_Handler
                0x00004166                PDEC_OTHER_Handler
                0x00004166                TCC3_MC0_Handler
                0x00004166                PDEC_MC1_Handler
                0x00004166                TCC2_MC1_Handler
                0x00004166                OSCCTRL_XOSC1_Handler
                0x00004166                PDEC_MC0_Handler
                0x00004166                EIC_EXTINT_4_Handler
                0x00004166                EIC_EXTINT_7_Handler
                0x00004166                SERCOM0_OTHER_Handler
                0x00004166                EVSYS_OTHER_Handler
                0x00004166                SERCOM0_0_Handler
                0x00004166                SERCOM4_0_Handler
                0x00004166                TCC1_MC0_Handler
                0x00004166                SERCOM1_OTHER_Handler
                0x00004166                TCC2_OTHER_Handler
                0x00004166                EIC_EXTINT_11_Handler
                0x00004166                SUPC_BODDET_Handler
                0x00004166                EIC_EXTINT_14_Handler
                0x00004166                OSC32KCTRL_Handler
                0x00004166                EVSYS_1_Handler
                0x00004166                TCC4_MC1_Handler
                0x00004166                DMAC_0_Handler
                0x00004166                SUPC_OTHER_Handler
                0x00004166                WDT_Handler
                0x00004166                EIC_EXTINT_15_Handler
                0x00004166                EIC_EXTINT_1_Handler
                0x00004166                TCC3_MC1_Handler
                0x00004166                SERCOM5_0_Handler
                0x00004166                TC4_Handler
                0x00004166                TC1_Handler
                0x00004166                TCC1_MC1_Handler
                0x00004166                EIC_EXTINT_0_Handler
                0x00004166                TCC1_OTHER_Handler
                0x00004166                PAC_Handler
                0x00004166                SERCOM4_1_Handler
                0x00004166                TC3_Handler
                0x00004166                Dummy_Handler
                0x00004166                DAC_RESRDY_0_Handler
                0x00004166                SERCOM5_1_Handler
                0x00004166                DMAC_2_Handler
                0x00004166                TCC0_MC4_Handler
                0x00004166                USB_TRCPT1_Handler
                0x00004166                SERCOM0_1_Handler
                0x00004166                TCC0_MC3_Handler
                0x00004166                EIC_EXTINT_12_Handler
                0x00004166                OSCCTRL_DPLL0_Handler
                0x00004166                SERCOM5_OTHER_Handler
                0x00004166                PM_Handler
                0x00004166                OSCCTRL_DFLL_Handler
                0x00004166                DAC_RESRDY_1_Handler
                0x00004166                DMAC_1_Handler
                0x00004166                USB_OTHER_Handler
                0x00004166                CAN1_Handler
                0x00004166                TCC0_OTHER_Handler
                0x00004166                EIC_EXTINT_10_Handler
                0x00004166                TCC1_MC3_Handler
                0x00004166                OSCCTRL_XOSC0_Handler
                0x00004166                TCC0_MC0_Handler
                0x00004166                EIC_EXTINT_2_Handler
                0x00004166                SDHC0_Handler
                0x00004166                SERCOM1_1_Handler
                0x00004166                I2S_Handler
                0x00004166                PCC_Handler
                0x00004166                TCC3_OTHER_Handler
                0x00004166                EIC_EXTINT_13_Handler
                0x00004166                SERCOM1_0_Handler
                0x00004166                PUKCC_Handler
                0x00004166                SERCOM2_1_Handler
                0x00004166                SERCOM1_2_Handler
                0x00004166                SERCOM3_0_Handler
                0x00004166                SERCOM4_2_Handler
                0x00004166                TCC1_MC2_Handler
                0x00004166                ADC1_RESRDY_Handler
                0x00004166                NVMCTRL_1_Handler
                0x00004166                SERCOM5_2_Handler
                0x00004166                SERCOM2_2_Handler
                0x00004166                DAC_EMPTY_1_Handler
                0x00004166                ADC1_OTHER_Handler
                0x00004166                OSCCTRL_DPLL1_Handler
                0x00004166                EIC_EXTINT_3_Handler
                0x00004166                SERCOM3_OTHER_Handler
                0x00004166                EIC_EXTINT_8_Handler
                0x00004166                NVMCTRL_0_Handler
                0x00004166                ADC0_RESRDY_Handler
                0x00004166                ADC0_OTHER_Handler
                0x00004166                MCLK_Handler
                0x00004166                EVSYS_2_Handler
                0x00004166                SERCOM2_OTHER_Handler
                0x00004166                FREQM_Handler
                0x00004166                TC0_Handler
                0x00004166                TCC0_MC1_Handler
                0x00004166                DMAC_3_Handler
                0x00004166                RAMECC_Handler
                0x00004166                TC5_Handler
                0x00004166                SERCOM2_0_Handler
                0x00004166                AES_Handler
                0x00004166                ICM_Handler
                0x00004166                TCC0_MC2_Handler

.text.NonMaskableInt_Handler%140
                0x000042ae        0x2
 .text.NonMaskableInt_Handler
                0x000042ae        0x2 build/default/production/_ext/1171490990/exceptions.o
                0x000042ae                NonMaskableInt_Handler

.text.HardFault_Handler%141
                0x00004370        0x2
 .text.HardFault_Handler
                0x00004370        0x2 build/default/production/_ext/1171490990/exceptions.o
                0x00004370                HardFault_Handler

.text.DebugMonitor_Handler%142
                0x00004372        0x2
 .text.DebugMonitor_Handler
                0x00004372        0x2 build/default/production/_ext/1171490990/exceptions.o
                0x00004372                DebugMonitor_Handler

.text.MemoryManagement_Handler%143
                0x00004374        0x2
 .text.MemoryManagement_Handler
                0x00004374        0x2 build/default/production/_ext/1171490990/exceptions.o
                0x00004374                MemoryManagement_Handler

.text.BusFault_Handler%144
                0x00004376        0x2
 .text.BusFault_Handler
                0x00004376        0x2 build/default/production/_ext/1171490990/exceptions.o
                0x00004376                BusFault_Handler

.text.UsageFault_Handler%145
                0x00004378        0x2
 .text.UsageFault_Handler
                0x00004378        0x2 build/default/production/_ext/1171490990/exceptions.o
                0x00004378                UsageFault_Handler

.text.Dummy_App_Func%146
                0x0000437a        0x2
 .text.Dummy_App_Func
                0x0000437a        0x2 build/default/production/_ext/1171490990/startup_xc32.o
                0x0000437a                _on_reset
                0x0000437a                _on_bootstrap
                0x0000437a                __xc32_on_reset
                0x0000437a                Dummy_App_Func
                0x0000437a                __xc32_on_bootstrap

.text.__dummy%147
                0x0000437c        0x2
 .text.__dummy  0x0000437c        0x2 c:/program files/microchip/xc32/v4.35/bin/bin/../../lib/gcc/pic32c/8.3.1/../../../../pic32c/lib/thumb/v7e-m+fp/hard\libc-musl.a(__libc_start_main.o)
                0x0000437c                __init_stdio
                0x0000437c                __init_host
